Archive member included to satisfy reference by file (symbol)

c:/program files (x86)/atmel/studio/7.0/toolchain/avr8/avr8-gnu-toolchain/bin/../lib/gcc/avr/4.9.2/../../../../avr/lib/avr5\libm.a(addsf3.o)
                              hdc1050/hdc1050.o (__subsf3)
c:/program files (x86)/atmel/studio/7.0/toolchain/avr8/avr8-gnu-toolchain/bin/../lib/gcc/avr/4.9.2/../../../../avr/lib/avr5\libm.a(addsf3x.o)
                              c:/program files (x86)/atmel/studio/7.0/toolchain/avr8/avr8-gnu-toolchain/bin/../lib/gcc/avr/4.9.2/../../../../avr/lib/avr5\libm.a(addsf3.o) (__addsf3x)
c:/program files (x86)/atmel/studio/7.0/toolchain/avr8/avr8-gnu-toolchain/bin/../lib/gcc/avr/4.9.2/../../../../avr/lib/avr5\libm.a(divsf3.o)
                              hdc1050/hdc1050.o (__divsf3)
c:/program files (x86)/atmel/studio/7.0/toolchain/avr8/avr8-gnu-toolchain/bin/../lib/gcc/avr/4.9.2/../../../../avr/lib/avr5\libm.a(divsf3x.o)
                              c:/program files (x86)/atmel/studio/7.0/toolchain/avr8/avr8-gnu-toolchain/bin/../lib/gcc/avr/4.9.2/../../../../avr/lib/avr5\libm.a(divsf3.o) (__divsf3x)
c:/program files (x86)/atmel/studio/7.0/toolchain/avr8/avr8-gnu-toolchain/bin/../lib/gcc/avr/4.9.2/../../../../avr/lib/avr5\libm.a(fixunssfsi.o)
                              hdc1050/hdc1050.o (__fixunssfsi)
c:/program files (x86)/atmel/studio/7.0/toolchain/avr8/avr8-gnu-toolchain/bin/../lib/gcc/avr/4.9.2/../../../../avr/lib/avr5\libm.a(floatsisf.o)
                              hdc1050/hdc1050.o (__floatunsisf)
c:/program files (x86)/atmel/studio/7.0/toolchain/avr8/avr8-gnu-toolchain/bin/../lib/gcc/avr/4.9.2/../../../../avr/lib/avr5\libm.a(fp_inf.o)
                              c:/program files (x86)/atmel/studio/7.0/toolchain/avr8/avr8-gnu-toolchain/bin/../lib/gcc/avr/4.9.2/../../../../avr/lib/avr5\libm.a(addsf3x.o) (__fp_inf)
c:/program files (x86)/atmel/studio/7.0/toolchain/avr8/avr8-gnu-toolchain/bin/../lib/gcc/avr/4.9.2/../../../../avr/lib/avr5\libm.a(fp_nan.o)
                              c:/program files (x86)/atmel/studio/7.0/toolchain/avr8/avr8-gnu-toolchain/bin/../lib/gcc/avr/4.9.2/../../../../avr/lib/avr5\libm.a(addsf3x.o) (__fp_nan)
c:/program files (x86)/atmel/studio/7.0/toolchain/avr8/avr8-gnu-toolchain/bin/../lib/gcc/avr/4.9.2/../../../../avr/lib/avr5\libm.a(fp_pscA.o)
                              c:/program files (x86)/atmel/studio/7.0/toolchain/avr8/avr8-gnu-toolchain/bin/../lib/gcc/avr/4.9.2/../../../../avr/lib/avr5\libm.a(addsf3x.o) (__fp_pscA)
c:/program files (x86)/atmel/studio/7.0/toolchain/avr8/avr8-gnu-toolchain/bin/../lib/gcc/avr/4.9.2/../../../../avr/lib/avr5\libm.a(fp_pscB.o)
                              c:/program files (x86)/atmel/studio/7.0/toolchain/avr8/avr8-gnu-toolchain/bin/../lib/gcc/avr/4.9.2/../../../../avr/lib/avr5\libm.a(addsf3x.o) (__fp_pscB)
c:/program files (x86)/atmel/studio/7.0/toolchain/avr8/avr8-gnu-toolchain/bin/../lib/gcc/avr/4.9.2/../../../../avr/lib/avr5\libm.a(fp_round.o)
                              c:/program files (x86)/atmel/studio/7.0/toolchain/avr8/avr8-gnu-toolchain/bin/../lib/gcc/avr/4.9.2/../../../../avr/lib/avr5\libm.a(addsf3.o) (__fp_round)
c:/program files (x86)/atmel/studio/7.0/toolchain/avr8/avr8-gnu-toolchain/bin/../lib/gcc/avr/4.9.2/../../../../avr/lib/avr5\libm.a(fp_split3.o)
                              c:/program files (x86)/atmel/studio/7.0/toolchain/avr8/avr8-gnu-toolchain/bin/../lib/gcc/avr/4.9.2/../../../../avr/lib/avr5\libm.a(addsf3x.o) (__fp_split3)
c:/program files (x86)/atmel/studio/7.0/toolchain/avr8/avr8-gnu-toolchain/bin/../lib/gcc/avr/4.9.2/../../../../avr/lib/avr5\libm.a(fp_zero.o)
                              c:/program files (x86)/atmel/studio/7.0/toolchain/avr8/avr8-gnu-toolchain/bin/../lib/gcc/avr/4.9.2/../../../../avr/lib/avr5\libm.a(addsf3x.o) (__fp_zero)
c:/program files (x86)/atmel/studio/7.0/toolchain/avr8/avr8-gnu-toolchain/bin/../lib/gcc/avr/4.9.2/../../../../avr/lib/avr5\libm.a(mulsf3.o)
                              hdc1050/hdc1050.o (__mulsf3)
c:/program files (x86)/atmel/studio/7.0/toolchain/avr8/avr8-gnu-toolchain/bin/../lib/gcc/avr/4.9.2/../../../../avr/lib/avr5\libm.a(mulsf3x.o)
                              c:/program files (x86)/atmel/studio/7.0/toolchain/avr8/avr8-gnu-toolchain/bin/../lib/gcc/avr/4.9.2/../../../../avr/lib/avr5\libm.a(mulsf3.o) (__mulsf3x)
c:/program files (x86)/atmel/studio/7.0/toolchain/avr8/avr8-gnu-toolchain/bin/../lib/gcc/avr/4.9.2/avr5\libgcc.a(_exit.o)
                              C:/Program Files (x86)/Atmel/Studio/7.0/Packs/atmel/ATmega_DFP/1.0.90/gcc/dev/atmega328/avr5/crtatmega328.o (exit)
c:/program files (x86)/atmel/studio/7.0/toolchain/avr8/avr8-gnu-toolchain/bin/../lib/gcc/avr/4.9.2/avr5\libgcc.a(_copy_data.o)
                              init.o (__do_copy_data)
c:/program files (x86)/atmel/studio/7.0/toolchain/avr8/avr8-gnu-toolchain/bin/../lib/gcc/avr/4.9.2/avr5\libgcc.a(_clear_bss.o)
                              main.o (__do_clear_bss)
c:/program files (x86)/atmel/studio/7.0/toolchain/avr8/avr8-gnu-toolchain/bin/../lib/gcc/avr/4.9.2/avr5\libgcc.a(_umulhisi3.o)
                              nrf24l01-plus/hal_nrf_l01.o (__umulhisi3)
c:/program files (x86)/atmel/studio/7.0/toolchain/avr8/avr8-gnu-toolchain/bin/../lib/gcc/avr/4.9.2/avr5\libgcc.a(_usmulhisi3.o)
                              hdc1050/hdc1050.o (__usmulhisi3)
c:/program files (x86)/atmel/studio/7.0/toolchain/avr8/avr8-gnu-toolchain/bin/../lib/gcc/avr/4.9.2/../../../../avr/lib/avr5\libc.a(iob.o)
                              init.o (__iob)
c:/program files (x86)/atmel/studio/7.0/toolchain/avr8/avr8-gnu-toolchain/bin/../lib/gcc/avr/4.9.2/../../../../avr/lib/avr5\libc.a(printf.o)
                              main.o (printf)
c:/program files (x86)/atmel/studio/7.0/toolchain/avr8/avr8-gnu-toolchain/bin/../lib/gcc/avr/4.9.2/../../../../avr/lib/avr5\libc.a(puts.o)
                              main.o (puts)
c:/program files (x86)/atmel/studio/7.0/toolchain/avr8/avr8-gnu-toolchain/bin/../lib/gcc/avr/4.9.2/../../../../avr/lib/avr5\libc.a(sprintf.o)
                              main.o (sprintf)
c:/program files (x86)/atmel/studio/7.0/toolchain/avr8/avr8-gnu-toolchain/bin/../lib/gcc/avr/4.9.2/../../../../avr/lib/avr5\libc.a(vfprintf_std.o)
                              c:/program files (x86)/atmel/studio/7.0/toolchain/avr8/avr8-gnu-toolchain/bin/../lib/gcc/avr/4.9.2/../../../../avr/lib/avr5\libc.a(printf.o) (vfprintf)
c:/program files (x86)/atmel/studio/7.0/toolchain/avr8/avr8-gnu-toolchain/bin/../lib/gcc/avr/4.9.2/../../../../avr/lib/avr5\libc.a(strnlen_P.o)
                              c:/program files (x86)/atmel/studio/7.0/toolchain/avr8/avr8-gnu-toolchain/bin/../lib/gcc/avr/4.9.2/../../../../avr/lib/avr5\libc.a(vfprintf_std.o) (strnlen_P)
c:/program files (x86)/atmel/studio/7.0/toolchain/avr8/avr8-gnu-toolchain/bin/../lib/gcc/avr/4.9.2/../../../../avr/lib/avr5\libc.a(strnlen.o)
                              c:/program files (x86)/atmel/studio/7.0/toolchain/avr8/avr8-gnu-toolchain/bin/../lib/gcc/avr/4.9.2/../../../../avr/lib/avr5\libc.a(vfprintf_std.o) (strnlen)
c:/program files (x86)/atmel/studio/7.0/toolchain/avr8/avr8-gnu-toolchain/bin/../lib/gcc/avr/4.9.2/../../../../avr/lib/avr5\libc.a(fputc.o)
                              c:/program files (x86)/atmel/studio/7.0/toolchain/avr8/avr8-gnu-toolchain/bin/../lib/gcc/avr/4.9.2/../../../../avr/lib/avr5\libc.a(vfprintf_std.o) (fputc)
c:/program files (x86)/atmel/studio/7.0/toolchain/avr8/avr8-gnu-toolchain/bin/../lib/gcc/avr/4.9.2/../../../../avr/lib/avr5\libc.a(ultoa_invert.o)
                              c:/program files (x86)/atmel/studio/7.0/toolchain/avr8/avr8-gnu-toolchain/bin/../lib/gcc/avr/4.9.2/../../../../avr/lib/avr5\libc.a(vfprintf_std.o) (__ultoa_invert)
c:/program files (x86)/atmel/studio/7.0/toolchain/avr8/avr8-gnu-toolchain/bin/../lib/gcc/avr/4.9.2/avr5\libgcc.a(_prologue.o)
                              c:/program files (x86)/atmel/studio/7.0/toolchain/avr8/avr8-gnu-toolchain/bin/../lib/gcc/avr/4.9.2/../../../../avr/lib/avr5\libc.a(printf.o) (__prologue_saves__)
c:/program files (x86)/atmel/studio/7.0/toolchain/avr8/avr8-gnu-toolchain/bin/../lib/gcc/avr/4.9.2/avr5\libgcc.a(_epilogue.o)
                              c:/program files (x86)/atmel/studio/7.0/toolchain/avr8/avr8-gnu-toolchain/bin/../lib/gcc/avr/4.9.2/../../../../avr/lib/avr5\libc.a(printf.o) (__epilogue_restores__)

Allocating common symbols
Common symbol       size              file

pload_pl            0xa               main.o
__iob               0x6               c:/program files (x86)/atmel/studio/7.0/toolchain/avr8/avr8-gnu-toolchain/bin/../lib/gcc/avr/4.9.2/../../../../avr/lib/avr5\libc.a(iob.o)

Discarded input sections

 .data          0x00000000        0x0 C:/Program Files (x86)/Atmel/Studio/7.0/Packs/atmel/ATmega_DFP/1.0.90/gcc/dev/atmega328/avr5/crtatmega328.o
 .bss           0x00000000        0x0 C:/Program Files (x86)/Atmel/Studio/7.0/Packs/atmel/ATmega_DFP/1.0.90/gcc/dev/atmega328/avr5/crtatmega328.o
 .text          0x00000000        0x0 avr/i2c.o
 .data          0x00000000        0x0 avr/i2c.o
 .bss           0x00000000        0x0 avr/i2c.o
 .text          0x00000000        0x0 avr/interrupt.o
 .data          0x00000000        0x0 avr/interrupt.o
 .bss           0x00000000        0x0 avr/interrupt.o
 .text          0x00000000        0x0 avr/spi.o
 .data          0x00000000        0x0 avr/spi.o
 .bss           0x00000000        0x0 avr/spi.o
 .text          0x00000000        0x0 avr/uart.o
 .data          0x00000000        0x0 avr/uart.o
 .bss           0x00000000        0x0 avr/uart.o
 .text          0x00000000        0x0 hdc1050/hdc1050.o
 .data          0x00000000        0x0 hdc1050/hdc1050.o
 .bss           0x00000000        0x0 hdc1050/hdc1050.o
 .text          0x00000000        0x0 init.o
 .data          0x00000000        0x0 init.o
 .bss           0x00000000        0x0 init.o
 .text          0x00000000        0x0 main.o
 .data          0x00000000        0x0 main.o
 .bss           0x00000000        0x0 main.o
 .text          0x00000000        0x0 ndh-c12832a1z/font.o
 .data          0x00000000        0x0 ndh-c12832a1z/font.o
 .bss           0x00000000        0x0 ndh-c12832a1z/font.o
 .text          0x00000000        0x0 ndh-c12832a1z/graphic_lcd.o
 .data          0x00000000        0x0 ndh-c12832a1z/graphic_lcd.o
 .bss           0x00000000        0x0 ndh-c12832a1z/graphic_lcd.o
 .text.graphic_lcd_write_rssi
                0x00000000       0x2a ndh-c12832a1z/graphic_lcd.o
 .text          0x00000000        0x0 ndh-c12832a1z/st7565r.o
 .data          0x00000000        0x0 ndh-c12832a1z/st7565r.o
 .bss           0x00000000        0x0 ndh-c12832a1z/st7565r.o
 .text.st7565r_soft_reset
                0x00000000        0x8 ndh-c12832a1z/st7565r.o
 .text.st7565r_display_off
                0x00000000        0x8 ndh-c12832a1z/st7565r.o
 .text.st7565r_set_all_pixels
                0x00000000       0x14 ndh-c12832a1z/st7565r.o
 .text.st7565r_display_invert_enable
                0x00000000        0x8 ndh-c12832a1z/st7565r.o
 .text          0x00000000        0x0 nrf24l01-plus/hal_nrf_f32x_hw.o
 .data          0x00000000        0x0 nrf24l01-plus/hal_nrf_f32x_hw.o
 .bss           0x00000000        0x0 nrf24l01-plus/hal_nrf_f32x_hw.o
 .text          0x00000000        0x0 nrf24l01-plus/hal_nrf_l01.o
 .data          0x00000000        0x0 nrf24l01-plus/hal_nrf_l01.o
 .bss           0x00000000        0x0 nrf24l01-plus/hal_nrf_l01.o
 .text.hal_nrf_get_irq_mode
                0x00000000       0x24 nrf24l01-plus/hal_nrf_l01.o
 .text.hal_nrf_get_crc_mode
                0x00000000        0xe nrf24l01-plus/hal_nrf_l01.o
 .text.hal_nrf_get_pipe_status
                0x00000000       0x5a nrf24l01-plus/hal_nrf_l01.o
 .text.hal_nrf_get_auto_retr_status
                0x00000000        0x8 nrf24l01-plus/hal_nrf_l01.o
 .text.hal_nrf_get_packet_lost_ctr
                0x00000000        0xc nrf24l01-plus/hal_nrf_l01.o
 .text.hal_nrf_get_rx_pload_width
                0x00000000        0x8 nrf24l01-plus/hal_nrf_l01.o
 .text.hal_nrf_get_operation_mode
                0x00000000        0xa nrf24l01-plus/hal_nrf_l01.o
 .text.hal_nrf_get_power_mode
                0x00000000        0xc nrf24l01-plus/hal_nrf_l01.o
 .text.hal_nrf_get_rf_channel
                0x00000000        0x8 nrf24l01-plus/hal_nrf_l01.o
 .text.hal_nrf_get_output_power
                0x00000000        0xc nrf24l01-plus/hal_nrf_l01.o
 .text.hal_nrf_get_datarate
                0x00000000        0xe nrf24l01-plus/hal_nrf_l01.o
 .text.hal_nrf_rx_fifo_full
                0x00000000        0xa nrf24l01-plus/hal_nrf_l01.o
 .text.hal_nrf_tx_fifo_empty
                0x00000000        0xc nrf24l01-plus/hal_nrf_l01.o
 .text.hal_nrf_tx_fifo_full
                0x00000000        0xe nrf24l01-plus/hal_nrf_l01.o
 .text.hal_nrf_get_tx_fifo_status
                0x00000000        0xe nrf24l01-plus/hal_nrf_l01.o
 .text.hal_nrf_get_rx_fifo_status
                0x00000000        0xa nrf24l01-plus/hal_nrf_l01.o
 .text.hal_nrf_get_fifo_status
                0x00000000        0x8 nrf24l01-plus/hal_nrf_l01.o
 .text.hal_nrf_get_reuse_tx_status
                0x00000000        0xe nrf24l01-plus/hal_nrf_l01.o
 .text.hal_nrf_get_transmit_attempts
                0x00000000        0xa nrf24l01-plus/hal_nrf_l01.o
 .text.hal_nrf_get_carrier_detect
                0x00000000        0xa nrf24l01-plus/hal_nrf_l01.o
 .text.hal_nrf_get_pll_mode
                0x00000000        0xc nrf24l01-plus/hal_nrf_l01.o
 .text.hal_nrf_get_lna_gain
                0x00000000        0xa nrf24l01-plus/hal_nrf_l01.o
 .text.hal_nrf_set_irq_mode
                0x00000000       0x48 nrf24l01-plus/hal_nrf_l01.o
 .text.hal_nrf_clear_irq_flag
                0x00000000       0x16 nrf24l01-plus/hal_nrf_l01.o
 .text.hal_nrf_set_output_power
                0x00000000       0x1c nrf24l01-plus/hal_nrf_l01.o
 .text.hal_nrf_set_datarate
                0x00000000       0x28 nrf24l01-plus/hal_nrf_l01.o
 .text.hal_nrf_disable_dynamic_pl
                0x00000000       0x12 nrf24l01-plus/hal_nrf_l01.o
 .text.hal_nrf_disable_ack_pl
                0x00000000       0x12 nrf24l01-plus/hal_nrf_l01.o
 .text.hal_nrf_enable_dynamic_ack
                0x00000000       0x12 nrf24l01-plus/hal_nrf_l01.o
 .text.hal_nrf_disable_dynamic_ack
                0x00000000       0x12 nrf24l01-plus/hal_nrf_l01.o
 .text.hal_nrf_reuse_tx
                0x00000000        0xa nrf24l01-plus/hal_nrf_l01.o
 .text.hal_nrf_flush_rx
                0x00000000        0xa nrf24l01-plus/hal_nrf_l01.o
 .text.hal_nrf_get_irq_flags
                0x00000000        0x8 nrf24l01-plus/hal_nrf_l01.o
 .text.hal_nrf_set_lna_gain
                0x00000000       0x28 nrf24l01-plus/hal_nrf_l01.o
 .text.hal_nrf_get_address
                0x00000000       0x28 nrf24l01-plus/hal_nrf_l01.o
 .text.hal_nrf_write_tx_pload
                0x00000000        0xc nrf24l01-plus/hal_nrf_l01.o
 .text          0x00000000        0x0 nrf24l01-plus/radio.o
 .data          0x00000000        0x0 nrf24l01-plus/radio.o
 .bss           0x00000000        0x0 nrf24l01-plus/radio.o
 .text.radio_send_packet
                0x00000000       0x18 nrf24l01-plus/radio.o
 .text          0x00000000        0x0 nrf24l01-plus/radio_pl.o
 .data          0x00000000        0x0 nrf24l01-plus/radio_pl.o
 .bss           0x00000000        0x0 nrf24l01-plus/radio_pl.o
 .text          0x00000000        0x0 real_time_clock.o
 .data          0x00000000        0x0 real_time_clock.o
 .bss           0x00000000        0x0 real_time_clock.o
 .text          0x00000000        0x0 c:/program files (x86)/atmel/studio/7.0/toolchain/avr8/avr8-gnu-toolchain/bin/../lib/gcc/avr/4.9.2/../../../../avr/lib/avr5\libm.a(addsf3.o)
 .data          0x00000000        0x0 c:/program files (x86)/atmel/studio/7.0/toolchain/avr8/avr8-gnu-toolchain/bin/../lib/gcc/avr/4.9.2/../../../../avr/lib/avr5\libm.a(addsf3.o)
 .bss           0x00000000        0x0 c:/program files (x86)/atmel/studio/7.0/toolchain/avr8/avr8-gnu-toolchain/bin/../lib/gcc/avr/4.9.2/../../../../avr/lib/avr5\libm.a(addsf3.o)
 .text          0x00000000        0x0 c:/program files (x86)/atmel/studio/7.0/toolchain/avr8/avr8-gnu-toolchain/bin/../lib/gcc/avr/4.9.2/../../../../avr/lib/avr5\libm.a(addsf3x.o)
 .data          0x00000000        0x0 c:/program files (x86)/atmel/studio/7.0/toolchain/avr8/avr8-gnu-toolchain/bin/../lib/gcc/avr/4.9.2/../../../../avr/lib/avr5\libm.a(addsf3x.o)
 .bss           0x00000000        0x0 c:/program files (x86)/atmel/studio/7.0/toolchain/avr8/avr8-gnu-toolchain/bin/../lib/gcc/avr/4.9.2/../../../../avr/lib/avr5\libm.a(addsf3x.o)
 .text          0x00000000        0x0 c:/program files (x86)/atmel/studio/7.0/toolchain/avr8/avr8-gnu-toolchain/bin/../lib/gcc/avr/4.9.2/../../../../avr/lib/avr5\libm.a(divsf3.o)
 .data          0x00000000        0x0 c:/program files (x86)/atmel/studio/7.0/toolchain/avr8/avr8-gnu-toolchain/bin/../lib/gcc/avr/4.9.2/../../../../avr/lib/avr5\libm.a(divsf3.o)
 .bss           0x00000000        0x0 c:/program files (x86)/atmel/studio/7.0/toolchain/avr8/avr8-gnu-toolchain/bin/../lib/gcc/avr/4.9.2/../../../../avr/lib/avr5\libm.a(divsf3.o)
 .text          0x00000000        0x0 c:/program files (x86)/atmel/studio/7.0/toolchain/avr8/avr8-gnu-toolchain/bin/../lib/gcc/avr/4.9.2/../../../../avr/lib/avr5\libm.a(divsf3x.o)
 .data          0x00000000        0x0 c:/program files (x86)/atmel/studio/7.0/toolchain/avr8/avr8-gnu-toolchain/bin/../lib/gcc/avr/4.9.2/../../../../avr/lib/avr5\libm.a(divsf3x.o)
 .bss           0x00000000        0x0 c:/program files (x86)/atmel/studio/7.0/toolchain/avr8/avr8-gnu-toolchain/bin/../lib/gcc/avr/4.9.2/../../../../avr/lib/avr5\libm.a(divsf3x.o)
 .text          0x00000000        0x0 c:/program files (x86)/atmel/studio/7.0/toolchain/avr8/avr8-gnu-toolchain/bin/../lib/gcc/avr/4.9.2/../../../../avr/lib/avr5\libm.a(fixunssfsi.o)
 .data          0x00000000        0x0 c:/program files (x86)/atmel/studio/7.0/toolchain/avr8/avr8-gnu-toolchain/bin/../lib/gcc/avr/4.9.2/../../../../avr/lib/avr5\libm.a(fixunssfsi.o)
 .bss           0x00000000        0x0 c:/program files (x86)/atmel/studio/7.0/toolchain/avr8/avr8-gnu-toolchain/bin/../lib/gcc/avr/4.9.2/../../../../avr/lib/avr5\libm.a(fixunssfsi.o)
 .text          0x00000000        0x0 c:/program files (x86)/atmel/studio/7.0/toolchain/avr8/avr8-gnu-toolchain/bin/../lib/gcc/avr/4.9.2/../../../../avr/lib/avr5\libm.a(floatsisf.o)
 .data          0x00000000        0x0 c:/program files (x86)/atmel/studio/7.0/toolchain/avr8/avr8-gnu-toolchain/bin/../lib/gcc/avr/4.9.2/../../../../avr/lib/avr5\libm.a(floatsisf.o)
 .bss           0x00000000        0x0 c:/program files (x86)/atmel/studio/7.0/toolchain/avr8/avr8-gnu-toolchain/bin/../lib/gcc/avr/4.9.2/../../../../avr/lib/avr5\libm.a(floatsisf.o)
 .text          0x00000000        0x0 c:/program files (x86)/atmel/studio/7.0/toolchain/avr8/avr8-gnu-toolchain/bin/../lib/gcc/avr/4.9.2/../../../../avr/lib/avr5\libm.a(fp_inf.o)
 .data          0x00000000        0x0 c:/program files (x86)/atmel/studio/7.0/toolchain/avr8/avr8-gnu-toolchain/bin/../lib/gcc/avr/4.9.2/../../../../avr/lib/avr5\libm.a(fp_inf.o)
 .bss           0x00000000        0x0 c:/program files (x86)/atmel/studio/7.0/toolchain/avr8/avr8-gnu-toolchain/bin/../lib/gcc/avr/4.9.2/../../../../avr/lib/avr5\libm.a(fp_inf.o)
 .text          0x00000000        0x0 c:/program files (x86)/atmel/studio/7.0/toolchain/avr8/avr8-gnu-toolchain/bin/../lib/gcc/avr/4.9.2/../../../../avr/lib/avr5\libm.a(fp_nan.o)
 .data          0x00000000        0x0 c:/program files (x86)/atmel/studio/7.0/toolchain/avr8/avr8-gnu-toolchain/bin/../lib/gcc/avr/4.9.2/../../../../avr/lib/avr5\libm.a(fp_nan.o)
 .bss           0x00000000        0x0 c:/program files (x86)/atmel/studio/7.0/toolchain/avr8/avr8-gnu-toolchain/bin/../lib/gcc/avr/4.9.2/../../../../avr/lib/avr5\libm.a(fp_nan.o)
 .text          0x00000000        0x0 c:/program files (x86)/atmel/studio/7.0/toolchain/avr8/avr8-gnu-toolchain/bin/../lib/gcc/avr/4.9.2/../../../../avr/lib/avr5\libm.a(fp_pscA.o)
 .data          0x00000000        0x0 c:/program files (x86)/atmel/studio/7.0/toolchain/avr8/avr8-gnu-toolchain/bin/../lib/gcc/avr/4.9.2/../../../../avr/lib/avr5\libm.a(fp_pscA.o)
 .bss           0x00000000        0x0 c:/program files (x86)/atmel/studio/7.0/toolchain/avr8/avr8-gnu-toolchain/bin/../lib/gcc/avr/4.9.2/../../../../avr/lib/avr5\libm.a(fp_pscA.o)
 .text          0x00000000        0x0 c:/program files (x86)/atmel/studio/7.0/toolchain/avr8/avr8-gnu-toolchain/bin/../lib/gcc/avr/4.9.2/../../../../avr/lib/avr5\libm.a(fp_pscB.o)
 .data          0x00000000        0x0 c:/program files (x86)/atmel/studio/7.0/toolchain/avr8/avr8-gnu-toolchain/bin/../lib/gcc/avr/4.9.2/../../../../avr/lib/avr5\libm.a(fp_pscB.o)
 .bss           0x00000000        0x0 c:/program files (x86)/atmel/studio/7.0/toolchain/avr8/avr8-gnu-toolchain/bin/../lib/gcc/avr/4.9.2/../../../../avr/lib/avr5\libm.a(fp_pscB.o)
 .text          0x00000000        0x0 c:/program files (x86)/atmel/studio/7.0/toolchain/avr8/avr8-gnu-toolchain/bin/../lib/gcc/avr/4.9.2/../../../../avr/lib/avr5\libm.a(fp_round.o)
 .data          0x00000000        0x0 c:/program files (x86)/atmel/studio/7.0/toolchain/avr8/avr8-gnu-toolchain/bin/../lib/gcc/avr/4.9.2/../../../../avr/lib/avr5\libm.a(fp_round.o)
 .bss           0x00000000        0x0 c:/program files (x86)/atmel/studio/7.0/toolchain/avr8/avr8-gnu-toolchain/bin/../lib/gcc/avr/4.9.2/../../../../avr/lib/avr5\libm.a(fp_round.o)
 .text          0x00000000        0x0 c:/program files (x86)/atmel/studio/7.0/toolchain/avr8/avr8-gnu-toolchain/bin/../lib/gcc/avr/4.9.2/../../../../avr/lib/avr5\libm.a(fp_split3.o)
 .data          0x00000000        0x0 c:/program files (x86)/atmel/studio/7.0/toolchain/avr8/avr8-gnu-toolchain/bin/../lib/gcc/avr/4.9.2/../../../../avr/lib/avr5\libm.a(fp_split3.o)
 .bss           0x00000000        0x0 c:/program files (x86)/atmel/studio/7.0/toolchain/avr8/avr8-gnu-toolchain/bin/../lib/gcc/avr/4.9.2/../../../../avr/lib/avr5\libm.a(fp_split3.o)
 .text          0x00000000        0x0 c:/program files (x86)/atmel/studio/7.0/toolchain/avr8/avr8-gnu-toolchain/bin/../lib/gcc/avr/4.9.2/../../../../avr/lib/avr5\libm.a(fp_zero.o)
 .data          0x00000000        0x0 c:/program files (x86)/atmel/studio/7.0/toolchain/avr8/avr8-gnu-toolchain/bin/../lib/gcc/avr/4.9.2/../../../../avr/lib/avr5\libm.a(fp_zero.o)
 .bss           0x00000000        0x0 c:/program files (x86)/atmel/studio/7.0/toolchain/avr8/avr8-gnu-toolchain/bin/../lib/gcc/avr/4.9.2/../../../../avr/lib/avr5\libm.a(fp_zero.o)
 .text          0x00000000        0x0 c:/program files (x86)/atmel/studio/7.0/toolchain/avr8/avr8-gnu-toolchain/bin/../lib/gcc/avr/4.9.2/../../../../avr/lib/avr5\libm.a(mulsf3.o)
 .data          0x00000000        0x0 c:/program files (x86)/atmel/studio/7.0/toolchain/avr8/avr8-gnu-toolchain/bin/../lib/gcc/avr/4.9.2/../../../../avr/lib/avr5\libm.a(mulsf3.o)
 .bss           0x00000000        0x0 c:/program files (x86)/atmel/studio/7.0/toolchain/avr8/avr8-gnu-toolchain/bin/../lib/gcc/avr/4.9.2/../../../../avr/lib/avr5\libm.a(mulsf3.o)
 .text          0x00000000        0x0 c:/program files (x86)/atmel/studio/7.0/toolchain/avr8/avr8-gnu-toolchain/bin/../lib/gcc/avr/4.9.2/../../../../avr/lib/avr5\libm.a(mulsf3x.o)
 .data          0x00000000        0x0 c:/program files (x86)/atmel/studio/7.0/toolchain/avr8/avr8-gnu-toolchain/bin/../lib/gcc/avr/4.9.2/../../../../avr/lib/avr5\libm.a(mulsf3x.o)
 .bss           0x00000000        0x0 c:/program files (x86)/atmel/studio/7.0/toolchain/avr8/avr8-gnu-toolchain/bin/../lib/gcc/avr/4.9.2/../../../../avr/lib/avr5\libm.a(mulsf3x.o)
 .text          0x00000000        0x0 c:/program files (x86)/atmel/studio/7.0/toolchain/avr8/avr8-gnu-toolchain/bin/../lib/gcc/avr/4.9.2/avr5\libgcc.a(_exit.o)
 .data          0x00000000        0x0 c:/program files (x86)/atmel/studio/7.0/toolchain/avr8/avr8-gnu-toolchain/bin/../lib/gcc/avr/4.9.2/avr5\libgcc.a(_exit.o)
 .bss           0x00000000        0x0 c:/program files (x86)/atmel/studio/7.0/toolchain/avr8/avr8-gnu-toolchain/bin/../lib/gcc/avr/4.9.2/avr5\libgcc.a(_exit.o)
 .text.libgcc.mul
                0x00000000        0x0 c:/program files (x86)/atmel/studio/7.0/toolchain/avr8/avr8-gnu-toolchain/bin/../lib/gcc/avr/4.9.2/avr5\libgcc.a(_exit.o)
 .text.libgcc.div
                0x00000000        0x0 c:/program files (x86)/atmel/studio/7.0/toolchain/avr8/avr8-gnu-toolchain/bin/../lib/gcc/avr/4.9.2/avr5\libgcc.a(_exit.o)
 .text.libgcc   0x00000000        0x0 c:/program files (x86)/atmel/studio/7.0/toolchain/avr8/avr8-gnu-toolchain/bin/../lib/gcc/avr/4.9.2/avr5\libgcc.a(_exit.o)
 .text.libgcc.prologue
                0x00000000        0x0 c:/program files (x86)/atmel/studio/7.0/toolchain/avr8/avr8-gnu-toolchain/bin/../lib/gcc/avr/4.9.2/avr5\libgcc.a(_exit.o)
 .text.libgcc.builtins
                0x00000000        0x0 c:/program files (x86)/atmel/studio/7.0/toolchain/avr8/avr8-gnu-toolchain/bin/../lib/gcc/avr/4.9.2/avr5\libgcc.a(_exit.o)
 .text.libgcc.fmul
                0x00000000        0x0 c:/program files (x86)/atmel/studio/7.0/toolchain/avr8/avr8-gnu-toolchain/bin/../lib/gcc/avr/4.9.2/avr5\libgcc.a(_exit.o)
 .text.libgcc.fixed
                0x00000000        0x0 c:/program files (x86)/atmel/studio/7.0/toolchain/avr8/avr8-gnu-toolchain/bin/../lib/gcc/avr/4.9.2/avr5\libgcc.a(_exit.o)
 .text          0x00000000        0x0 c:/program files (x86)/atmel/studio/7.0/toolchain/avr8/avr8-gnu-toolchain/bin/../lib/gcc/avr/4.9.2/avr5\libgcc.a(_copy_data.o)
 .data          0x00000000        0x0 c:/program files (x86)/atmel/studio/7.0/toolchain/avr8/avr8-gnu-toolchain/bin/../lib/gcc/avr/4.9.2/avr5\libgcc.a(_copy_data.o)
 .bss           0x00000000        0x0 c:/program files (x86)/atmel/studio/7.0/toolchain/avr8/avr8-gnu-toolchain/bin/../lib/gcc/avr/4.9.2/avr5\libgcc.a(_copy_data.o)
 .text.libgcc.mul
                0x00000000        0x0 c:/program files (x86)/atmel/studio/7.0/toolchain/avr8/avr8-gnu-toolchain/bin/../lib/gcc/avr/4.9.2/avr5\libgcc.a(_copy_data.o)
 .text.libgcc.div
                0x00000000        0x0 c:/program files (x86)/atmel/studio/7.0/toolchain/avr8/avr8-gnu-toolchain/bin/../lib/gcc/avr/4.9.2/avr5\libgcc.a(_copy_data.o)
 .text.libgcc   0x00000000        0x0 c:/program files (x86)/atmel/studio/7.0/toolchain/avr8/avr8-gnu-toolchain/bin/../lib/gcc/avr/4.9.2/avr5\libgcc.a(_copy_data.o)
 .text.libgcc.prologue
                0x00000000        0x0 c:/program files (x86)/atmel/studio/7.0/toolchain/avr8/avr8-gnu-toolchain/bin/../lib/gcc/avr/4.9.2/avr5\libgcc.a(_copy_data.o)
 .text.libgcc.builtins
                0x00000000        0x0 c:/program files (x86)/atmel/studio/7.0/toolchain/avr8/avr8-gnu-toolchain/bin/../lib/gcc/avr/4.9.2/avr5\libgcc.a(_copy_data.o)
 .text.libgcc.fmul
                0x00000000        0x0 c:/program files (x86)/atmel/studio/7.0/toolchain/avr8/avr8-gnu-toolchain/bin/../lib/gcc/avr/4.9.2/avr5\libgcc.a(_copy_data.o)
 .text.libgcc.fixed
                0x00000000        0x0 c:/program files (x86)/atmel/studio/7.0/toolchain/avr8/avr8-gnu-toolchain/bin/../lib/gcc/avr/4.9.2/avr5\libgcc.a(_copy_data.o)
 .text          0x00000000        0x0 c:/program files (x86)/atmel/studio/7.0/toolchain/avr8/avr8-gnu-toolchain/bin/../lib/gcc/avr/4.9.2/avr5\libgcc.a(_clear_bss.o)
 .data          0x00000000        0x0 c:/program files (x86)/atmel/studio/7.0/toolchain/avr8/avr8-gnu-toolchain/bin/../lib/gcc/avr/4.9.2/avr5\libgcc.a(_clear_bss.o)
 .bss           0x00000000        0x0 c:/program files (x86)/atmel/studio/7.0/toolchain/avr8/avr8-gnu-toolchain/bin/../lib/gcc/avr/4.9.2/avr5\libgcc.a(_clear_bss.o)
 .text.libgcc.mul
                0x00000000        0x0 c:/program files (x86)/atmel/studio/7.0/toolchain/avr8/avr8-gnu-toolchain/bin/../lib/gcc/avr/4.9.2/avr5\libgcc.a(_clear_bss.o)
 .text.libgcc.div
                0x00000000        0x0 c:/program files (x86)/atmel/studio/7.0/toolchain/avr8/avr8-gnu-toolchain/bin/../lib/gcc/avr/4.9.2/avr5\libgcc.a(_clear_bss.o)
 .text.libgcc   0x00000000        0x0 c:/program files (x86)/atmel/studio/7.0/toolchain/avr8/avr8-gnu-toolchain/bin/../lib/gcc/avr/4.9.2/avr5\libgcc.a(_clear_bss.o)
 .text.libgcc.prologue
                0x00000000        0x0 c:/program files (x86)/atmel/studio/7.0/toolchain/avr8/avr8-gnu-toolchain/bin/../lib/gcc/avr/4.9.2/avr5\libgcc.a(_clear_bss.o)
 .text.libgcc.builtins
                0x00000000        0x0 c:/program files (x86)/atmel/studio/7.0/toolchain/avr8/avr8-gnu-toolchain/bin/../lib/gcc/avr/4.9.2/avr5\libgcc.a(_clear_bss.o)
 .text.libgcc.fmul
                0x00000000        0x0 c:/program files (x86)/atmel/studio/7.0/toolchain/avr8/avr8-gnu-toolchain/bin/../lib/gcc/avr/4.9.2/avr5\libgcc.a(_clear_bss.o)
 .text.libgcc.fixed
                0x00000000        0x0 c:/program files (x86)/atmel/studio/7.0/toolchain/avr8/avr8-gnu-toolchain/bin/../lib/gcc/avr/4.9.2/avr5\libgcc.a(_clear_bss.o)
 .text          0x00000000        0x0 c:/program files (x86)/atmel/studio/7.0/toolchain/avr8/avr8-gnu-toolchain/bin/../lib/gcc/avr/4.9.2/avr5\libgcc.a(_umulhisi3.o)
 .data          0x00000000        0x0 c:/program files (x86)/atmel/studio/7.0/toolchain/avr8/avr8-gnu-toolchain/bin/../lib/gcc/avr/4.9.2/avr5\libgcc.a(_umulhisi3.o)
 .bss           0x00000000        0x0 c:/program files (x86)/atmel/studio/7.0/toolchain/avr8/avr8-gnu-toolchain/bin/../lib/gcc/avr/4.9.2/avr5\libgcc.a(_umulhisi3.o)
 .text.libgcc.div
                0x00000000        0x0 c:/program files (x86)/atmel/studio/7.0/toolchain/avr8/avr8-gnu-toolchain/bin/../lib/gcc/avr/4.9.2/avr5\libgcc.a(_umulhisi3.o)
 .text.libgcc   0x00000000        0x0 c:/program files (x86)/atmel/studio/7.0/toolchain/avr8/avr8-gnu-toolchain/bin/../lib/gcc/avr/4.9.2/avr5\libgcc.a(_umulhisi3.o)
 .text.libgcc.prologue
                0x00000000        0x0 c:/program files (x86)/atmel/studio/7.0/toolchain/avr8/avr8-gnu-toolchain/bin/../lib/gcc/avr/4.9.2/avr5\libgcc.a(_umulhisi3.o)
 .text.libgcc.builtins
                0x00000000        0x0 c:/program files (x86)/atmel/studio/7.0/toolchain/avr8/avr8-gnu-toolchain/bin/../lib/gcc/avr/4.9.2/avr5\libgcc.a(_umulhisi3.o)
 .text.libgcc.fmul
                0x00000000        0x0 c:/program files (x86)/atmel/studio/7.0/toolchain/avr8/avr8-gnu-toolchain/bin/../lib/gcc/avr/4.9.2/avr5\libgcc.a(_umulhisi3.o)
 .text.libgcc.fixed
                0x00000000        0x0 c:/program files (x86)/atmel/studio/7.0/toolchain/avr8/avr8-gnu-toolchain/bin/../lib/gcc/avr/4.9.2/avr5\libgcc.a(_umulhisi3.o)
 .text          0x00000000        0x0 c:/program files (x86)/atmel/studio/7.0/toolchain/avr8/avr8-gnu-toolchain/bin/../lib/gcc/avr/4.9.2/avr5\libgcc.a(_usmulhisi3.o)
 .data          0x00000000        0x0 c:/program files (x86)/atmel/studio/7.0/toolchain/avr8/avr8-gnu-toolchain/bin/../lib/gcc/avr/4.9.2/avr5\libgcc.a(_usmulhisi3.o)
 .bss           0x00000000        0x0 c:/program files (x86)/atmel/studio/7.0/toolchain/avr8/avr8-gnu-toolchain/bin/../lib/gcc/avr/4.9.2/avr5\libgcc.a(_usmulhisi3.o)
 .text.libgcc.div
                0x00000000        0x0 c:/program files (x86)/atmel/studio/7.0/toolchain/avr8/avr8-gnu-toolchain/bin/../lib/gcc/avr/4.9.2/avr5\libgcc.a(_usmulhisi3.o)
 .text.libgcc   0x00000000        0x0 c:/program files (x86)/atmel/studio/7.0/toolchain/avr8/avr8-gnu-toolchain/bin/../lib/gcc/avr/4.9.2/avr5\libgcc.a(_usmulhisi3.o)
 .text.libgcc.prologue
                0x00000000        0x0 c:/program files (x86)/atmel/studio/7.0/toolchain/avr8/avr8-gnu-toolchain/bin/../lib/gcc/avr/4.9.2/avr5\libgcc.a(_usmulhisi3.o)
 .text.libgcc.builtins
                0x00000000        0x0 c:/program files (x86)/atmel/studio/7.0/toolchain/avr8/avr8-gnu-toolchain/bin/../lib/gcc/avr/4.9.2/avr5\libgcc.a(_usmulhisi3.o)
 .text.libgcc.fmul
                0x00000000        0x0 c:/program files (x86)/atmel/studio/7.0/toolchain/avr8/avr8-gnu-toolchain/bin/../lib/gcc/avr/4.9.2/avr5\libgcc.a(_usmulhisi3.o)
 .text.libgcc.fixed
                0x00000000        0x0 c:/program files (x86)/atmel/studio/7.0/toolchain/avr8/avr8-gnu-toolchain/bin/../lib/gcc/avr/4.9.2/avr5\libgcc.a(_usmulhisi3.o)
 .text          0x00000000        0x0 c:/program files (x86)/atmel/studio/7.0/toolchain/avr8/avr8-gnu-toolchain/bin/../lib/gcc/avr/4.9.2/../../../../avr/lib/avr5\libc.a(iob.o)
 .data          0x00000000        0x0 c:/program files (x86)/atmel/studio/7.0/toolchain/avr8/avr8-gnu-toolchain/bin/../lib/gcc/avr/4.9.2/../../../../avr/lib/avr5\libc.a(iob.o)
 .bss           0x00000000        0x0 c:/program files (x86)/atmel/studio/7.0/toolchain/avr8/avr8-gnu-toolchain/bin/../lib/gcc/avr/4.9.2/../../../../avr/lib/avr5\libc.a(iob.o)
 .text          0x00000000        0x0 c:/program files (x86)/atmel/studio/7.0/toolchain/avr8/avr8-gnu-toolchain/bin/../lib/gcc/avr/4.9.2/../../../../avr/lib/avr5\libc.a(printf.o)
 .data          0x00000000        0x0 c:/program files (x86)/atmel/studio/7.0/toolchain/avr8/avr8-gnu-toolchain/bin/../lib/gcc/avr/4.9.2/../../../../avr/lib/avr5\libc.a(printf.o)
 .bss           0x00000000        0x0 c:/program files (x86)/atmel/studio/7.0/toolchain/avr8/avr8-gnu-toolchain/bin/../lib/gcc/avr/4.9.2/../../../../avr/lib/avr5\libc.a(printf.o)
 .text          0x00000000        0x0 c:/program files (x86)/atmel/studio/7.0/toolchain/avr8/avr8-gnu-toolchain/bin/../lib/gcc/avr/4.9.2/../../../../avr/lib/avr5\libc.a(puts.o)
 .data          0x00000000        0x0 c:/program files (x86)/atmel/studio/7.0/toolchain/avr8/avr8-gnu-toolchain/bin/../lib/gcc/avr/4.9.2/../../../../avr/lib/avr5\libc.a(puts.o)
 .bss           0x00000000        0x0 c:/program files (x86)/atmel/studio/7.0/toolchain/avr8/avr8-gnu-toolchain/bin/../lib/gcc/avr/4.9.2/../../../../avr/lib/avr5\libc.a(puts.o)
 .text          0x00000000        0x0 c:/program files (x86)/atmel/studio/7.0/toolchain/avr8/avr8-gnu-toolchain/bin/../lib/gcc/avr/4.9.2/../../../../avr/lib/avr5\libc.a(sprintf.o)
 .data          0x00000000        0x0 c:/program files (x86)/atmel/studio/7.0/toolchain/avr8/avr8-gnu-toolchain/bin/../lib/gcc/avr/4.9.2/../../../../avr/lib/avr5\libc.a(sprintf.o)
 .bss           0x00000000        0x0 c:/program files (x86)/atmel/studio/7.0/toolchain/avr8/avr8-gnu-toolchain/bin/../lib/gcc/avr/4.9.2/../../../../avr/lib/avr5\libc.a(sprintf.o)
 .text          0x00000000        0x0 c:/program files (x86)/atmel/studio/7.0/toolchain/avr8/avr8-gnu-toolchain/bin/../lib/gcc/avr/4.9.2/../../../../avr/lib/avr5\libc.a(vfprintf_std.o)
 .data          0x00000000        0x0 c:/program files (x86)/atmel/studio/7.0/toolchain/avr8/avr8-gnu-toolchain/bin/../lib/gcc/avr/4.9.2/../../../../avr/lib/avr5\libc.a(vfprintf_std.o)
 .bss           0x00000000        0x0 c:/program files (x86)/atmel/studio/7.0/toolchain/avr8/avr8-gnu-toolchain/bin/../lib/gcc/avr/4.9.2/../../../../avr/lib/avr5\libc.a(vfprintf_std.o)
 .text          0x00000000        0x0 c:/program files (x86)/atmel/studio/7.0/toolchain/avr8/avr8-gnu-toolchain/bin/../lib/gcc/avr/4.9.2/../../../../avr/lib/avr5\libc.a(strnlen_P.o)
 .data          0x00000000        0x0 c:/program files (x86)/atmel/studio/7.0/toolchain/avr8/avr8-gnu-toolchain/bin/../lib/gcc/avr/4.9.2/../../../../avr/lib/avr5\libc.a(strnlen_P.o)
 .bss           0x00000000        0x0 c:/program files (x86)/atmel/studio/7.0/toolchain/avr8/avr8-gnu-toolchain/bin/../lib/gcc/avr/4.9.2/../../../../avr/lib/avr5\libc.a(strnlen_P.o)
 .text          0x00000000        0x0 c:/program files (x86)/atmel/studio/7.0/toolchain/avr8/avr8-gnu-toolchain/bin/../lib/gcc/avr/4.9.2/../../../../avr/lib/avr5\libc.a(strnlen.o)
 .data          0x00000000        0x0 c:/program files (x86)/atmel/studio/7.0/toolchain/avr8/avr8-gnu-toolchain/bin/../lib/gcc/avr/4.9.2/../../../../avr/lib/avr5\libc.a(strnlen.o)
 .bss           0x00000000        0x0 c:/program files (x86)/atmel/studio/7.0/toolchain/avr8/avr8-gnu-toolchain/bin/../lib/gcc/avr/4.9.2/../../../../avr/lib/avr5\libc.a(strnlen.o)
 .text          0x00000000        0x0 c:/program files (x86)/atmel/studio/7.0/toolchain/avr8/avr8-gnu-toolchain/bin/../lib/gcc/avr/4.9.2/../../../../avr/lib/avr5\libc.a(fputc.o)
 .data          0x00000000        0x0 c:/program files (x86)/atmel/studio/7.0/toolchain/avr8/avr8-gnu-toolchain/bin/../lib/gcc/avr/4.9.2/../../../../avr/lib/avr5\libc.a(fputc.o)
 .bss           0x00000000        0x0 c:/program files (x86)/atmel/studio/7.0/toolchain/avr8/avr8-gnu-toolchain/bin/../lib/gcc/avr/4.9.2/../../../../avr/lib/avr5\libc.a(fputc.o)
 .text          0x00000000        0x0 c:/program files (x86)/atmel/studio/7.0/toolchain/avr8/avr8-gnu-toolchain/bin/../lib/gcc/avr/4.9.2/../../../../avr/lib/avr5\libc.a(ultoa_invert.o)
 .data          0x00000000        0x0 c:/program files (x86)/atmel/studio/7.0/toolchain/avr8/avr8-gnu-toolchain/bin/../lib/gcc/avr/4.9.2/../../../../avr/lib/avr5\libc.a(ultoa_invert.o)
 .bss           0x00000000        0x0 c:/program files (x86)/atmel/studio/7.0/toolchain/avr8/avr8-gnu-toolchain/bin/../lib/gcc/avr/4.9.2/../../../../avr/lib/avr5\libc.a(ultoa_invert.o)
 .text          0x00000000        0x0 c:/program files (x86)/atmel/studio/7.0/toolchain/avr8/avr8-gnu-toolchain/bin/../lib/gcc/avr/4.9.2/avr5\libgcc.a(_prologue.o)
 .data          0x00000000        0x0 c:/program files (x86)/atmel/studio/7.0/toolchain/avr8/avr8-gnu-toolchain/bin/../lib/gcc/avr/4.9.2/avr5\libgcc.a(_prologue.o)
 .bss           0x00000000        0x0 c:/program files (x86)/atmel/studio/7.0/toolchain/avr8/avr8-gnu-toolchain/bin/../lib/gcc/avr/4.9.2/avr5\libgcc.a(_prologue.o)
 .text.libgcc.mul
                0x00000000        0x0 c:/program files (x86)/atmel/studio/7.0/toolchain/avr8/avr8-gnu-toolchain/bin/../lib/gcc/avr/4.9.2/avr5\libgcc.a(_prologue.o)
 .text.libgcc.div
                0x00000000        0x0 c:/program files (x86)/atmel/studio/7.0/toolchain/avr8/avr8-gnu-toolchain/bin/../lib/gcc/avr/4.9.2/avr5\libgcc.a(_prologue.o)
 .text.libgcc   0x00000000        0x0 c:/program files (x86)/atmel/studio/7.0/toolchain/avr8/avr8-gnu-toolchain/bin/../lib/gcc/avr/4.9.2/avr5\libgcc.a(_prologue.o)
 .text.libgcc.builtins
                0x00000000        0x0 c:/program files (x86)/atmel/studio/7.0/toolchain/avr8/avr8-gnu-toolchain/bin/../lib/gcc/avr/4.9.2/avr5\libgcc.a(_prologue.o)
 .text.libgcc.fmul
                0x00000000        0x0 c:/program files (x86)/atmel/studio/7.0/toolchain/avr8/avr8-gnu-toolchain/bin/../lib/gcc/avr/4.9.2/avr5\libgcc.a(_prologue.o)
 .text.libgcc.fixed
                0x00000000        0x0 c:/program files (x86)/atmel/studio/7.0/toolchain/avr8/avr8-gnu-toolchain/bin/../lib/gcc/avr/4.9.2/avr5\libgcc.a(_prologue.o)
 .text          0x00000000        0x0 c:/program files (x86)/atmel/studio/7.0/toolchain/avr8/avr8-gnu-toolchain/bin/../lib/gcc/avr/4.9.2/avr5\libgcc.a(_epilogue.o)
 .data          0x00000000        0x0 c:/program files (x86)/atmel/studio/7.0/toolchain/avr8/avr8-gnu-toolchain/bin/../lib/gcc/avr/4.9.2/avr5\libgcc.a(_epilogue.o)
 .bss           0x00000000        0x0 c:/program files (x86)/atmel/studio/7.0/toolchain/avr8/avr8-gnu-toolchain/bin/../lib/gcc/avr/4.9.2/avr5\libgcc.a(_epilogue.o)
 .text.libgcc.mul
                0x00000000        0x0 c:/program files (x86)/atmel/studio/7.0/toolchain/avr8/avr8-gnu-toolchain/bin/../lib/gcc/avr/4.9.2/avr5\libgcc.a(_epilogue.o)
 .text.libgcc.div
                0x00000000        0x0 c:/program files (x86)/atmel/studio/7.0/toolchain/avr8/avr8-gnu-toolchain/bin/../lib/gcc/avr/4.9.2/avr5\libgcc.a(_epilogue.o)
 .text.libgcc   0x00000000        0x0 c:/program files (x86)/atmel/studio/7.0/toolchain/avr8/avr8-gnu-toolchain/bin/../lib/gcc/avr/4.9.2/avr5\libgcc.a(_epilogue.o)
 .text.libgcc.builtins
                0x00000000        0x0 c:/program files (x86)/atmel/studio/7.0/toolchain/avr8/avr8-gnu-toolchain/bin/../lib/gcc/avr/4.9.2/avr5\libgcc.a(_epilogue.o)
 .text.libgcc.fmul
                0x00000000        0x0 c:/program files (x86)/atmel/studio/7.0/toolchain/avr8/avr8-gnu-toolchain/bin/../lib/gcc/avr/4.9.2/avr5\libgcc.a(_epilogue.o)
 .text.libgcc.fixed
                0x00000000        0x0 c:/program files (x86)/atmel/studio/7.0/toolchain/avr8/avr8-gnu-toolchain/bin/../lib/gcc/avr/4.9.2/avr5\libgcc.a(_epilogue.o)

Memory Configuration

Name             Origin             Length             Attributes
text             0x00000000         0x00020000         xr
data             0x00800060         0x0000ffa0         rw !x
eeprom           0x00810000         0x00010000         rw !x
fuse             0x00820000         0x00000400         rw !x
lock             0x00830000         0x00000400         rw !x
signature        0x00840000         0x00000400         rw !x
user_signatures  0x00850000         0x00000400         rw !x
*default*        0x00000000         0xffffffff

Linker script and memory map

Address of section .data set to 0x800100
LOAD C:/Program Files (x86)/Atmel/Studio/7.0/Packs/atmel/ATmega_DFP/1.0.90/gcc/dev/atmega328/avr5/crtatmega328.o
LOAD avr/i2c.o
LOAD avr/interrupt.o
LOAD avr/spi.o
LOAD avr/uart.o
LOAD hdc1050/hdc1050.o
LOAD init.o
LOAD main.o
LOAD ndh-c12832a1z/font.o
LOAD ndh-c12832a1z/graphic_lcd.o
LOAD ndh-c12832a1z/st7565r.o
LOAD nrf24l01-plus/hal_nrf_f32x_hw.o
LOAD nrf24l01-plus/hal_nrf_l01.o
LOAD nrf24l01-plus/radio.o
LOAD nrf24l01-plus/radio_pl.o
LOAD real_time_clock.o
START GROUP
LOAD c:/program files (x86)/atmel/studio/7.0/toolchain/avr8/avr8-gnu-toolchain/bin/../lib/gcc/avr/4.9.2/../../../../avr/lib/avr5\libm.a
END GROUP
START GROUP
LOAD c:/program files (x86)/atmel/studio/7.0/toolchain/avr8/avr8-gnu-toolchain/bin/../lib/gcc/avr/4.9.2/avr5\libgcc.a
LOAD c:/program files (x86)/atmel/studio/7.0/toolchain/avr8/avr8-gnu-toolchain/bin/../lib/gcc/avr/4.9.2/../../../../avr/lib/avr5\libm.a
LOAD c:/program files (x86)/atmel/studio/7.0/toolchain/avr8/avr8-gnu-toolchain/bin/../lib/gcc/avr/4.9.2/../../../../avr/lib/avr5\libc.a
LOAD C:/Program Files (x86)/Atmel/Studio/7.0/Packs/atmel/ATmega_DFP/1.0.90/gcc/dev/atmega328/avr5\libatmega328.a
END GROUP

.hash
 *(.hash)

.dynsym
 *(.dynsym)

.dynstr
 *(.dynstr)

.gnu.version
 *(.gnu.version)

.gnu.version_d
 *(.gnu.version_d)

.gnu.version_r
 *(.gnu.version_r)

.rel.init
 *(.rel.init)

.rela.init
 *(.rela.init)

.rel.text
 *(.rel.text)
 *(.rel.text.*)
 *(.rel.gnu.linkonce.t*)

.rela.text
 *(.rela.text)
 *(.rela.text.*)
 *(.rela.gnu.linkonce.t*)

.rel.fini
 *(.rel.fini)

.rela.fini
 *(.rela.fini)

.rel.rodata
 *(.rel.rodata)
 *(.rel.rodata.*)
 *(.rel.gnu.linkonce.r*)

.rela.rodata
 *(.rela.rodata)
 *(.rela.rodata.*)
 *(.rela.gnu.linkonce.r*)

.rel.data
 *(.rel.data)
 *(.rel.data.*)
 *(.rel.gnu.linkonce.d*)

.rela.data
 *(.rela.data)
 *(.rela.data.*)
 *(.rela.gnu.linkonce.d*)

.rel.ctors
 *(.rel.ctors)

.rela.ctors
 *(.rela.ctors)

.rel.dtors
 *(.rel.dtors)

.rela.dtors
 *(.rela.dtors)

.rel.got
 *(.rel.got)

.rela.got
 *(.rela.got)

.rel.bss
 *(.rel.bss)

.rela.bss
 *(.rela.bss)

.rel.plt
 *(.rel.plt)

.rela.plt
 *(.rela.plt)

.text           0x00000000     0x1d6e
 *(.vectors)
 .vectors       0x00000000       0x68 C:/Program Files (x86)/Atmel/Studio/7.0/Packs/atmel/ATmega_DFP/1.0.90/gcc/dev/atmega328/avr5/crtatmega328.o
                0x00000000                __vector_default
                0x00000000                __vectors
 *(.vectors)
 *(.progmem.gcc*)
                0x00000068                . = ALIGN (0x2)
                0x00000068                __trampolines_start = .
 *(.trampolines)
 .trampolines   0x00000068        0x0 linker stubs
 *(.trampolines*)
                0x00000068                __trampolines_end = .
 *(.progmem*)
 .progmem.data.font_5x8_table
                0x00000068      0x1c7 ndh-c12832a1z/font.o
                0x00000068                font_5x8_table
                0x00000230                . = ALIGN (0x2)
 *fill*         0x0000022f        0x1 
 *(.jumptables)
 *(.jumptables*)
 *(.lowtext)
 *(.lowtext*)
                0x00000230                __ctors_start = .
 *(.ctors)
                0x00000230                __ctors_end = .
                0x00000230                __dtors_start = .
 *(.dtors)
                0x00000230                __dtors_end = .
 SORT(*)(.ctors)
 SORT(*)(.dtors)
 *(.init0)
 .init0         0x00000230        0x0 C:/Program Files (x86)/Atmel/Studio/7.0/Packs/atmel/ATmega_DFP/1.0.90/gcc/dev/atmega328/avr5/crtatmega328.o
                0x00000230                __init
 *(.init0)
 *(.init1)
 *(.init1)
 *(.init2)
 .init2         0x00000230        0xc C:/Program Files (x86)/Atmel/Studio/7.0/Packs/atmel/ATmega_DFP/1.0.90/gcc/dev/atmega328/avr5/crtatmega328.o
 *(.init2)
 *(.init3)
 *(.init3)
 *(.init4)
 .init4         0x0000023c       0x16 c:/program files (x86)/atmel/studio/7.0/toolchain/avr8/avr8-gnu-toolchain/bin/../lib/gcc/avr/4.9.2/avr5\libgcc.a(_copy_data.o)
                0x0000023c                __do_copy_data
 .init4         0x00000252       0x10 c:/program files (x86)/atmel/studio/7.0/toolchain/avr8/avr8-gnu-toolchain/bin/../lib/gcc/avr/4.9.2/avr5\libgcc.a(_clear_bss.o)
                0x00000252                __do_clear_bss
 *(.init4)
 *(.init5)
 *(.init5)
 *(.init6)
 *(.init6)
 *(.init7)
 *(.init7)
 *(.init8)
 *(.init8)
 *(.init9)
 .init9         0x00000262        0x8 C:/Program Files (x86)/Atmel/Studio/7.0/Packs/atmel/ATmega_DFP/1.0.90/gcc/dev/atmega328/avr5/crtatmega328.o
 *(.init9)
 *(.text)
 .text          0x0000026a        0x4 C:/Program Files (x86)/Atmel/Studio/7.0/Packs/atmel/ATmega_DFP/1.0.90/gcc/dev/atmega328/avr5/crtatmega328.o
                0x0000026a                __vector_22
                0x0000026a                __vector_1
                0x0000026a                __vector_24
                0x0000026a                __vector_12
                0x0000026a                __bad_interrupt
                0x0000026a                __vector_6
                0x0000026a                __vector_23
                0x0000026a                __vector_25
                0x0000026a                __vector_11
                0x0000026a                __vector_13
                0x0000026a                __vector_17
                0x0000026a                __vector_19
                0x0000026a                __vector_7
                0x0000026a                __vector_5
                0x0000026a                __vector_4
                0x0000026a                __vector_2
                0x0000026a                __vector_21
                0x0000026a                __vector_15
                0x0000026a                __vector_8
                0x0000026a                __vector_14
                0x0000026a                __vector_10
                0x0000026a                __vector_16
                0x0000026a                __vector_18
                0x0000026a                __vector_20
                0x0000026e                . = ALIGN (0x2)
 *(.text.*)
 .text.i2c_start
                0x0000026e       0x50 avr/i2c.o
 .text.i2c_write
                0x000002be       0x2a avr/i2c.o
 .text.i2c_init
                0x000002e8        0xc avr/i2c.o
                0x000002e8                i2c_init
 .text.i2c_write_reg
                0x000002f4       0x80 avr/i2c.o
                0x000002f4                i2c_write_reg
 .text.i2c_read_reg
                0x00000374       0xb4 avr/i2c.o
                0x00000374                i2c_read_reg
 .text.i2c_read_reg_10ms_delay
                0x00000428       0xc4 avr/i2c.o
                0x00000428                i2c_read_reg_10ms_delay
 .text.init_interrupts
                0x000004ec       0x1a avr/interrupt.o
                0x000004ec                init_interrupts
 .text.spi_init
                0x00000506        0xe avr/spi.o
                0x00000506                spi_init
 .text.spi_mode0
                0x00000514        0xa avr/spi.o
                0x00000514                spi_mode0
 .text.spi_mode3
                0x0000051e        0xa avr/spi.o
                0x0000051e                spi_mode3
 .text.spi_transmit
                0x00000528       0x18 avr/spi.o
                0x00000528                spi_transmit
 .text.uart_init
                0x00000540       0x26 avr/uart.o
                0x00000540                uart_init
 .text.uart_putchar
                0x00000566       0x20 avr/uart.o
                0x00000566                uart_putchar
 .text.uart_getchar
                0x00000586       0x10 avr/uart.o
                0x00000586                uart_getchar
 .text.init_hdc1050
                0x00000596       0x68 hdc1050/hdc1050.o
                0x00000596                init_hdc1050
 .text.hdc1050_read_temperature
                0x000005fe       0xb2 hdc1050/hdc1050.o
                0x000005fe                hdc1050_read_temperature
 .text.hdc1050_read_humidity
                0x000006b0       0x70 hdc1050/hdc1050.o
                0x000006b0                hdc1050_read_humidity
 .text.init_hardware
                0x00000720       0x82 init.o
                0x00000720                init_hardware
 .text.enable_graphic_display
                0x000007a2       0x24 main.o
 .text.display_local_temperature_and_humidity
                0x000007c6       0xa0 main.o
 .text.main     0x00000866      0x262 main.o
                0x00000866                main
 .text.graphic_lcd_clear_screen
                0x00000ac8       0x4a ndh-c12832a1z/graphic_lcd.o
                0x00000ac8                graphic_lcd_clear_screen
 .text.graphic_lcd_write
                0x00000b12       0x9c ndh-c12832a1z/graphic_lcd.o
                0x00000b12                graphic_lcd_write
 .text.st7565r_write_command
                0x00000bae       0x26 ndh-c12832a1z/st7565r.o
                0x00000bae                st7565r_write_command
 .text.st7565r_write_data
                0x00000bd4       0x28 ndh-c12832a1z/st7565r.o
                0x00000bd4                st7565r_write_data
 .text.st7565r_hard_reset
                0x00000bfc       0x1e ndh-c12832a1z/st7565r.o
                0x00000bfc                st7565r_hard_reset
 .text.st7565r_set_page_address
                0x00000c1a        0xa ndh-c12832a1z/st7565r.o
                0x00000c1a                st7565r_set_page_address
 .text.st7565r_set_column_address
                0x00000c24       0x20 ndh-c12832a1z/st7565r.o
                0x00000c24                st7565r_set_column_address
 .text.st7565r_set_display_start_line_address
                0x00000c44        0xa ndh-c12832a1z/st7565r.o
                0x00000c44                st7565r_set_display_start_line_address
 .text.st7565r_display_on
                0x00000c4e        0x8 ndh-c12832a1z/st7565r.o
                0x00000c4e                st7565r_display_on
 .text.st7565r_set_contrast
                0x00000c56       0x26 ndh-c12832a1z/st7565r.o
                0x00000c56                st7565r_set_contrast
 .text.st7565r_display_invert_disable
                0x00000c7c        0x8 ndh-c12832a1z/st7565r.o
                0x00000c7c                st7565r_display_invert_disable
 .text.st7565r_init
                0x00000c84       0x40 ndh-c12832a1z/st7565r.o
                0x00000c84                st7565r_init
 .text.hal_nrf_rw
                0x00000cc4       0x22 nrf24l01-plus/hal_nrf_f32x_hw.o
                0x00000cc4                hal_nrf_rw
 .text.hal_nrf_write_ack_pload
                0x00000ce6       0x4a nrf24l01-plus/hal_nrf_l01.o
                0x00000ce6                hal_nrf_write_ack_pload
 .text.hal_nrf_read_rx_pl_w
                0x00000d30       0x12 nrf24l01-plus/hal_nrf_l01.o
                0x00000d30                hal_nrf_read_rx_pl_w
 .text.hal_nrf_lock_unlock
                0x00000d42       0x12 nrf24l01-plus/hal_nrf_l01.o
                0x00000d42                hal_nrf_lock_unlock
 .text.hal_nrf_read_reg
                0x00000d54       0x10 nrf24l01-plus/hal_nrf_l01.o
                0x00000d54                hal_nrf_read_reg
 .text.hal_nrf_get_address_width
                0x00000d64        0xa nrf24l01-plus/hal_nrf_l01.o
                0x00000d64                hal_nrf_get_address_width
 .text.hal_nrf_write_reg
                0x00000d6e       0x46 nrf24l01-plus/hal_nrf_l01.o
                0x00000d6e                hal_nrf_write_reg
 .text.hal_nrf_get_clear_irq_flags
                0x00000db4        0xc nrf24l01-plus/hal_nrf_l01.o
                0x00000db4                hal_nrf_get_clear_irq_flags
 .text.hal_nrf_set_crc_mode
                0x00000dc0       0x1e nrf24l01-plus/hal_nrf_l01.o
                0x00000dc0                hal_nrf_set_crc_mode
 .text.hal_nrf_open_pipe
                0x00000dde       0x86 nrf24l01-plus/hal_nrf_l01.o
                0x00000dde                hal_nrf_open_pipe
 .text.hal_nrf_close_pipe
                0x00000e64       0x56 nrf24l01-plus/hal_nrf_l01.o
                0x00000e64                hal_nrf_close_pipe
 .text.hal_nrf_set_auto_retr
                0x00000eba       0x36 nrf24l01-plus/hal_nrf_l01.o
                0x00000eba                hal_nrf_set_auto_retr
 .text.hal_nrf_set_address_width
                0x00000ef0        0xc nrf24l01-plus/hal_nrf_l01.o
                0x00000ef0                hal_nrf_set_address_width
 .text.hal_nrf_set_rx_pload_width
                0x00000efc        0x8 nrf24l01-plus/hal_nrf_l01.o
                0x00000efc                hal_nrf_set_rx_pload_width
 .text.hal_nrf_set_operation_mode
                0x00000f04       0x28 nrf24l01-plus/hal_nrf_l01.o
                0x00000f04                hal_nrf_set_operation_mode
 .text.hal_nrf_set_power_mode
                0x00000f2c       0x28 nrf24l01-plus/hal_nrf_l01.o
                0x00000f2c                hal_nrf_set_power_mode
 .text.hal_nrf_set_rf_channel
                0x00000f54        0xa nrf24l01-plus/hal_nrf_l01.o
                0x00000f54                hal_nrf_set_rf_channel
 .text.hal_nrf_setup_dyn_pl
                0x00000f5e        0xc nrf24l01-plus/hal_nrf_l01.o
                0x00000f5e                hal_nrf_setup_dyn_pl
 .text.hal_nrf_enable_dynamic_pl
                0x00000f6a       0x12 nrf24l01-plus/hal_nrf_l01.o
                0x00000f6a                hal_nrf_enable_dynamic_pl
 .text.hal_nrf_enable_ack_pl
                0x00000f7c       0x12 nrf24l01-plus/hal_nrf_l01.o
                0x00000f7c                hal_nrf_enable_ack_pl
 .text.hal_nrf_flush_tx
                0x00000f8e        0xa nrf24l01-plus/hal_nrf_l01.o
                0x00000f8e                hal_nrf_flush_tx
 .text.hal_nrf_nop
                0x00000f98        0xa nrf24l01-plus/hal_nrf_l01.o
                0x00000f98                hal_nrf_nop
 .text.hal_nrf_get_rx_data_source
                0x00000fa2        0xa nrf24l01-plus/hal_nrf_l01.o
                0x00000fa2                hal_nrf_get_rx_data_source
 .text.hal_nrf_rx_fifo_empty
                0x00000fac       0x10 nrf24l01-plus/hal_nrf_l01.o
                0x00000fac                hal_nrf_rx_fifo_empty
 .text.hal_nrf_set_pll_mode
                0x00000fbc       0x28 nrf24l01-plus/hal_nrf_l01.o
                0x00000fbc                hal_nrf_set_pll_mode
 .text.hal_nrf_read_multibyte_reg
                0x00000fe4       0xa0 nrf24l01-plus/hal_nrf_l01.o
                0x00000fe4                hal_nrf_read_multibyte_reg
 .text.hal_nrf_read_rx_pload
                0x00001084        0xa nrf24l01-plus/hal_nrf_l01.o
                0x00001084                hal_nrf_read_rx_pload
 .text.hal_nrf_write_multibyte_reg
                0x0000108e       0x72 nrf24l01-plus/hal_nrf_l01.o
                0x0000108e                hal_nrf_write_multibyte_reg
 .text.hal_nrf_set_address
                0x00001100       0x22 nrf24l01-plus/hal_nrf_l01.o
                0x00001100                hal_nrf_set_address
 .text.__vector_3
                0x00001122       0x56 nrf24l01-plus/radio.o
                0x00001122                __vector_3
 .text.radio_get_status
                0x00001178        0x6 nrf24l01-plus/radio.o
                0x00001178                radio_get_status
 .text.radio_get_pload_byte
                0x0000117e        0xc nrf24l01-plus/radio.o
                0x0000117e                radio_get_pload_byte
 .text.radio_set_status
                0x0000118a        0x6 nrf24l01-plus/radio.o
                0x0000118a                radio_set_status
 .text.radio_irq
                0x00001190       0x66 nrf24l01-plus/radio.o
                0x00001190                radio_irq
 .text.radio_pl_init
                0x000011f6       0xa8 nrf24l01-plus/radio_pl.o
                0x000011f6                radio_pl_init
 .text.__vector_9
                0x0000129e       0x52 real_time_clock.o
                0x0000129e                __vector_9
 .text.avr-libc.fplib
                0x000012f0        0xe c:/program files (x86)/atmel/studio/7.0/toolchain/avr8/avr8-gnu-toolchain/bin/../lib/gcc/avr/4.9.2/../../../../avr/lib/avr5\libm.a(addsf3.o)
                0x000012f0                __subsf3
                0x000012f2                __addsf3
 .text.avr-libc.fplib
                0x000012fe       0xcc c:/program files (x86)/atmel/studio/7.0/toolchain/avr8/avr8-gnu-toolchain/bin/../lib/gcc/avr/4.9.2/../../../../avr/lib/avr5\libm.a(addsf3x.o)
                0x00001320                __addsf3x
 .text.avr-libc.fplib
                0x000013ca        0x8 c:/program files (x86)/atmel/studio/7.0/toolchain/avr8/avr8-gnu-toolchain/bin/../lib/gcc/avr/4.9.2/../../../../avr/lib/avr5\libm.a(divsf3.o)
                0x000013ca                __divsf3
 .text.avr-libc.fplib
                0x000013d2       0xdc c:/program files (x86)/atmel/studio/7.0/toolchain/avr8/avr8-gnu-toolchain/bin/../lib/gcc/avr/4.9.2/../../../../avr/lib/avr5\libm.a(divsf3x.o)
                0x000013f2                __divsf3x
                0x000013f8                __divsf3_pse
 .text.avr-libc.fplib
                0x000014ae       0x5e c:/program files (x86)/atmel/studio/7.0/toolchain/avr8/avr8-gnu-toolchain/bin/../lib/gcc/avr/4.9.2/../../../../avr/lib/avr5\libm.a(fixunssfsi.o)
                0x000014ae                __fixunssfsi
 .text.avr-libc.fplib
                0x0000150c       0x7a c:/program files (x86)/atmel/studio/7.0/toolchain/avr8/avr8-gnu-toolchain/bin/../lib/gcc/avr/4.9.2/../../../../avr/lib/avr5\libm.a(floatsisf.o)
                0x0000150c                __floatunsisf
                0x00001510                __floatsisf
 .text.avr-libc.fplib
                0x00001586        0xc c:/program files (x86)/atmel/studio/7.0/toolchain/avr8/avr8-gnu-toolchain/bin/../lib/gcc/avr/4.9.2/../../../../avr/lib/avr5\libm.a(fp_inf.o)
                0x00001586                __fp_inf
 .text.avr-libc.fplib
                0x00001592        0x6 c:/program files (x86)/atmel/studio/7.0/toolchain/avr8/avr8-gnu-toolchain/bin/../lib/gcc/avr/4.9.2/../../../../avr/lib/avr5\libm.a(fp_nan.o)
                0x00001592                __fp_nan
 .text.avr-libc.fplib
                0x00001598        0xe c:/program files (x86)/atmel/studio/7.0/toolchain/avr8/avr8-gnu-toolchain/bin/../lib/gcc/avr/4.9.2/../../../../avr/lib/avr5\libm.a(fp_pscA.o)
                0x00001598                __fp_pscA
 .text.avr-libc.fplib
                0x000015a6        0xe c:/program files (x86)/atmel/studio/7.0/toolchain/avr8/avr8-gnu-toolchain/bin/../lib/gcc/avr/4.9.2/../../../../avr/lib/avr5\libm.a(fp_pscB.o)
                0x000015a6                __fp_pscB
 .text.avr-libc.fplib
                0x000015b4       0x22 c:/program files (x86)/atmel/studio/7.0/toolchain/avr8/avr8-gnu-toolchain/bin/../lib/gcc/avr/4.9.2/../../../../avr/lib/avr5\libm.a(fp_round.o)
                0x000015b4                __fp_round
 .text.avr-libc.fplib
                0x000015d6       0x44 c:/program files (x86)/atmel/studio/7.0/toolchain/avr8/avr8-gnu-toolchain/bin/../lib/gcc/avr/4.9.2/../../../../avr/lib/avr5\libm.a(fp_split3.o)
                0x000015d6                __fp_split3
                0x000015e6                __fp_splitA
 .text.avr-libc.fplib
                0x0000161a        0xe c:/program files (x86)/atmel/studio/7.0/toolchain/avr8/avr8-gnu-toolchain/bin/../lib/gcc/avr/4.9.2/../../../../avr/lib/avr5\libm.a(fp_zero.o)
                0x0000161a                __fp_zero
                0x0000161c                __fp_szero
 .text.avr-libc.fplib
                0x00001628        0x8 c:/program files (x86)/atmel/studio/7.0/toolchain/avr8/avr8-gnu-toolchain/bin/../lib/gcc/avr/4.9.2/../../../../avr/lib/avr5\libm.a(mulsf3.o)
                0x00001628                __mulsf3
 .text.avr-libc.fplib
                0x00001630       0xd2 c:/program files (x86)/atmel/studio/7.0/toolchain/avr8/avr8-gnu-toolchain/bin/../lib/gcc/avr/4.9.2/../../../../avr/lib/avr5\libm.a(mulsf3x.o)
                0x0000164e                __mulsf3x
                0x00001654                __mulsf3_pse
 .text.libgcc.mul
                0x00001702       0x1e c:/program files (x86)/atmel/studio/7.0/toolchain/avr8/avr8-gnu-toolchain/bin/../lib/gcc/avr/4.9.2/avr5\libgcc.a(_umulhisi3.o)
                0x00001702                __umulhisi3
 .text.libgcc.mul
                0x00001720        0xe c:/program files (x86)/atmel/studio/7.0/toolchain/avr8/avr8-gnu-toolchain/bin/../lib/gcc/avr/4.9.2/avr5\libgcc.a(_usmulhisi3.o)
                0x00001720                __usmulhisi3
                0x00001724                __usmulhisi3_tail
 .text.avr-libc
                0x0000172e       0x2c c:/program files (x86)/atmel/studio/7.0/toolchain/avr8/avr8-gnu-toolchain/bin/../lib/gcc/avr/4.9.2/../../../../avr/lib/avr5\libc.a(printf.o)
                0x0000172e                printf
 .text.avr-libc
                0x0000175a       0x60 c:/program files (x86)/atmel/studio/7.0/toolchain/avr8/avr8-gnu-toolchain/bin/../lib/gcc/avr/4.9.2/../../../../avr/lib/avr5\libc.a(puts.o)
                0x0000175a                puts
 .text.avr-libc
                0x000017ba       0x46 c:/program files (x86)/atmel/studio/7.0/toolchain/avr8/avr8-gnu-toolchain/bin/../lib/gcc/avr/4.9.2/../../../../avr/lib/avr5\libc.a(sprintf.o)
                0x000017ba                sprintf
 .text.avr-libc
                0x00001800      0x3a4 c:/program files (x86)/atmel/studio/7.0/toolchain/avr8/avr8-gnu-toolchain/bin/../lib/gcc/avr/4.9.2/../../../../avr/lib/avr5\libc.a(vfprintf_std.o)
                0x00001800                vfprintf
 .text.avr-libc
                0x00001ba4       0x16 c:/program files (x86)/atmel/studio/7.0/toolchain/avr8/avr8-gnu-toolchain/bin/../lib/gcc/avr/4.9.2/../../../../avr/lib/avr5\libc.a(strnlen_P.o)
                0x00001ba4                strnlen_P
 .text.avr-libc
                0x00001bba       0x16 c:/program files (x86)/atmel/studio/7.0/toolchain/avr8/avr8-gnu-toolchain/bin/../lib/gcc/avr/4.9.2/../../../../avr/lib/avr5\libc.a(strnlen.o)
                0x00001bba                strnlen
 .text.avr-libc
                0x00001bd0       0x70 c:/program files (x86)/atmel/studio/7.0/toolchain/avr8/avr8-gnu-toolchain/bin/../lib/gcc/avr/4.9.2/../../../../avr/lib/avr5\libc.a(fputc.o)
                0x00001bd0                fputc
 .text.avr-libc
                0x00001c40       0xbc c:/program files (x86)/atmel/studio/7.0/toolchain/avr8/avr8-gnu-toolchain/bin/../lib/gcc/avr/4.9.2/../../../../avr/lib/avr5\libc.a(ultoa_invert.o)
                0x00001c40                __ultoa_invert
 .text.libgcc.prologue
                0x00001cfc       0x38 c:/program files (x86)/atmel/studio/7.0/toolchain/avr8/avr8-gnu-toolchain/bin/../lib/gcc/avr/4.9.2/avr5\libgcc.a(_prologue.o)
                0x00001cfc                __prologue_saves__
 .text.libgcc.prologue
                0x00001d34       0x36 c:/program files (x86)/atmel/studio/7.0/toolchain/avr8/avr8-gnu-toolchain/bin/../lib/gcc/avr/4.9.2/avr5\libgcc.a(_epilogue.o)
                0x00001d34                __epilogue_restores__
                0x00001d6a                . = ALIGN (0x2)
 *(.fini9)
 .fini9         0x00001d6a        0x0 c:/program files (x86)/atmel/studio/7.0/toolchain/avr8/avr8-gnu-toolchain/bin/../lib/gcc/avr/4.9.2/avr5\libgcc.a(_exit.o)
                0x00001d6a                _exit
                0x00001d6a                exit
 *(.fini9)
 *(.fini8)
 *(.fini8)
 *(.fini7)
 *(.fini7)
 *(.fini6)
 *(.fini6)
 *(.fini5)
 *(.fini5)
 *(.fini4)
 *(.fini4)
 *(.fini3)
 *(.fini3)
 *(.fini2)
 *(.fini2)
 *(.fini1)
 *(.fini1)
 *(.fini0)
 .fini0         0x00001d6a        0x4 c:/program files (x86)/atmel/studio/7.0/toolchain/avr8/avr8-gnu-toolchain/bin/../lib/gcc/avr/4.9.2/avr5\libgcc.a(_exit.o)
 *(.fini0)
                0x00001d6e                _etext = .

.data           0x00800100      0x10e load address 0x00001d6e
                0x00800100                PROVIDE (__data_start, .)
 *(.data)
 *(.data*)
 .data.uart_input
                0x00800100        0xe init.o
                0x00800100                uart_input
 .data.uart_output
                0x0080010e        0xe init.o
                0x0080010e                uart_output
 *(.rodata)
 .rodata        0x0080011c        0x5 main.o
 *(.rodata*)
 .rodata.str1.1
                0x00800121       0xd7 main.o
 .rodata.str1.1
                0x008001f8        0xa nrf24l01-plus/radio.o
 .rodata.str1.1
                0x00800202        0xb real_time_clock.o
 *(.gnu.linkonce.d*)
                0x0080020e                . = ALIGN (0x2)
 *fill*         0x0080020d        0x1 
                0x0080020e                _edata = .
                0x0080020e                PROVIDE (__data_end, .)

.bss            0x0080020e       0x1d
                0x0080020e                PROVIDE (__bss_start, .)
 *(.bss)
 *(.bss*)
 .bss.status    0x0080020e        0x1 nrf24l01-plus/radio.o
 .bss.pload     0x0080020f        0xa nrf24l01-plus/radio.o
 .bss.active_radio_interrupt
                0x00800219        0x1 nrf24l01-plus/radio.o
 .bss.second_tick
                0x0080021a        0x1 real_time_clock.o
                0x0080021a                second_tick
 *(COMMON)
 COMMON         0x0080021b        0xa main.o
                0x0080021b                pload_pl
 COMMON         0x00800225        0x6 c:/program files (x86)/atmel/studio/7.0/toolchain/avr8/avr8-gnu-toolchain/bin/../lib/gcc/avr/4.9.2/../../../../avr/lib/avr5\libc.a(iob.o)
                0x00800225                __iob
                0x0080022b                PROVIDE (__bss_end, .)
                0x00001d6e                __data_load_start = LOADADDR (.data)
                0x00001e7c                __data_load_end = (__data_load_start + SIZEOF (.data))

.noinit         0x0080022b        0x0
                0x0080022b                PROVIDE (__noinit_start, .)
 *(.noinit*)
                0x0080022b                PROVIDE (__noinit_end, .)
                0x0080022b                _end = .
                0x0080022b                PROVIDE (__heap_start, .)

.eeprom         0x00810000        0x0
 *(.eeprom*)
                0x00810000                __eeprom_end = .

.fuse
 *(.fuse)
 *(.lfuse)
 *(.hfuse)
 *(.efuse)

.lock
 *(.lock*)

.signature
 *(.signature*)

.user_signatures
 *(.user_signatures*)

.stab
 *(.stab)

.stabstr
 *(.stabstr)

.stab.excl
 *(.stab.excl)

.stab.exclstr
 *(.stab.exclstr)

.stab.index
 *(.stab.index)

.stab.indexstr
 *(.stab.indexstr)

.comment        0x00000000       0x5c
 *(.comment)
 .comment       0x00000000       0x30 avr/i2c.o
                                 0x31 (size before relaxing)
 .comment       0x00000030       0x31 avr/interrupt.o
 .comment       0x00000030       0x31 avr/spi.o
 .comment       0x00000030       0x31 avr/uart.o
 .comment       0x00000030       0x31 hdc1050/hdc1050.o
 .comment       0x00000030       0x31 init.o
 .comment       0x00000030       0x31 main.o
 .comment       0x00000030       0x31 ndh-c12832a1z/font.o
 .comment       0x00000030       0x31 ndh-c12832a1z/graphic_lcd.o
 .comment       0x00000030       0x31 ndh-c12832a1z/st7565r.o
 .comment       0x00000030       0x31 nrf24l01-plus/hal_nrf_f32x_hw.o
 .comment       0x00000030       0x31 nrf24l01-plus/hal_nrf_l01.o
 .comment       0x00000030       0x31 nrf24l01-plus/radio.o
 .comment       0x00000030       0x31 nrf24l01-plus/radio_pl.o
 .comment       0x00000030       0x31 real_time_clock.o
 .comment       0x00000030       0x31 c:/program files (x86)/atmel/studio/7.0/toolchain/avr8/avr8-gnu-toolchain/bin/../lib/gcc/avr/4.9.2/../../../../avr/lib/avr5\libc.a(iob.o)
 .comment       0x00000030       0x31 c:/program files (x86)/atmel/studio/7.0/toolchain/avr8/avr8-gnu-toolchain/bin/../lib/gcc/avr/4.9.2/../../../../avr/lib/avr5\libc.a(printf.o)
 .comment       0x00000030       0x31 c:/program files (x86)/atmel/studio/7.0/toolchain/avr8/avr8-gnu-toolchain/bin/../lib/gcc/avr/4.9.2/../../../../avr/lib/avr5\libc.a(puts.o)
 .comment       0x00000030       0x31 c:/program files (x86)/atmel/studio/7.0/toolchain/avr8/avr8-gnu-toolchain/bin/../lib/gcc/avr/4.9.2/../../../../avr/lib/avr5\libc.a(sprintf.o)
 .comment       0x00000030       0x2c c:/program files (x86)/atmel/studio/7.0/toolchain/avr8/avr8-gnu-toolchain/bin/../lib/gcc/avr/4.9.2/../../../../avr/lib/avr5\libc.a(vfprintf_std.o)
                                 0x2d (size before relaxing)
 .comment       0x0000005c       0x31 c:/program files (x86)/atmel/studio/7.0/toolchain/avr8/avr8-gnu-toolchain/bin/../lib/gcc/avr/4.9.2/../../../../avr/lib/avr5\libc.a(fputc.o)

.note.gnu.avr.deviceinfo
                0x00000000       0x3c
 .note.gnu.avr.deviceinfo
                0x00000000       0x3c C:/Program Files (x86)/Atmel/Studio/7.0/Packs/atmel/ATmega_DFP/1.0.90/gcc/dev/atmega328/avr5/crtatmega328.o

.note.gnu.build-id
 *(.note.gnu.build-id)

.debug
 *(.debug)

.line
 *(.line)

.debug_srcinfo
 *(.debug_srcinfo)

.debug_sfnames
 *(.debug_sfnames)

.debug_aranges  0x00000000      0x4e0
 *(.debug_aranges)
 .debug_aranges
                0x00000000       0x48 avr/i2c.o
 .debug_aranges
                0x00000048       0x20 avr/interrupt.o
 .debug_aranges
                0x00000068       0x38 avr/spi.o
 .debug_aranges
                0x000000a0       0x30 avr/uart.o
 .debug_aranges
                0x000000d0       0x30 hdc1050/hdc1050.o
 .debug_aranges
                0x00000100       0x20 init.o
 .debug_aranges
                0x00000120       0x30 main.o
 .debug_aranges
                0x00000150       0x18 ndh-c12832a1z/font.o
 .debug_aranges
                0x00000168       0x30 ndh-c12832a1z/graphic_lcd.o
 .debug_aranges
                0x00000198       0x88 ndh-c12832a1z/st7565r.o
 .debug_aranges
                0x00000220       0x20 nrf24l01-plus/hal_nrf_f32x_hw.o
 .debug_aranges
                0x00000240      0x218 nrf24l01-plus/hal_nrf_l01.o
 .debug_aranges
                0x00000458       0x48 nrf24l01-plus/radio.o
 .debug_aranges
                0x000004a0       0x20 nrf24l01-plus/radio_pl.o
 .debug_aranges
                0x000004c0       0x20 real_time_clock.o

.debug_pubnames
 *(.debug_pubnames)

.debug_info     0x00000000     0x3eea
 *(.debug_info .gnu.linkonce.wi.*)
 .debug_info    0x00000000      0x409 avr/i2c.o
 .debug_info    0x00000409       0xa7 avr/interrupt.o
 .debug_info    0x000004b0       0xf6 avr/spi.o
 .debug_info    0x000005a6      0x1d6 avr/uart.o
 .debug_info    0x0000077c      0x2b2 hdc1050/hdc1050.o
 .debug_info    0x00000a2e      0x28a init.o
 .debug_info    0x00000cb8      0x9b3 main.o
 .debug_info    0x0000166b       0x97 ndh-c12832a1z/font.o
 .debug_info    0x00001702      0x28a ndh-c12832a1z/graphic_lcd.o
 .debug_info    0x0000198c      0x541 ndh-c12832a1z/st7565r.o
 .debug_info    0x00001ecd       0xf7 nrf24l01-plus/hal_nrf_f32x_hw.o
 .debug_info    0x00001fc4     0x1500 nrf24l01-plus/hal_nrf_l01.o
 .debug_info    0x000034c4      0x43e nrf24l01-plus/radio.o
 .debug_info    0x00003902      0x50a nrf24l01-plus/radio_pl.o
 .debug_info    0x00003e0c       0xde real_time_clock.o

.debug_abbrev   0x00000000     0x1320
 *(.debug_abbrev)
 .debug_abbrev  0x00000000      0x1c2 avr/i2c.o
 .debug_abbrev  0x000001c2       0x71 avr/interrupt.o
 .debug_abbrev  0x00000233       0x87 avr/spi.o
 .debug_abbrev  0x000002ba      0x129 avr/uart.o
 .debug_abbrev  0x000003e3      0x131 hdc1050/hdc1050.o
 .debug_abbrev  0x00000514      0x181 init.o
 .debug_abbrev  0x00000695      0x257 main.o
 .debug_abbrev  0x000008ec       0x5d ndh-c12832a1z/font.o
 .debug_abbrev  0x00000949      0x13f ndh-c12832a1z/graphic_lcd.o
 .debug_abbrev  0x00000a88      0x17f ndh-c12832a1z/st7565r.o
 .debug_abbrev  0x00000c07       0xcb nrf24l01-plus/hal_nrf_f32x_hw.o
 .debug_abbrev  0x00000cd2      0x1e2 nrf24l01-plus/hal_nrf_l01.o
 .debug_abbrev  0x00000eb4      0x246 nrf24l01-plus/radio.o
 .debug_abbrev  0x000010fa      0x185 nrf24l01-plus/radio_pl.o
 .debug_abbrev  0x0000127f       0xa1 real_time_clock.o

.debug_line     0x00000000     0x1781
 *(.debug_line .debug_line.* .debug_line_end)
 .debug_line    0x00000000      0x21b avr/i2c.o
 .debug_line    0x0000021b       0xa8 avr/interrupt.o
 .debug_line    0x000002c3       0xd7 avr/spi.o
 .debug_line    0x0000039a       0xde avr/uart.o
 .debug_line    0x00000478      0x10e hdc1050/hdc1050.o
 .debug_line    0x00000586      0x17d init.o
 .debug_line    0x00000703      0x25f main.o
 .debug_line    0x00000962       0x97 ndh-c12832a1z/font.o
 .debug_line    0x000009f9      0x12a ndh-c12832a1z/graphic_lcd.o
 .debug_line    0x00000b23      0x240 ndh-c12832a1z/st7565r.o
 .debug_line    0x00000d63       0xd5 nrf24l01-plus/hal_nrf_f32x_hw.o
 .debug_line    0x00000e38      0x585 nrf24l01-plus/hal_nrf_l01.o
 .debug_line    0x000013bd      0x1bc nrf24l01-plus/radio.o
 .debug_line    0x00001579      0x162 nrf24l01-plus/radio_pl.o
 .debug_line    0x000016db       0xa6 real_time_clock.o

.debug_frame    0x00000000      0xb18
 *(.debug_frame)
 .debug_frame   0x00000000       0xdc avr/i2c.o
 .debug_frame   0x000000dc       0x24 avr/interrupt.o
 .debug_frame   0x00000100       0x54 avr/spi.o
 .debug_frame   0x00000154       0x4c avr/uart.o
 .debug_frame   0x000001a0       0xbc hdc1050/hdc1050.o
 .debug_frame   0x0000025c       0x24 init.o
 .debug_frame   0x00000280       0x70 main.o
 .debug_frame   0x000002f0       0x94 ndh-c12832a1z/graphic_lcd.o
 .debug_frame   0x00000384      0x124 ndh-c12832a1z/st7565r.o
 .debug_frame   0x000004a8       0x34 nrf24l01-plus/hal_nrf_f32x_hw.o
 .debug_frame   0x000004dc      0x4e0 nrf24l01-plus/hal_nrf_l01.o
 .debug_frame   0x000009bc       0xbc nrf24l01-plus/radio.o
 .debug_frame   0x00000a78       0x34 nrf24l01-plus/radio_pl.o
 .debug_frame   0x00000aac       0x6c real_time_clock.o

.debug_str      0x00000000     0x11e2
 *(.debug_str)
 .debug_str     0x00000000      0x21e avr/i2c.o
                                0x264 (size before relaxing)
 .debug_str     0x0000021e       0x34 avr/interrupt.o
                                0x1a3 (size before relaxing)
 .debug_str     0x00000252       0x37 avr/spi.o
                                0x1ab (size before relaxing)
 .debug_str     0x00000289       0x5a avr/uart.o
                                0x1cf (size before relaxing)
 .debug_str     0x000002e3      0x158 hdc1050/hdc1050.o
                                0x314 (size before relaxing)
 .debug_str     0x0000043b       0x37 init.o
                                0x248 (size before relaxing)
 .debug_str     0x00000472      0x296 main.o
                                0x4be (size before relaxing)
 .debug_str     0x00000708       0x27 ndh-c12832a1z/font.o
                                0x19f (size before relaxing)
 .debug_str     0x0000072f       0xc7 ndh-c12832a1z/graphic_lcd.o
                                0x27e (size before relaxing)
 .debug_str     0x000007f6       0xf1 ndh-c12832a1z/st7565r.o
                                0x35b (size before relaxing)
 .debug_str     0x000008e7       0x34 nrf24l01-plus/hal_nrf_f32x_hw.o
                                0x1bf (size before relaxing)
 .debug_str     0x0000091b      0x7fa nrf24l01-plus/hal_nrf_l01.o
                                0xb2d (size before relaxing)
 .debug_str     0x00001115       0x72 nrf24l01-plus/radio.o
                                0x375 (size before relaxing)
 .debug_str     0x00001187       0x2d nrf24l01-plus/radio_pl.o
                                0x522 (size before relaxing)
 .debug_str     0x000011b4       0x2e real_time_clock.o
                                0x1a0 (size before relaxing)

.debug_loc      0x00000000     0x2080
 *(.debug_loc)
 .debug_loc     0x00000000      0x57d avr/i2c.o
 .debug_loc     0x0000057d       0x28 avr/spi.o
 .debug_loc     0x000005a5       0x98 avr/uart.o
 .debug_loc     0x0000063d      0x298 hdc1050/hdc1050.o
 .debug_loc     0x000008d5      0x1fa main.o
 .debug_loc     0x00000acf      0x275 ndh-c12832a1z/graphic_lcd.o
 .debug_loc     0x00000d44      0x265 ndh-c12832a1z/st7565r.o
 .debug_loc     0x00000fa9       0x97 nrf24l01-plus/hal_nrf_f32x_hw.o
 .debug_loc     0x00001040      0xd54 nrf24l01-plus/hal_nrf_l01.o
 .debug_loc     0x00001d94      0x183 nrf24l01-plus/radio.o
 .debug_loc     0x00001f17       0x9e nrf24l01-plus/radio_pl.o
 .debug_loc     0x00001fb5       0xcb real_time_clock.o

.debug_macinfo
 *(.debug_macinfo)

.debug_weaknames
 *(.debug_weaknames)

.debug_funcnames
 *(.debug_funcnames)

.debug_typenames
 *(.debug_typenames)

.debug_varnames
 *(.debug_varnames)

.debug_pubtypes
 *(.debug_pubtypes)

.debug_ranges   0x00000000      0x430
 *(.debug_ranges)
 .debug_ranges  0x00000000       0x80 avr/i2c.o
 .debug_ranges  0x00000080       0x10 avr/interrupt.o
 .debug_ranges  0x00000090       0x28 avr/spi.o
 .debug_ranges  0x000000b8       0x20 avr/uart.o
 .debug_ranges  0x000000d8       0x20 hdc1050/hdc1050.o
 .debug_ranges  0x000000f8       0x10 init.o
 .debug_ranges  0x00000108       0x20 main.o
 .debug_ranges  0x00000128       0x20 ndh-c12832a1z/graphic_lcd.o
 .debug_ranges  0x00000148       0x78 ndh-c12832a1z/st7565r.o
 .debug_ranges  0x000001c0       0x10 nrf24l01-plus/hal_nrf_f32x_hw.o
 .debug_ranges  0x000001d0      0x208 nrf24l01-plus/hal_nrf_l01.o
 .debug_ranges  0x000003d8       0x38 nrf24l01-plus/radio.o
 .debug_ranges  0x00000410       0x10 nrf24l01-plus/radio_pl.o
 .debug_ranges  0x00000420       0x10 real_time_clock.o

.debug_macro
 *(.debug_macro)
OUTPUT(ism_tranceiver.elf elf32-avr)
LOAD linker stubs
