Archive member included because of file (symbol)

c:/program files (x86)/atmel/atmel toolchain/avr8 gcc/native/3.4.1061/avr8-gnu-toolchain/bin/../lib/gcc/avr/4.8.1/avr5\libgcc.a(_exit.o)
                              c:/program files (x86)/atmel/atmel toolchain/avr8 gcc/native/3.4.1061/avr8-gnu-toolchain/bin/../lib/gcc/avr/4.8.1/../../../../avr/lib/avr5/crtm328.o (exit)
c:/program files (x86)/atmel/atmel toolchain/avr8 gcc/native/3.4.1061/avr8-gnu-toolchain/bin/../lib/gcc/avr/4.8.1/avr5\libgcc.a(_copy_data.o)
                              init.o (__do_copy_data)
c:/program files (x86)/atmel/atmel toolchain/avr8 gcc/native/3.4.1061/avr8-gnu-toolchain/bin/../lib/gcc/avr/4.8.1/avr5\libgcc.a(_clear_bss.o)
                              nrf24l01-plus/application_pl.o (__do_clear_bss)
c:/program files (x86)/atmel/atmel toolchain/avr8 gcc/native/3.4.1061/avr8-gnu-toolchain/bin/../lib/gcc/avr/4.8.1/avr5\libgcc.a(_umulhisi3.o)
                              nrf24l01-plus/hal_nrf_l01.o (__umulhisi3)
c:/program files (x86)/atmel/atmel toolchain/avr8 gcc/native/3.4.1061/avr8-gnu-toolchain/bin/../lib/gcc/avr/4.8.1/../../../../avr/lib/avr5\libc.a(iob.o)
                              init.o (__iob)

Allocating common symbols
Common symbol       size              file

pload_pl            0xa               nrf24l01-plus/application_pl.o
__iob               0x6               c:/program files (x86)/atmel/atmel toolchain/avr8 gcc/native/3.4.1061/avr8-gnu-toolchain/bin/../lib/gcc/avr/4.8.1/../../../../avr/lib/avr5\libc.a(iob.o)

Discarded input sections

 .data          0x00000000        0x0 c:/program files (x86)/atmel/atmel toolchain/avr8 gcc/native/3.4.1061/avr8-gnu-toolchain/bin/../lib/gcc/avr/4.8.1/../../../../avr/lib/avr5/crtm328.o
 .bss           0x00000000        0x0 c:/program files (x86)/atmel/atmel toolchain/avr8 gcc/native/3.4.1061/avr8-gnu-toolchain/bin/../lib/gcc/avr/4.8.1/../../../../avr/lib/avr5/crtm328.o
 .text          0x00000000        0x0 avr/i2c.o
 .data          0x00000000        0x0 avr/i2c.o
 .bss           0x00000000        0x0 avr/i2c.o
 .text.i2c_start
                0x00000000       0x50 avr/i2c.o
 .text.i2c_write
                0x00000000       0x28 avr/i2c.o
 .text.i2c_write_reg
                0x00000000       0x64 avr/i2c.o
 .text.i2c_read_reg
                0x00000000       0xb4 avr/i2c.o
 .text          0x00000000        0x0 avr/spi.o
 .data          0x00000000        0x0 avr/spi.o
 .bss           0x00000000        0x0 avr/spi.o
 .text          0x00000000        0x0 avr/uart.o
 .data          0x00000000        0x0 avr/uart.o
 .bss           0x00000000        0x0 avr/uart.o
 .text          0x00000000        0x0 init.o
 .data          0x00000000        0x0 init.o
 .bss           0x00000000        0x0 init.o
 .text          0x00000000        0x0 main.o
 .data          0x00000000        0x0 main.o
 .bss           0x00000000        0x0 main.o
 .text          0x00000000        0x0 ndh-c12832a1z/font.o
 .data          0x00000000        0x0 ndh-c12832a1z/font.o
 .bss           0x00000000        0x0 ndh-c12832a1z/font.o
 .text          0x00000000        0x0 ndh-c12832a1z/graphic_lcd.o
 .data          0x00000000        0x0 ndh-c12832a1z/graphic_lcd.o
 .bss           0x00000000        0x0 ndh-c12832a1z/graphic_lcd.o
 .text.graphic_lcd_write_rssi
                0x00000000       0x28 ndh-c12832a1z/graphic_lcd.o
 .text          0x00000000        0x0 ndh-c12832a1z/st7565r.o
 .data          0x00000000        0x0 ndh-c12832a1z/st7565r.o
 .bss           0x00000000        0x0 ndh-c12832a1z/st7565r.o
 .text.st7565r_soft_reset
                0x00000000        0x8 ndh-c12832a1z/st7565r.o
 .text.st7565r_display_off
                0x00000000        0x8 ndh-c12832a1z/st7565r.o
 .text.st7565r_set_all_pixels
                0x00000000       0x14 ndh-c12832a1z/st7565r.o
 .text.st7565r_display_invert_enable
                0x00000000        0x8 ndh-c12832a1z/st7565r.o
 .text          0x00000000        0x0 nrf24l01-plus/application_pl.o
 .data          0x00000000        0x0 nrf24l01-plus/application_pl.o
 .bss           0x00000000        0x0 nrf24l01-plus/application_pl.o
 .text.device_ptx_mode_pl
                0x00000000        0x2 nrf24l01-plus/application_pl.o
 COMMON         0x00000000        0xa nrf24l01-plus/application_pl.o
 .text          0x00000000        0x0 nrf24l01-plus/hal_nrf_f32x_hw.o
 .data          0x00000000        0x0 nrf24l01-plus/hal_nrf_f32x_hw.o
 .bss           0x00000000        0x0 nrf24l01-plus/hal_nrf_f32x_hw.o
 .text.hal_spi_init
                0x00000000        0x2 nrf24l01-plus/hal_nrf_f32x_hw.o
 .text          0x00000000        0x0 nrf24l01-plus/hal_nrf_l01.o
 .data          0x00000000        0x0 nrf24l01-plus/hal_nrf_l01.o
 .bss           0x00000000        0x0 nrf24l01-plus/hal_nrf_l01.o
 .text.hal_nrf_write_ack_pload
                0x00000000       0x38 nrf24l01-plus/hal_nrf_l01.o
 .text.hal_nrf_read_rx_pl_w
                0x00000000       0x12 nrf24l01-plus/hal_nrf_l01.o
 .text.hal_nrf_get_irq_mode
                0x00000000       0x24 nrf24l01-plus/hal_nrf_l01.o
 .text.hal_nrf_get_crc_mode
                0x00000000        0xe nrf24l01-plus/hal_nrf_l01.o
 .text.hal_nrf_get_pipe_status
                0x00000000       0x5a nrf24l01-plus/hal_nrf_l01.o
 .text.hal_nrf_get_auto_retr_status
                0x00000000        0x8 nrf24l01-plus/hal_nrf_l01.o
 .text.hal_nrf_get_packet_lost_ctr
                0x00000000        0xc nrf24l01-plus/hal_nrf_l01.o
 .text.hal_nrf_get_rx_pload_width
                0x00000000        0x8 nrf24l01-plus/hal_nrf_l01.o
 .text.hal_nrf_get_operation_mode
                0x00000000        0xa nrf24l01-plus/hal_nrf_l01.o
 .text.hal_nrf_get_power_mode
                0x00000000        0xc nrf24l01-plus/hal_nrf_l01.o
 .text.hal_nrf_get_rf_channel
                0x00000000        0x8 nrf24l01-plus/hal_nrf_l01.o
 .text.hal_nrf_get_output_power
                0x00000000        0xc nrf24l01-plus/hal_nrf_l01.o
 .text.hal_nrf_get_datarate
                0x00000000        0xe nrf24l01-plus/hal_nrf_l01.o
 .text.hal_nrf_rx_fifo_full
                0x00000000        0xa nrf24l01-plus/hal_nrf_l01.o
 .text.hal_nrf_tx_fifo_empty
                0x00000000        0xc nrf24l01-plus/hal_nrf_l01.o
 .text.hal_nrf_tx_fifo_full
                0x00000000        0xe nrf24l01-plus/hal_nrf_l01.o
 .text.hal_nrf_get_tx_fifo_status
                0x00000000        0xe nrf24l01-plus/hal_nrf_l01.o
 .text.hal_nrf_get_rx_fifo_status
                0x00000000        0xa nrf24l01-plus/hal_nrf_l01.o
 .text.hal_nrf_get_fifo_status
                0x00000000        0x8 nrf24l01-plus/hal_nrf_l01.o
 .text.hal_nrf_get_reuse_tx_status
                0x00000000        0xe nrf24l01-plus/hal_nrf_l01.o
 .text.hal_nrf_get_transmit_attempts
                0x00000000        0xa nrf24l01-plus/hal_nrf_l01.o
 .text.hal_nrf_get_carrier_detect
                0x00000000        0xa nrf24l01-plus/hal_nrf_l01.o
 .text.hal_nrf_get_pll_mode
                0x00000000        0xc nrf24l01-plus/hal_nrf_l01.o
 .text.hal_nrf_get_lna_gain
                0x00000000        0xa nrf24l01-plus/hal_nrf_l01.o
 .text.hal_nrf_set_irq_mode
                0x00000000       0x4c nrf24l01-plus/hal_nrf_l01.o
 .text.hal_nrf_get_clear_irq_flags
                0x00000000        0xc nrf24l01-plus/hal_nrf_l01.o
 .text.hal_nrf_clear_irq_flag
                0x00000000       0x16 nrf24l01-plus/hal_nrf_l01.o
 .text.hal_nrf_set_output_power
                0x00000000       0x1c nrf24l01-plus/hal_nrf_l01.o
 .text.hal_nrf_set_datarate
                0x00000000       0x28 nrf24l01-plus/hal_nrf_l01.o
 .text.hal_nrf_disable_dynamic_pl
                0x00000000       0x12 nrf24l01-plus/hal_nrf_l01.o
 .text.hal_nrf_disable_ack_pl
                0x00000000       0x12 nrf24l01-plus/hal_nrf_l01.o
 .text.hal_nrf_enable_dynamic_ack
                0x00000000       0x12 nrf24l01-plus/hal_nrf_l01.o
 .text.hal_nrf_disable_dynamic_ack
                0x00000000       0x12 nrf24l01-plus/hal_nrf_l01.o
 .text.hal_nrf_reuse_tx
                0x00000000        0xa nrf24l01-plus/hal_nrf_l01.o
 .text.hal_nrf_flush_rx
                0x00000000        0xa nrf24l01-plus/hal_nrf_l01.o
 .text.hal_nrf_flush_tx
                0x00000000        0xa nrf24l01-plus/hal_nrf_l01.o
 .text.hal_nrf_nop
                0x00000000        0xa nrf24l01-plus/hal_nrf_l01.o
 .text.hal_nrf_get_irq_flags
                0x00000000        0x8 nrf24l01-plus/hal_nrf_l01.o
 .text.hal_nrf_get_rx_data_source
                0x00000000        0xa nrf24l01-plus/hal_nrf_l01.o
 .text.hal_nrf_rx_fifo_empty
                0x00000000       0x10 nrf24l01-plus/hal_nrf_l01.o
 .text.hal_nrf_set_pll_mode
                0x00000000       0x28 nrf24l01-plus/hal_nrf_l01.o
 .text.hal_nrf_set_lna_gain
                0x00000000       0x28 nrf24l01-plus/hal_nrf_l01.o
 .text.hal_nrf_read_multibyte_reg
                0x00000000       0x82 nrf24l01-plus/hal_nrf_l01.o
 .text.hal_nrf_get_address
                0x00000000       0x28 nrf24l01-plus/hal_nrf_l01.o
 .text.hal_nrf_read_rx_pload
                0x00000000        0xa nrf24l01-plus/hal_nrf_l01.o
 .text.hal_nrf_write_tx_pload
                0x00000000        0xc nrf24l01-plus/hal_nrf_l01.o
 .text          0x00000000        0x0 nrf24l01-plus/radio.o
 .data          0x00000000        0x0 nrf24l01-plus/radio.o
 .bss           0x00000000        0x0 nrf24l01-plus/radio.o
 .text.radio_send_packet
                0x00000000       0x18 nrf24l01-plus/radio.o
 .text.radio_get_status
                0x00000000        0x6 nrf24l01-plus/radio.o
 .text.radio_get_pload_byte
                0x00000000        0xc nrf24l01-plus/radio.o
 .text.radio_irq
                0x00000000       0x6a nrf24l01-plus/radio.o
 .bss.pload     0x00000000        0xa nrf24l01-plus/radio.o
 .text          0x00000000        0x0 nrf24l01-plus/radio_pl.o
 .data          0x00000000        0x0 nrf24l01-plus/radio_pl.o
 .bss           0x00000000        0x0 nrf24l01-plus/radio_pl.o
 .text          0x00000000        0x0 c:/program files (x86)/atmel/atmel toolchain/avr8 gcc/native/3.4.1061/avr8-gnu-toolchain/bin/../lib/gcc/avr/4.8.1/avr5\libgcc.a(_exit.o)
 .data          0x00000000        0x0 c:/program files (x86)/atmel/atmel toolchain/avr8 gcc/native/3.4.1061/avr8-gnu-toolchain/bin/../lib/gcc/avr/4.8.1/avr5\libgcc.a(_exit.o)
 .bss           0x00000000        0x0 c:/program files (x86)/atmel/atmel toolchain/avr8 gcc/native/3.4.1061/avr8-gnu-toolchain/bin/../lib/gcc/avr/4.8.1/avr5\libgcc.a(_exit.o)
 .text.libgcc.mul
                0x00000000        0x0 c:/program files (x86)/atmel/atmel toolchain/avr8 gcc/native/3.4.1061/avr8-gnu-toolchain/bin/../lib/gcc/avr/4.8.1/avr5\libgcc.a(_exit.o)
 .text.libgcc.div
                0x00000000        0x0 c:/program files (x86)/atmel/atmel toolchain/avr8 gcc/native/3.4.1061/avr8-gnu-toolchain/bin/../lib/gcc/avr/4.8.1/avr5\libgcc.a(_exit.o)
 .text.libgcc   0x00000000        0x0 c:/program files (x86)/atmel/atmel toolchain/avr8 gcc/native/3.4.1061/avr8-gnu-toolchain/bin/../lib/gcc/avr/4.8.1/avr5\libgcc.a(_exit.o)
 .text.libgcc.prologue
                0x00000000        0x0 c:/program files (x86)/atmel/atmel toolchain/avr8 gcc/native/3.4.1061/avr8-gnu-toolchain/bin/../lib/gcc/avr/4.8.1/avr5\libgcc.a(_exit.o)
 .text.libgcc.builtins
                0x00000000        0x0 c:/program files (x86)/atmel/atmel toolchain/avr8 gcc/native/3.4.1061/avr8-gnu-toolchain/bin/../lib/gcc/avr/4.8.1/avr5\libgcc.a(_exit.o)
 .text.libgcc.fmul
                0x00000000        0x0 c:/program files (x86)/atmel/atmel toolchain/avr8 gcc/native/3.4.1061/avr8-gnu-toolchain/bin/../lib/gcc/avr/4.8.1/avr5\libgcc.a(_exit.o)
 .text.libgcc.fixed
                0x00000000        0x0 c:/program files (x86)/atmel/atmel toolchain/avr8 gcc/native/3.4.1061/avr8-gnu-toolchain/bin/../lib/gcc/avr/4.8.1/avr5\libgcc.a(_exit.o)
 .text          0x00000000        0x0 c:/program files (x86)/atmel/atmel toolchain/avr8 gcc/native/3.4.1061/avr8-gnu-toolchain/bin/../lib/gcc/avr/4.8.1/avr5\libgcc.a(_copy_data.o)
 .data          0x00000000        0x0 c:/program files (x86)/atmel/atmel toolchain/avr8 gcc/native/3.4.1061/avr8-gnu-toolchain/bin/../lib/gcc/avr/4.8.1/avr5\libgcc.a(_copy_data.o)
 .bss           0x00000000        0x0 c:/program files (x86)/atmel/atmel toolchain/avr8 gcc/native/3.4.1061/avr8-gnu-toolchain/bin/../lib/gcc/avr/4.8.1/avr5\libgcc.a(_copy_data.o)
 .text.libgcc.mul
                0x00000000        0x0 c:/program files (x86)/atmel/atmel toolchain/avr8 gcc/native/3.4.1061/avr8-gnu-toolchain/bin/../lib/gcc/avr/4.8.1/avr5\libgcc.a(_copy_data.o)
 .text.libgcc.div
                0x00000000        0x0 c:/program files (x86)/atmel/atmel toolchain/avr8 gcc/native/3.4.1061/avr8-gnu-toolchain/bin/../lib/gcc/avr/4.8.1/avr5\libgcc.a(_copy_data.o)
 .text.libgcc   0x00000000        0x0 c:/program files (x86)/atmel/atmel toolchain/avr8 gcc/native/3.4.1061/avr8-gnu-toolchain/bin/../lib/gcc/avr/4.8.1/avr5\libgcc.a(_copy_data.o)
 .text.libgcc.prologue
                0x00000000        0x0 c:/program files (x86)/atmel/atmel toolchain/avr8 gcc/native/3.4.1061/avr8-gnu-toolchain/bin/../lib/gcc/avr/4.8.1/avr5\libgcc.a(_copy_data.o)
 .text.libgcc.builtins
                0x00000000        0x0 c:/program files (x86)/atmel/atmel toolchain/avr8 gcc/native/3.4.1061/avr8-gnu-toolchain/bin/../lib/gcc/avr/4.8.1/avr5\libgcc.a(_copy_data.o)
 .text.libgcc.fmul
                0x00000000        0x0 c:/program files (x86)/atmel/atmel toolchain/avr8 gcc/native/3.4.1061/avr8-gnu-toolchain/bin/../lib/gcc/avr/4.8.1/avr5\libgcc.a(_copy_data.o)
 .text.libgcc.fixed
                0x00000000        0x0 c:/program files (x86)/atmel/atmel toolchain/avr8 gcc/native/3.4.1061/avr8-gnu-toolchain/bin/../lib/gcc/avr/4.8.1/avr5\libgcc.a(_copy_data.o)
 .text          0x00000000        0x0 c:/program files (x86)/atmel/atmel toolchain/avr8 gcc/native/3.4.1061/avr8-gnu-toolchain/bin/../lib/gcc/avr/4.8.1/avr5\libgcc.a(_clear_bss.o)
 .data          0x00000000        0x0 c:/program files (x86)/atmel/atmel toolchain/avr8 gcc/native/3.4.1061/avr8-gnu-toolchain/bin/../lib/gcc/avr/4.8.1/avr5\libgcc.a(_clear_bss.o)
 .bss           0x00000000        0x0 c:/program files (x86)/atmel/atmel toolchain/avr8 gcc/native/3.4.1061/avr8-gnu-toolchain/bin/../lib/gcc/avr/4.8.1/avr5\libgcc.a(_clear_bss.o)
 .text.libgcc.mul
                0x00000000        0x0 c:/program files (x86)/atmel/atmel toolchain/avr8 gcc/native/3.4.1061/avr8-gnu-toolchain/bin/../lib/gcc/avr/4.8.1/avr5\libgcc.a(_clear_bss.o)
 .text.libgcc.div
                0x00000000        0x0 c:/program files (x86)/atmel/atmel toolchain/avr8 gcc/native/3.4.1061/avr8-gnu-toolchain/bin/../lib/gcc/avr/4.8.1/avr5\libgcc.a(_clear_bss.o)
 .text.libgcc   0x00000000        0x0 c:/program files (x86)/atmel/atmel toolchain/avr8 gcc/native/3.4.1061/avr8-gnu-toolchain/bin/../lib/gcc/avr/4.8.1/avr5\libgcc.a(_clear_bss.o)
 .text.libgcc.prologue
                0x00000000        0x0 c:/program files (x86)/atmel/atmel toolchain/avr8 gcc/native/3.4.1061/avr8-gnu-toolchain/bin/../lib/gcc/avr/4.8.1/avr5\libgcc.a(_clear_bss.o)
 .text.libgcc.builtins
                0x00000000        0x0 c:/program files (x86)/atmel/atmel toolchain/avr8 gcc/native/3.4.1061/avr8-gnu-toolchain/bin/../lib/gcc/avr/4.8.1/avr5\libgcc.a(_clear_bss.o)
 .text.libgcc.fmul
                0x00000000        0x0 c:/program files (x86)/atmel/atmel toolchain/avr8 gcc/native/3.4.1061/avr8-gnu-toolchain/bin/../lib/gcc/avr/4.8.1/avr5\libgcc.a(_clear_bss.o)
 .text.libgcc.fixed
                0x00000000        0x0 c:/program files (x86)/atmel/atmel toolchain/avr8 gcc/native/3.4.1061/avr8-gnu-toolchain/bin/../lib/gcc/avr/4.8.1/avr5\libgcc.a(_clear_bss.o)
 .text          0x00000000        0x0 c:/program files (x86)/atmel/atmel toolchain/avr8 gcc/native/3.4.1061/avr8-gnu-toolchain/bin/../lib/gcc/avr/4.8.1/avr5\libgcc.a(_umulhisi3.o)
 .data          0x00000000        0x0 c:/program files (x86)/atmel/atmel toolchain/avr8 gcc/native/3.4.1061/avr8-gnu-toolchain/bin/../lib/gcc/avr/4.8.1/avr5\libgcc.a(_umulhisi3.o)
 .bss           0x00000000        0x0 c:/program files (x86)/atmel/atmel toolchain/avr8 gcc/native/3.4.1061/avr8-gnu-toolchain/bin/../lib/gcc/avr/4.8.1/avr5\libgcc.a(_umulhisi3.o)
 .text.libgcc.div
                0x00000000        0x0 c:/program files (x86)/atmel/atmel toolchain/avr8 gcc/native/3.4.1061/avr8-gnu-toolchain/bin/../lib/gcc/avr/4.8.1/avr5\libgcc.a(_umulhisi3.o)
 .text.libgcc   0x00000000        0x0 c:/program files (x86)/atmel/atmel toolchain/avr8 gcc/native/3.4.1061/avr8-gnu-toolchain/bin/../lib/gcc/avr/4.8.1/avr5\libgcc.a(_umulhisi3.o)
 .text.libgcc.prologue
                0x00000000        0x0 c:/program files (x86)/atmel/atmel toolchain/avr8 gcc/native/3.4.1061/avr8-gnu-toolchain/bin/../lib/gcc/avr/4.8.1/avr5\libgcc.a(_umulhisi3.o)
 .text.libgcc.builtins
                0x00000000        0x0 c:/program files (x86)/atmel/atmel toolchain/avr8 gcc/native/3.4.1061/avr8-gnu-toolchain/bin/../lib/gcc/avr/4.8.1/avr5\libgcc.a(_umulhisi3.o)
 .text.libgcc.fmul
                0x00000000        0x0 c:/program files (x86)/atmel/atmel toolchain/avr8 gcc/native/3.4.1061/avr8-gnu-toolchain/bin/../lib/gcc/avr/4.8.1/avr5\libgcc.a(_umulhisi3.o)
 .text.libgcc.fixed
                0x00000000        0x0 c:/program files (x86)/atmel/atmel toolchain/avr8 gcc/native/3.4.1061/avr8-gnu-toolchain/bin/../lib/gcc/avr/4.8.1/avr5\libgcc.a(_umulhisi3.o)
 .text          0x00000000        0x0 c:/program files (x86)/atmel/atmel toolchain/avr8 gcc/native/3.4.1061/avr8-gnu-toolchain/bin/../lib/gcc/avr/4.8.1/../../../../avr/lib/avr5\libc.a(iob.o)
 .data          0x00000000        0x0 c:/program files (x86)/atmel/atmel toolchain/avr8 gcc/native/3.4.1061/avr8-gnu-toolchain/bin/../lib/gcc/avr/4.8.1/../../../../avr/lib/avr5\libc.a(iob.o)
 .bss           0x00000000        0x0 c:/program files (x86)/atmel/atmel toolchain/avr8 gcc/native/3.4.1061/avr8-gnu-toolchain/bin/../lib/gcc/avr/4.8.1/../../../../avr/lib/avr5\libc.a(iob.o)

Memory Configuration

Name             Origin             Length             Attributes
text             0x00000000         0x00020000         xr
data             0x00800060         0x0000ffa0         rw !x
eeprom           0x00810000         0x00010000         rw !x
fuse             0x00820000         0x00000400         rw !x
lock             0x00830000         0x00000400         rw !x
signature        0x00840000         0x00000400         rw !x
user_signatures  0x00850000         0x00000400         rw !x
*default*        0x00000000         0xffffffff

Linker script and memory map

Address of section .data set to 0x800100
LOAD c:/program files (x86)/atmel/atmel toolchain/avr8 gcc/native/3.4.1061/avr8-gnu-toolchain/bin/../lib/gcc/avr/4.8.1/../../../../avr/lib/avr5/crtm328.o
LOAD avr/i2c.o
LOAD avr/spi.o
LOAD avr/uart.o
LOAD init.o
LOAD main.o
LOAD ndh-c12832a1z/font.o
LOAD ndh-c12832a1z/graphic_lcd.o
LOAD ndh-c12832a1z/st7565r.o
LOAD nrf24l01-plus/application_pl.o
LOAD nrf24l01-plus/hal_nrf_f32x_hw.o
LOAD nrf24l01-plus/hal_nrf_l01.o
LOAD nrf24l01-plus/radio.o
LOAD nrf24l01-plus/radio_pl.o
START GROUP
LOAD c:/program files (x86)/atmel/atmel toolchain/avr8 gcc/native/3.4.1061/avr8-gnu-toolchain/bin/../lib/gcc/avr/4.8.1/../../../../avr/lib/avr5\libm.a
END GROUP
START GROUP
LOAD c:/program files (x86)/atmel/atmel toolchain/avr8 gcc/native/3.4.1061/avr8-gnu-toolchain/bin/../lib/gcc/avr/4.8.1/avr5\libgcc.a
LOAD c:/program files (x86)/atmel/atmel toolchain/avr8 gcc/native/3.4.1061/avr8-gnu-toolchain/bin/../lib/gcc/avr/4.8.1/../../../../avr/lib/avr5\libm.a
LOAD c:/program files (x86)/atmel/atmel toolchain/avr8 gcc/native/3.4.1061/avr8-gnu-toolchain/bin/../lib/gcc/avr/4.8.1/../../../../avr/lib/avr5\libc.a
END GROUP

.hash
 *(.hash)

.dynsym
 *(.dynsym)

.dynstr
 *(.dynstr)

.gnu.version
 *(.gnu.version)

.gnu.version_d
 *(.gnu.version_d)

.gnu.version_r
 *(.gnu.version_r)

.rel.init
 *(.rel.init)

.rela.init
 *(.rela.init)

.rel.text
 *(.rel.text)
 *(.rel.text.*)
 *(.rel.gnu.linkonce.t*)

.rela.text
 *(.rela.text)
 *(.rela.text.*)
 *(.rela.gnu.linkonce.t*)

.rel.fini
 *(.rel.fini)

.rela.fini
 *(.rela.fini)

.rel.rodata
 *(.rel.rodata)
 *(.rel.rodata.*)
 *(.rel.gnu.linkonce.r*)

.rela.rodata
 *(.rela.rodata)
 *(.rela.rodata.*)
 *(.rela.gnu.linkonce.r*)

.rel.data
 *(.rel.data)
 *(.rel.data.*)
 *(.rel.gnu.linkonce.d*)

.rela.data
 *(.rela.data)
 *(.rela.data.*)
 *(.rela.gnu.linkonce.d*)

.rel.ctors
 *(.rel.ctors)

.rela.ctors
 *(.rela.ctors)

.rel.dtors
 *(.rel.dtors)

.rela.dtors
 *(.rela.dtors)

.rel.got
 *(.rel.got)

.rela.got
 *(.rela.got)

.rel.bss
 *(.rel.bss)

.rela.bss
 *(.rela.bss)

.rel.plt
 *(.rel.plt)

.rela.plt
 *(.rela.plt)

.text           0x00000000      0x966
 *(.vectors)
 .vectors       0x00000000       0x68 c:/program files (x86)/atmel/atmel toolchain/avr8 gcc/native/3.4.1061/avr8-gnu-toolchain/bin/../lib/gcc/avr/4.8.1/../../../../avr/lib/avr5/crtm328.o
                0x00000000                __vector_default
                0x00000000                __vectors
 *(.vectors)
 *(.progmem.gcc*)
                0x00000068                . = ALIGN (0x2)
                0x00000068                __trampolines_start = .
 *(.trampolines)
 .trampolines   0x00000068        0x0 linker stubs
 *(.trampolines*)
                0x00000068                __trampolines_end = .
 *(.progmem*)
 .progmem.data.font_5x8_table
                0x00000068      0x1c7 ndh-c12832a1z/font.o
                0x00000068                font_5x8_table
                0x00000230                . = ALIGN (0x2)
 *fill*         0x0000022f        0x1 
 *(.jumptables)
 *(.jumptables*)
 *(.lowtext)
 *(.lowtext*)
                0x00000230                __ctors_start = .
 *(.ctors)
                0x00000230                __ctors_end = .
                0x00000230                __dtors_start = .
 *(.dtors)
                0x00000230                __dtors_end = .
 SORT(*)(.ctors)
 SORT(*)(.dtors)
 *(.init0)
 .init0         0x00000230        0x0 c:/program files (x86)/atmel/atmel toolchain/avr8 gcc/native/3.4.1061/avr8-gnu-toolchain/bin/../lib/gcc/avr/4.8.1/../../../../avr/lib/avr5/crtm328.o
                0x00000230                __init
 *(.init0)
 *(.init1)
 *(.init1)
 *(.init2)
 .init2         0x00000230        0xc c:/program files (x86)/atmel/atmel toolchain/avr8 gcc/native/3.4.1061/avr8-gnu-toolchain/bin/../lib/gcc/avr/4.8.1/../../../../avr/lib/avr5/crtm328.o
 *(.init2)
 *(.init3)
 *(.init3)
 *(.init4)
 .init4         0x0000023c       0x16 c:/program files (x86)/atmel/atmel toolchain/avr8 gcc/native/3.4.1061/avr8-gnu-toolchain/bin/../lib/gcc/avr/4.8.1/avr5\libgcc.a(_copy_data.o)
                0x0000023c                __do_copy_data
 .init4         0x00000252       0x10 c:/program files (x86)/atmel/atmel toolchain/avr8 gcc/native/3.4.1061/avr8-gnu-toolchain/bin/../lib/gcc/avr/4.8.1/avr5\libgcc.a(_clear_bss.o)
                0x00000252                __do_clear_bss
 *(.init4)
 *(.init5)
 *(.init5)
 *(.init6)
 *(.init6)
 *(.init7)
 *(.init7)
 *(.init8)
 *(.init8)
 *(.init9)
 .init9         0x00000262        0x8 c:/program files (x86)/atmel/atmel toolchain/avr8 gcc/native/3.4.1061/avr8-gnu-toolchain/bin/../lib/gcc/avr/4.8.1/../../../../avr/lib/avr5/crtm328.o
 *(.init9)
 *(.text)
 .text          0x0000026a        0x4 c:/program files (x86)/atmel/atmel toolchain/avr8 gcc/native/3.4.1061/avr8-gnu-toolchain/bin/../lib/gcc/avr/4.8.1/../../../../avr/lib/avr5/crtm328.o
                0x0000026a                __vector_22
                0x0000026a                __vector_1
                0x0000026a                __vector_24
                0x0000026a                __vector_12
                0x0000026a                __bad_interrupt
                0x0000026a                __vector_6
                0x0000026a                __vector_3
                0x0000026a                __vector_23
                0x0000026a                __vector_25
                0x0000026a                __vector_11
                0x0000026a                __vector_13
                0x0000026a                __vector_17
                0x0000026a                __vector_19
                0x0000026a                __vector_7
                0x0000026a                __vector_5
                0x0000026a                __vector_4
                0x0000026a                __vector_9
                0x0000026a                __vector_2
                0x0000026a                __vector_21
                0x0000026a                __vector_15
                0x0000026a                __vector_8
                0x0000026a                __vector_14
                0x0000026a                __vector_10
                0x0000026a                __vector_16
                0x0000026a                __vector_18
                0x0000026a                __vector_20
                0x0000026e                . = ALIGN (0x2)
 *(.text.*)
 .text.i2c_init
                0x0000026e        0xc avr/i2c.o
                0x0000026e                i2c_init
 .text.spi_init
                0x0000027a        0xe avr/spi.o
                0x0000027a                spi_init
 .text.spi_transmit
                0x00000288       0x18 avr/spi.o
                0x00000288                spi_transmit
 .text.uart_init
                0x000002a0       0x26 avr/uart.o
                0x000002a0                uart_init
 .text.uart_putchar
                0x000002c6       0x20 avr/uart.o
                0x000002c6                uart_putchar
 .text.uart_getchar
                0x000002e6       0x10 avr/uart.o
                0x000002e6                uart_getchar
 .text.init_hardware
                0x000002f6       0x44 init.o
                0x000002f6                init_hardware
 .text.error    0x0000033a       0x1e main.o
                0x0000033a                error
 .text.main     0x00000358       0x6e main.o
                0x00000358                main
 .text.graphic_lcd_clear_screen
                0x000003c6       0x4c ndh-c12832a1z/graphic_lcd.o
                0x000003c6                graphic_lcd_clear_screen
 .text.graphic_lcd_write
                0x00000412       0x9e ndh-c12832a1z/graphic_lcd.o
                0x00000412                graphic_lcd_write
 .text.st7565r_write_command
                0x000004b0       0x22 ndh-c12832a1z/st7565r.o
                0x000004b0                st7565r_write_command
 .text.st7565r_write_data
                0x000004d2       0x24 ndh-c12832a1z/st7565r.o
                0x000004d2                st7565r_write_data
 .text.st7565r_hard_reset
                0x000004f6       0x1e ndh-c12832a1z/st7565r.o
                0x000004f6                st7565r_hard_reset
 .text.st7565r_set_page_address
                0x00000514        0xa ndh-c12832a1z/st7565r.o
                0x00000514                st7565r_set_page_address
 .text.st7565r_set_column_address
                0x0000051e       0x1c ndh-c12832a1z/st7565r.o
                0x0000051e                st7565r_set_column_address
 .text.st7565r_set_display_start_line_address
                0x0000053a        0xa ndh-c12832a1z/st7565r.o
                0x0000053a                st7565r_set_display_start_line_address
 .text.st7565r_display_on
                0x00000544        0x8 ndh-c12832a1z/st7565r.o
                0x00000544                st7565r_display_on
 .text.st7565r_set_contrast
                0x0000054c       0x26 ndh-c12832a1z/st7565r.o
                0x0000054c                st7565r_set_contrast
 .text.st7565r_display_invert_disable
                0x00000572        0x8 ndh-c12832a1z/st7565r.o
                0x00000572                st7565r_display_invert_disable
 .text.st7565r_init
                0x0000057a       0x40 ndh-c12832a1z/st7565r.o
                0x0000057a                st7565r_init
 .text.device_prx_mode_pl
                0x000005ba        0x4 nrf24l01-plus/application_pl.o
                0x000005ba                device_prx_mode_pl
 .text.hal_nrf_rw
                0x000005be       0x16 nrf24l01-plus/hal_nrf_f32x_hw.o
                0x000005be                hal_nrf_rw
 .text.hal_nrf_lock_unlock
                0x000005d4       0x12 nrf24l01-plus/hal_nrf_l01.o
                0x000005d4                hal_nrf_lock_unlock
 .text.hal_nrf_read_reg
                0x000005e6       0x10 nrf24l01-plus/hal_nrf_l01.o
                0x000005e6                hal_nrf_read_reg
 .text.hal_nrf_get_address_width
                0x000005f6        0xa nrf24l01-plus/hal_nrf_l01.o
                0x000005f6                hal_nrf_get_address_width
 .text.hal_nrf_write_reg
                0x00000600       0x46 nrf24l01-plus/hal_nrf_l01.o
                0x00000600                hal_nrf_write_reg
 .text.hal_nrf_set_crc_mode
                0x00000646       0x1e nrf24l01-plus/hal_nrf_l01.o
                0x00000646                hal_nrf_set_crc_mode
 .text.hal_nrf_open_pipe
                0x00000664       0x86 nrf24l01-plus/hal_nrf_l01.o
                0x00000664                hal_nrf_open_pipe
 .text.hal_nrf_close_pipe
                0x000006ea       0x58 nrf24l01-plus/hal_nrf_l01.o
                0x000006ea                hal_nrf_close_pipe
 .text.hal_nrf_set_auto_retr
                0x00000742       0x34 nrf24l01-plus/hal_nrf_l01.o
                0x00000742                hal_nrf_set_auto_retr
 .text.hal_nrf_set_address_width
                0x00000776        0xc nrf24l01-plus/hal_nrf_l01.o
                0x00000776                hal_nrf_set_address_width
 .text.hal_nrf_set_rx_pload_width
                0x00000782        0x8 nrf24l01-plus/hal_nrf_l01.o
                0x00000782                hal_nrf_set_rx_pload_width
 .text.hal_nrf_set_operation_mode
                0x0000078a       0x28 nrf24l01-plus/hal_nrf_l01.o
                0x0000078a                hal_nrf_set_operation_mode
 .text.hal_nrf_set_power_mode
                0x000007b2       0x28 nrf24l01-plus/hal_nrf_l01.o
                0x000007b2                hal_nrf_set_power_mode
 .text.hal_nrf_set_rf_channel
                0x000007da        0xa nrf24l01-plus/hal_nrf_l01.o
                0x000007da                hal_nrf_set_rf_channel
 .text.hal_nrf_setup_dyn_pl
                0x000007e4        0xc nrf24l01-plus/hal_nrf_l01.o
                0x000007e4                hal_nrf_setup_dyn_pl
 .text.hal_nrf_enable_dynamic_pl
                0x000007f0       0x12 nrf24l01-plus/hal_nrf_l01.o
                0x000007f0                hal_nrf_enable_dynamic_pl
 .text.hal_nrf_enable_ack_pl
                0x00000802       0x12 nrf24l01-plus/hal_nrf_l01.o
                0x00000802                hal_nrf_enable_ack_pl
 .text.hal_nrf_write_multibyte_reg
                0x00000814       0x60 nrf24l01-plus/hal_nrf_l01.o
                0x00000814                hal_nrf_write_multibyte_reg
 .text.hal_nrf_set_address
                0x00000874       0x22 nrf24l01-plus/hal_nrf_l01.o
                0x00000874                hal_nrf_set_address
 .text.radio_set_status
                0x00000896        0x6 nrf24l01-plus/radio.o
                0x00000896                radio_set_status
 .text.radio_pl_init
                0x0000089c       0xa8 nrf24l01-plus/radio_pl.o
                0x0000089c                radio_pl_init
 .text.libgcc.mul
                0x00000944       0x1e c:/program files (x86)/atmel/atmel toolchain/avr8 gcc/native/3.4.1061/avr8-gnu-toolchain/bin/../lib/gcc/avr/4.8.1/avr5\libgcc.a(_umulhisi3.o)
                0x00000944                __umulhisi3
                0x00000962                . = ALIGN (0x2)
 *(.fini9)
 .fini9         0x00000962        0x0 c:/program files (x86)/atmel/atmel toolchain/avr8 gcc/native/3.4.1061/avr8-gnu-toolchain/bin/../lib/gcc/avr/4.8.1/avr5\libgcc.a(_exit.o)
                0x00000962                _exit
                0x00000962                exit
 *(.fini9)
 *(.fini8)
 *(.fini8)
 *(.fini7)
 *(.fini7)
 *(.fini6)
 *(.fini6)
 *(.fini5)
 *(.fini5)
 *(.fini4)
 *(.fini4)
 *(.fini3)
 *(.fini3)
 *(.fini2)
 *(.fini2)
 *(.fini1)
 *(.fini1)
 *(.fini0)
 .fini0         0x00000962        0x4 c:/program files (x86)/atmel/atmel toolchain/avr8 gcc/native/3.4.1061/avr8-gnu-toolchain/bin/../lib/gcc/avr/4.8.1/avr5\libgcc.a(_exit.o)
 *(.fini0)
                0x00000966                _etext = .

.data           0x00800100       0x38 load address 0x00000966
                0x00800100                PROVIDE (__data_start, .)
 *(.data)
 *(.data*)
 .data.uart_input
                0x00800100        0xe init.o
                0x00800100                uart_input
 .data.uart_output
                0x0080010e        0xe init.o
                0x0080010e                uart_output
 *(.rodata)
 .rodata        0x0080011c        0x5 main.o
 *(.rodata*)
 .rodata.str1.1
                0x00800121       0x17 main.o
 *(.gnu.linkonce.d*)
                0x00800138                . = ALIGN (0x2)
                0x00800138                _edata = .
                0x00800138                PROVIDE (__data_end, .)

.bss            0x00800138        0x7
                0x00800138                PROVIDE (__bss_start, .)
 *(.bss)
 *(.bss*)
 .bss.status    0x00800138        0x1 nrf24l01-plus/radio.o
 *(COMMON)
 COMMON         0x00800139        0x6 c:/program files (x86)/atmel/atmel toolchain/avr8 gcc/native/3.4.1061/avr8-gnu-toolchain/bin/../lib/gcc/avr/4.8.1/../../../../avr/lib/avr5\libc.a(iob.o)
                0x00800139                __iob
                0x0080013f                PROVIDE (__bss_end, .)
                0x00000966                __data_load_start = LOADADDR (.data)
                0x0000099e                __data_load_end = (__data_load_start + SIZEOF (.data))

.noinit         0x0080013f        0x0
                0x0080013f                PROVIDE (__noinit_start, .)
 *(.noinit*)
                0x0080013f                PROVIDE (__noinit_end, .)
                0x0080013f                _end = .
                0x0080013f                PROVIDE (__heap_start, .)

.eeprom         0x00810000        0x0
 *(.eeprom*)
                0x00810000                __eeprom_end = .

.fuse
 *(.fuse)
 *(.lfuse)
 *(.hfuse)
 *(.efuse)

.lock
 *(.lock*)

.signature
 *(.signature*)

.user_signatures
 *(.user_signatures*)

.stab
 *(.stab)

.stabstr
 *(.stabstr)

.stab.excl
 *(.stab.excl)

.stab.exclstr
 *(.stab.exclstr)

.stab.index
 *(.stab.index)

.stab.indexstr
 *(.stab.indexstr)

.comment        0x00000000       0x30
 *(.comment)
 .comment       0x00000000       0x30 avr/i2c.o
                                 0x31 (size before relaxing)
 .comment       0x00000000       0x31 avr/spi.o
 .comment       0x00000000       0x31 avr/uart.o
 .comment       0x00000000       0x31 init.o
 .comment       0x00000000       0x31 main.o
 .comment       0x00000000       0x31 ndh-c12832a1z/font.o
 .comment       0x00000000       0x31 ndh-c12832a1z/graphic_lcd.o
 .comment       0x00000000       0x31 ndh-c12832a1z/st7565r.o
 .comment       0x00000000       0x31 nrf24l01-plus/application_pl.o
 .comment       0x00000000       0x31 nrf24l01-plus/hal_nrf_f32x_hw.o
 .comment       0x00000000       0x31 nrf24l01-plus/hal_nrf_l01.o
 .comment       0x00000000       0x31 nrf24l01-plus/radio.o
 .comment       0x00000000       0x31 nrf24l01-plus/radio_pl.o
 .comment       0x00000000       0x31 c:/program files (x86)/atmel/atmel toolchain/avr8 gcc/native/3.4.1061/avr8-gnu-toolchain/bin/../lib/gcc/avr/4.8.1/../../../../avr/lib/avr5\libc.a(iob.o)

.note.gnu.build-id
 *(.note.gnu.build-id)

.debug
 *(.debug)

.line
 *(.line)

.debug_srcinfo
 *(.debug_srcinfo)

.debug_sfnames
 *(.debug_sfnames)

.debug_aranges  0x00000000      0x478
 *(.debug_aranges)
 .debug_aranges
                0x00000000       0x40 avr/i2c.o
 .debug_aranges
                0x00000040       0x28 avr/spi.o
 .debug_aranges
                0x00000068       0x30 avr/uart.o
 .debug_aranges
                0x00000098       0x20 init.o
 .debug_aranges
                0x000000b8       0x28 main.o
 .debug_aranges
                0x000000e0       0x18 ndh-c12832a1z/font.o
 .debug_aranges
                0x000000f8       0x30 ndh-c12832a1z/graphic_lcd.o
 .debug_aranges
                0x00000128       0x88 ndh-c12832a1z/st7565r.o
 .debug_aranges
                0x000001b0       0x28 nrf24l01-plus/application_pl.o
 .debug_aranges
                0x000001d8       0x28 nrf24l01-plus/hal_nrf_f32x_hw.o
 .debug_aranges
                0x00000200      0x218 nrf24l01-plus/hal_nrf_l01.o
 .debug_aranges
                0x00000418       0x40 nrf24l01-plus/radio.o
 .debug_aranges
                0x00000458       0x20 nrf24l01-plus/radio_pl.o

.debug_pubnames
 *(.debug_pubnames)

.debug_info     0x00000000     0x320a
 *(.debug_info .gnu.linkonce.wi.*)
 .debug_info    0x00000000      0x2a8 avr/i2c.o
 .debug_info    0x000002a8       0xc2 avr/spi.o
 .debug_info    0x0000036a      0x1d6 avr/uart.o
 .debug_info    0x00000540      0x1e9 init.o
 .debug_info    0x00000729      0x2b2 main.o
 .debug_info    0x000009db       0x97 ndh-c12832a1z/font.o
 .debug_info    0x00000a72      0x28a ndh-c12832a1z/graphic_lcd.o
 .debug_info    0x00000cfc      0x521 ndh-c12832a1z/st7565r.o
 .debug_info    0x0000121d       0xc9 nrf24l01-plus/application_pl.o
 .debug_info    0x000012e6      0x108 nrf24l01-plus/hal_nrf_f32x_hw.o
 .debug_info    0x000013ee     0x14ff nrf24l01-plus/hal_nrf_l01.o
 .debug_info    0x000028ed      0x408 nrf24l01-plus/radio.o
 .debug_info    0x00002cf5      0x515 nrf24l01-plus/radio_pl.o

.debug_abbrev   0x00000000      0xfb6
 *(.debug_abbrev)
 .debug_abbrev  0x00000000      0x15a avr/i2c.o
 .debug_abbrev  0x0000015a       0x87 avr/spi.o
 .debug_abbrev  0x000001e1      0x129 avr/uart.o
 .debug_abbrev  0x0000030a      0x121 init.o
 .debug_abbrev  0x0000042b      0x1c3 main.o
 .debug_abbrev  0x000005ee       0x5d ndh-c12832a1z/font.o
 .debug_abbrev  0x0000064b      0x13f ndh-c12832a1z/graphic_lcd.o
 .debug_abbrev  0x0000078a      0x16c ndh-c12832a1z/st7565r.o
 .debug_abbrev  0x000008f6       0x74 nrf24l01-plus/application_pl.o
 .debug_abbrev  0x0000096a       0xd6 nrf24l01-plus/hal_nrf_f32x_hw.o
 .debug_abbrev  0x00000a40      0x1e2 nrf24l01-plus/hal_nrf_l01.o
 .debug_abbrev  0x00000c22      0x208 nrf24l01-plus/radio.o
 .debug_abbrev  0x00000e2a      0x18c nrf24l01-plus/radio_pl.o

.debug_line     0x00000000     0x1452
 *(.debug_line .debug_line.* .debug_line_end)
 .debug_line    0x00000000      0x160 avr/i2c.o
 .debug_line    0x00000160       0xc4 avr/spi.o
 .debug_line    0x00000224       0xed avr/uart.o
 .debug_line    0x00000311      0x10b init.o
 .debug_line    0x0000041c      0x1e3 main.o
 .debug_line    0x000005ff       0xa6 ndh-c12832a1z/font.o
 .debug_line    0x000006a5      0x12a ndh-c12832a1z/graphic_lcd.o
 .debug_line    0x000007cf      0x25c ndh-c12832a1z/st7565r.o
 .debug_line    0x00000a2b       0xd0 nrf24l01-plus/application_pl.o
 .debug_line    0x00000afb       0xf3 nrf24l01-plus/hal_nrf_f32x_hw.o
 .debug_line    0x00000bee      0x5a1 nrf24l01-plus/hal_nrf_l01.o
 .debug_line    0x0000118f      0x143 nrf24l01-plus/radio.o
 .debug_line    0x000012d2      0x180 nrf24l01-plus/radio_pl.o

.debug_frame    0x00000000      0x924
 *(.debug_frame)
 .debug_frame   0x00000000       0xa8 avr/i2c.o
 .debug_frame   0x000000a8       0x34 avr/spi.o
 .debug_frame   0x000000dc       0x4c avr/uart.o
 .debug_frame   0x00000128       0x24 init.o
 .debug_frame   0x0000014c       0x44 main.o
 .debug_frame   0x00000190       0x94 ndh-c12832a1z/graphic_lcd.o
 .debug_frame   0x00000224      0x124 ndh-c12832a1z/st7565r.o
 .debug_frame   0x00000348       0x34 nrf24l01-plus/application_pl.o
 .debug_frame   0x0000037c       0x40 nrf24l01-plus/hal_nrf_f32x_hw.o
 .debug_frame   0x000003bc      0x4d0 nrf24l01-plus/hal_nrf_l01.o
 .debug_frame   0x0000088c       0x64 nrf24l01-plus/radio.o
 .debug_frame   0x000008f0       0x34 nrf24l01-plus/radio_pl.o

.debug_str      0x00000000      0xfae
 *(.debug_str)
 .debug_str     0x00000000      0x1ac avr/i2c.o
                                0x1f2 (size before relaxing)
 .debug_str     0x000001ac       0x1a avr/spi.o
                                0x188 (size before relaxing)
 .debug_str     0x000001c6       0x5a avr/uart.o
                                0x1c0 (size before relaxing)
 .debug_str     0x00000220       0x44 init.o
                                0x1de (size before relaxing)
 .debug_str     0x00000264       0xf6 main.o
                                0x264 (size before relaxing)
 .debug_str     0x0000035a       0x27 ndh-c12832a1z/font.o
                                0x190 (size before relaxing)
 .debug_str     0x00000381       0xc7 ndh-c12832a1z/graphic_lcd.o
                                0x26f (size before relaxing)
 .debug_str     0x00000448       0xf1 ndh-c12832a1z/st7565r.o
                                0x342 (size before relaxing)
 .debug_str     0x00000539       0x3e nrf24l01-plus/application_pl.o
                                0x1ba (size before relaxing)
 .debug_str     0x00000577       0x4b nrf24l01-plus/hal_nrf_f32x_hw.o
                                0x1bd (size before relaxing)
 .debug_str     0x000005c2      0x8f7 nrf24l01-plus/hal_nrf_l01.o
                                0xb1e (size before relaxing)
 .debug_str     0x00000eb9       0xc8 nrf24l01-plus/radio.o
                                0x321 (size before relaxing)
 .debug_str     0x00000f81       0x2d nrf24l01-plus/radio_pl.o
                                0x513 (size before relaxing)

.debug_loc      0x00000000     0x1862
 *(.debug_loc)
 .debug_loc     0x00000000      0x356 avr/i2c.o
 .debug_loc     0x00000356       0x28 avr/spi.o
 .debug_loc     0x0000037e       0x98 avr/uart.o
 .debug_loc     0x00000416       0x48 main.o
 .debug_loc     0x0000045e      0x275 ndh-c12832a1z/graphic_lcd.o
 .debug_loc     0x000006d3      0x265 ndh-c12832a1z/st7565r.o
 .debug_loc     0x00000938       0x73 nrf24l01-plus/hal_nrf_f32x_hw.o
 .debug_loc     0x000009ab      0xd61 nrf24l01-plus/hal_nrf_l01.o
 .debug_loc     0x0000170c       0xb8 nrf24l01-plus/radio.o
 .debug_loc     0x000017c4       0x9e nrf24l01-plus/radio_pl.o

.debug_macinfo
 *(.debug_macinfo)

.debug_weaknames
 *(.debug_weaknames)

.debug_funcnames
 *(.debug_funcnames)

.debug_typenames
 *(.debug_typenames)

.debug_varnames
 *(.debug_varnames)

.debug_pubtypes
 *(.debug_pubtypes)

.debug_ranges   0x00000000      0x3d0
 *(.debug_ranges)
 .debug_ranges  0x00000000       0x60 avr/i2c.o
 .debug_ranges  0x00000060       0x18 avr/spi.o
 .debug_ranges  0x00000078       0x20 avr/uart.o
 .debug_ranges  0x00000098       0x10 init.o
 .debug_ranges  0x000000a8       0x18 main.o
 .debug_ranges  0x000000c0       0x20 ndh-c12832a1z/graphic_lcd.o
 .debug_ranges  0x000000e0       0x78 ndh-c12832a1z/st7565r.o
 .debug_ranges  0x00000158       0x18 nrf24l01-plus/application_pl.o
 .debug_ranges  0x00000170       0x18 nrf24l01-plus/hal_nrf_f32x_hw.o
 .debug_ranges  0x00000188      0x208 nrf24l01-plus/hal_nrf_l01.o
 .debug_ranges  0x00000390       0x30 nrf24l01-plus/radio.o
 .debug_ranges  0x000003c0       0x10 nrf24l01-plus/radio_pl.o

.debug_macro
 *(.debug_macro)
OUTPUT(ism_tranceiver.elf elf32-avr)
LOAD linker stubs
