Archive member included to satisfy reference by file (symbol)

c:/program files (x86)/atmel/studio/7.0/toolchain/avr8/avr8-gnu-toolchain/bin/../lib/gcc/avr/4.9.2/../../../../avr/lib/avr5\libm.a(addsf3.o)
                              hdc1050/hdc1050.o (__subsf3)
c:/program files (x86)/atmel/studio/7.0/toolchain/avr8/avr8-gnu-toolchain/bin/../lib/gcc/avr/4.9.2/../../../../avr/lib/avr5\libm.a(addsf3x.o)
                              c:/program files (x86)/atmel/studio/7.0/toolchain/avr8/avr8-gnu-toolchain/bin/../lib/gcc/avr/4.9.2/../../../../avr/lib/avr5\libm.a(addsf3.o) (__addsf3x)
c:/program files (x86)/atmel/studio/7.0/toolchain/avr8/avr8-gnu-toolchain/bin/../lib/gcc/avr/4.9.2/../../../../avr/lib/avr5\libm.a(divsf3.o)
                              hdc1050/hdc1050.o (__divsf3)
c:/program files (x86)/atmel/studio/7.0/toolchain/avr8/avr8-gnu-toolchain/bin/../lib/gcc/avr/4.9.2/../../../../avr/lib/avr5\libm.a(divsf3x.o)
                              c:/program files (x86)/atmel/studio/7.0/toolchain/avr8/avr8-gnu-toolchain/bin/../lib/gcc/avr/4.9.2/../../../../avr/lib/avr5\libm.a(divsf3.o) (__divsf3x)
c:/program files (x86)/atmel/studio/7.0/toolchain/avr8/avr8-gnu-toolchain/bin/../lib/gcc/avr/4.9.2/../../../../avr/lib/avr5\libm.a(fixunssfsi.o)
                              hdc1050/hdc1050.o (__fixunssfsi)
c:/program files (x86)/atmel/studio/7.0/toolchain/avr8/avr8-gnu-toolchain/bin/../lib/gcc/avr/4.9.2/../../../../avr/lib/avr5\libm.a(floatsisf.o)
                              hdc1050/hdc1050.o (__floatunsisf)
c:/program files (x86)/atmel/studio/7.0/toolchain/avr8/avr8-gnu-toolchain/bin/../lib/gcc/avr/4.9.2/../../../../avr/lib/avr5\libm.a(fp_inf.o)
                              c:/program files (x86)/atmel/studio/7.0/toolchain/avr8/avr8-gnu-toolchain/bin/../lib/gcc/avr/4.9.2/../../../../avr/lib/avr5\libm.a(addsf3x.o) (__fp_inf)
c:/program files (x86)/atmel/studio/7.0/toolchain/avr8/avr8-gnu-toolchain/bin/../lib/gcc/avr/4.9.2/../../../../avr/lib/avr5\libm.a(fp_nan.o)
                              c:/program files (x86)/atmel/studio/7.0/toolchain/avr8/avr8-gnu-toolchain/bin/../lib/gcc/avr/4.9.2/../../../../avr/lib/avr5\libm.a(addsf3x.o) (__fp_nan)
c:/program files (x86)/atmel/studio/7.0/toolchain/avr8/avr8-gnu-toolchain/bin/../lib/gcc/avr/4.9.2/../../../../avr/lib/avr5\libm.a(fp_pscA.o)
                              c:/program files (x86)/atmel/studio/7.0/toolchain/avr8/avr8-gnu-toolchain/bin/../lib/gcc/avr/4.9.2/../../../../avr/lib/avr5\libm.a(addsf3x.o) (__fp_pscA)
c:/program files (x86)/atmel/studio/7.0/toolchain/avr8/avr8-gnu-toolchain/bin/../lib/gcc/avr/4.9.2/../../../../avr/lib/avr5\libm.a(fp_pscB.o)
                              c:/program files (x86)/atmel/studio/7.0/toolchain/avr8/avr8-gnu-toolchain/bin/../lib/gcc/avr/4.9.2/../../../../avr/lib/avr5\libm.a(addsf3x.o) (__fp_pscB)
c:/program files (x86)/atmel/studio/7.0/toolchain/avr8/avr8-gnu-toolchain/bin/../lib/gcc/avr/4.9.2/../../../../avr/lib/avr5\libm.a(fp_round.o)
                              c:/program files (x86)/atmel/studio/7.0/toolchain/avr8/avr8-gnu-toolchain/bin/../lib/gcc/avr/4.9.2/../../../../avr/lib/avr5\libm.a(addsf3.o) (__fp_round)
c:/program files (x86)/atmel/studio/7.0/toolchain/avr8/avr8-gnu-toolchain/bin/../lib/gcc/avr/4.9.2/../../../../avr/lib/avr5\libm.a(fp_split3.o)
                              c:/program files (x86)/atmel/studio/7.0/toolchain/avr8/avr8-gnu-toolchain/bin/../lib/gcc/avr/4.9.2/../../../../avr/lib/avr5\libm.a(addsf3x.o) (__fp_split3)
c:/program files (x86)/atmel/studio/7.0/toolchain/avr8/avr8-gnu-toolchain/bin/../lib/gcc/avr/4.9.2/../../../../avr/lib/avr5\libm.a(fp_zero.o)
                              c:/program files (x86)/atmel/studio/7.0/toolchain/avr8/avr8-gnu-toolchain/bin/../lib/gcc/avr/4.9.2/../../../../avr/lib/avr5\libm.a(addsf3x.o) (__fp_zero)
c:/program files (x86)/atmel/studio/7.0/toolchain/avr8/avr8-gnu-toolchain/bin/../lib/gcc/avr/4.9.2/../../../../avr/lib/avr5\libm.a(mulsf3.o)
                              hdc1050/hdc1050.o (__mulsf3)
c:/program files (x86)/atmel/studio/7.0/toolchain/avr8/avr8-gnu-toolchain/bin/../lib/gcc/avr/4.9.2/../../../../avr/lib/avr5\libm.a(mulsf3x.o)
                              c:/program files (x86)/atmel/studio/7.0/toolchain/avr8/avr8-gnu-toolchain/bin/../lib/gcc/avr/4.9.2/../../../../avr/lib/avr5\libm.a(mulsf3.o) (__mulsf3x)
c:/program files (x86)/atmel/studio/7.0/toolchain/avr8/avr8-gnu-toolchain/bin/../lib/gcc/avr/4.9.2/avr5\libgcc.a(_exit.o)
                              C:/Program Files (x86)/Atmel/Studio/7.0/Packs/atmel/ATmega_DFP/1.0.90/gcc/dev/atmega328/avr5/crtatmega328.o (exit)
c:/program files (x86)/atmel/studio/7.0/toolchain/avr8/avr8-gnu-toolchain/bin/../lib/gcc/avr/4.9.2/avr5\libgcc.a(_copy_data.o)
                              init.o (__do_copy_data)
c:/program files (x86)/atmel/studio/7.0/toolchain/avr8/avr8-gnu-toolchain/bin/../lib/gcc/avr/4.9.2/avr5\libgcc.a(_clear_bss.o)
                              main.o (__do_clear_bss)
c:/program files (x86)/atmel/studio/7.0/toolchain/avr8/avr8-gnu-toolchain/bin/../lib/gcc/avr/4.9.2/avr5\libgcc.a(_umulhisi3.o)
                              nrf24l01-plus/hal_nrf_l01.o (__umulhisi3)
c:/program files (x86)/atmel/studio/7.0/toolchain/avr8/avr8-gnu-toolchain/bin/../lib/gcc/avr/4.9.2/avr5\libgcc.a(_usmulhisi3.o)
                              hdc1050/hdc1050.o (__usmulhisi3)
c:/program files (x86)/atmel/studio/7.0/toolchain/avr8/avr8-gnu-toolchain/bin/../lib/gcc/avr/4.9.2/../../../../avr/lib/avr5\libc.a(iob.o)
                              init.o (__iob)
c:/program files (x86)/atmel/studio/7.0/toolchain/avr8/avr8-gnu-toolchain/bin/../lib/gcc/avr/4.9.2/../../../../avr/lib/avr5\libc.a(puts.o)
                              main.o (puts)

Allocating common symbols
Common symbol       size              file

pload_pl            0xa               main.o
__iob               0x6               c:/program files (x86)/atmel/studio/7.0/toolchain/avr8/avr8-gnu-toolchain/bin/../lib/gcc/avr/4.9.2/../../../../avr/lib/avr5\libc.a(iob.o)

Discarded input sections

 .data          0x00000000        0x0 C:/Program Files (x86)/Atmel/Studio/7.0/Packs/atmel/ATmega_DFP/1.0.90/gcc/dev/atmega328/avr5/crtatmega328.o
 .bss           0x00000000        0x0 C:/Program Files (x86)/Atmel/Studio/7.0/Packs/atmel/ATmega_DFP/1.0.90/gcc/dev/atmega328/avr5/crtatmega328.o
 .text          0x00000000        0x0 avr/i2c.o
 .data          0x00000000        0x0 avr/i2c.o
 .bss           0x00000000        0x0 avr/i2c.o
 .text          0x00000000        0x0 avr/interrupt.o
 .data          0x00000000        0x0 avr/interrupt.o
 .bss           0x00000000        0x0 avr/interrupt.o
 .text          0x00000000        0x0 avr/spi.o
 .data          0x00000000        0x0 avr/spi.o
 .bss           0x00000000        0x0 avr/spi.o
 .text.spi_mode3
                0x00000000        0xa avr/spi.o
 .text          0x00000000        0x0 avr/uart.o
 .data          0x00000000        0x0 avr/uart.o
 .bss           0x00000000        0x0 avr/uart.o
 .text          0x00000000        0x0 hdc1050/hdc1050.o
 .data          0x00000000        0x0 hdc1050/hdc1050.o
 .bss           0x00000000        0x0 hdc1050/hdc1050.o
 .text          0x00000000        0x0 init.o
 .data          0x00000000        0x0 init.o
 .bss           0x00000000        0x0 init.o
 .text          0x00000000        0x0 main.o
 .data          0x00000000        0x0 main.o
 .bss           0x00000000        0x0 main.o
 .text          0x00000000        0x0 ndh-c12832a1z/font.o
 .data          0x00000000        0x0 ndh-c12832a1z/font.o
 .bss           0x00000000        0x0 ndh-c12832a1z/font.o
 .progmem.data.font_5x8_table
                0x00000000      0x1c7 ndh-c12832a1z/font.o
 .debug_info    0x00000000       0x97 ndh-c12832a1z/font.o
 .debug_abbrev  0x00000000       0x5d ndh-c12832a1z/font.o
 .debug_aranges
                0x00000000       0x18 ndh-c12832a1z/font.o
 .debug_line    0x00000000       0x97 ndh-c12832a1z/font.o
 .debug_str     0x00000000      0x199 ndh-c12832a1z/font.o
 .comment       0x00000000       0x31 ndh-c12832a1z/font.o
 .text          0x00000000        0x0 ndh-c12832a1z/graphic_lcd.o
 .data          0x00000000        0x0 ndh-c12832a1z/graphic_lcd.o
 .bss           0x00000000        0x0 ndh-c12832a1z/graphic_lcd.o
 .text.graphic_lcd_clear_screen
                0x00000000       0x4a ndh-c12832a1z/graphic_lcd.o
 .text.graphic_lcd_write
                0x00000000       0x9c ndh-c12832a1z/graphic_lcd.o
 .text.graphic_lcd_write_rssi
                0x00000000       0x2a ndh-c12832a1z/graphic_lcd.o
 .debug_info    0x00000000      0x28a ndh-c12832a1z/graphic_lcd.o
 .debug_abbrev  0x00000000      0x13f ndh-c12832a1z/graphic_lcd.o
 .debug_loc     0x00000000      0x275 ndh-c12832a1z/graphic_lcd.o
 .debug_aranges
                0x00000000       0x30 ndh-c12832a1z/graphic_lcd.o
 .debug_ranges  0x00000000       0x20 ndh-c12832a1z/graphic_lcd.o
 .debug_line    0x00000000      0x12a ndh-c12832a1z/graphic_lcd.o
 .debug_str     0x00000000      0x278 ndh-c12832a1z/graphic_lcd.o
 .comment       0x00000000       0x31 ndh-c12832a1z/graphic_lcd.o
 .debug_frame   0x00000000       0x94 ndh-c12832a1z/graphic_lcd.o
 .text          0x00000000        0x0 ndh-c12832a1z/st7565r.o
 .data          0x00000000        0x0 ndh-c12832a1z/st7565r.o
 .bss           0x00000000        0x0 ndh-c12832a1z/st7565r.o
 .text.st7565r_write_command
                0x00000000       0x26 ndh-c12832a1z/st7565r.o
 .text.st7565r_write_data
                0x00000000       0x28 ndh-c12832a1z/st7565r.o
 .text.st7565r_soft_reset
                0x00000000        0x8 ndh-c12832a1z/st7565r.o
 .text.st7565r_hard_reset
                0x00000000       0x1e ndh-c12832a1z/st7565r.o
 .text.st7565r_set_page_address
                0x00000000        0xa ndh-c12832a1z/st7565r.o
 .text.st7565r_set_column_address
                0x00000000       0x20 ndh-c12832a1z/st7565r.o
 .text.st7565r_set_display_start_line_address
                0x00000000        0xa ndh-c12832a1z/st7565r.o
 .text.st7565r_display_on
                0x00000000        0x8 ndh-c12832a1z/st7565r.o
 .text.st7565r_display_off
                0x00000000        0x8 ndh-c12832a1z/st7565r.o
 .text.st7565r_set_all_pixels
                0x00000000       0x14 ndh-c12832a1z/st7565r.o
 .text.st7565r_set_contrast
                0x00000000       0x26 ndh-c12832a1z/st7565r.o
 .text.st7565r_display_invert_enable
                0x00000000        0x8 ndh-c12832a1z/st7565r.o
 .text.st7565r_display_invert_disable
                0x00000000        0x8 ndh-c12832a1z/st7565r.o
 .text.st7565r_init
                0x00000000       0x40 ndh-c12832a1z/st7565r.o
 .debug_info    0x00000000      0x541 ndh-c12832a1z/st7565r.o
 .debug_abbrev  0x00000000      0x17f ndh-c12832a1z/st7565r.o
 .debug_loc     0x00000000      0x265 ndh-c12832a1z/st7565r.o
 .debug_aranges
                0x00000000       0x88 ndh-c12832a1z/st7565r.o
 .debug_ranges  0x00000000       0x78 ndh-c12832a1z/st7565r.o
 .debug_line    0x00000000      0x240 ndh-c12832a1z/st7565r.o
 .debug_str     0x00000000      0x355 ndh-c12832a1z/st7565r.o
 .comment       0x00000000       0x31 ndh-c12832a1z/st7565r.o
 .debug_frame   0x00000000      0x124 ndh-c12832a1z/st7565r.o
 .text          0x00000000        0x0 nrf24l01-plus/hal_nrf_f32x_hw.o
 .data          0x00000000        0x0 nrf24l01-plus/hal_nrf_f32x_hw.o
 .bss           0x00000000        0x0 nrf24l01-plus/hal_nrf_f32x_hw.o
 .text          0x00000000        0x0 nrf24l01-plus/hal_nrf_l01.o
 .data          0x00000000        0x0 nrf24l01-plus/hal_nrf_l01.o
 .bss           0x00000000        0x0 nrf24l01-plus/hal_nrf_l01.o
 .text.hal_nrf_write_ack_pload
                0x00000000       0x4a nrf24l01-plus/hal_nrf_l01.o
 .text.hal_nrf_get_irq_mode
                0x00000000       0x24 nrf24l01-plus/hal_nrf_l01.o
 .text.hal_nrf_get_crc_mode
                0x00000000        0xe nrf24l01-plus/hal_nrf_l01.o
 .text.hal_nrf_get_pipe_status
                0x00000000       0x5a nrf24l01-plus/hal_nrf_l01.o
 .text.hal_nrf_get_auto_retr_status
                0x00000000        0x8 nrf24l01-plus/hal_nrf_l01.o
 .text.hal_nrf_get_packet_lost_ctr
                0x00000000        0xc nrf24l01-plus/hal_nrf_l01.o
 .text.hal_nrf_get_rx_pload_width
                0x00000000        0x8 nrf24l01-plus/hal_nrf_l01.o
 .text.hal_nrf_get_operation_mode
                0x00000000        0xa nrf24l01-plus/hal_nrf_l01.o
 .text.hal_nrf_get_power_mode
                0x00000000        0xc nrf24l01-plus/hal_nrf_l01.o
 .text.hal_nrf_get_rf_channel
                0x00000000        0x8 nrf24l01-plus/hal_nrf_l01.o
 .text.hal_nrf_get_output_power
                0x00000000        0xc nrf24l01-plus/hal_nrf_l01.o
 .text.hal_nrf_get_datarate
                0x00000000        0xe nrf24l01-plus/hal_nrf_l01.o
 .text.hal_nrf_rx_fifo_full
                0x00000000        0xa nrf24l01-plus/hal_nrf_l01.o
 .text.hal_nrf_tx_fifo_empty
                0x00000000        0xc nrf24l01-plus/hal_nrf_l01.o
 .text.hal_nrf_tx_fifo_full
                0x00000000        0xe nrf24l01-plus/hal_nrf_l01.o
 .text.hal_nrf_get_tx_fifo_status
                0x00000000        0xe nrf24l01-plus/hal_nrf_l01.o
 .text.hal_nrf_get_rx_fifo_status
                0x00000000        0xa nrf24l01-plus/hal_nrf_l01.o
 .text.hal_nrf_get_fifo_status
                0x00000000        0x8 nrf24l01-plus/hal_nrf_l01.o
 .text.hal_nrf_get_reuse_tx_status
                0x00000000        0xe nrf24l01-plus/hal_nrf_l01.o
 .text.hal_nrf_get_transmit_attempts
                0x00000000        0xa nrf24l01-plus/hal_nrf_l01.o
 .text.hal_nrf_get_carrier_detect
                0x00000000        0xa nrf24l01-plus/hal_nrf_l01.o
 .text.hal_nrf_get_pll_mode
                0x00000000        0xc nrf24l01-plus/hal_nrf_l01.o
 .text.hal_nrf_get_lna_gain
                0x00000000        0xa nrf24l01-plus/hal_nrf_l01.o
 .text.hal_nrf_set_irq_mode
                0x00000000       0x48 nrf24l01-plus/hal_nrf_l01.o
 .text.hal_nrf_clear_irq_flag
                0x00000000       0x16 nrf24l01-plus/hal_nrf_l01.o
 .text.hal_nrf_set_output_power
                0x00000000       0x1c nrf24l01-plus/hal_nrf_l01.o
 .text.hal_nrf_set_datarate
                0x00000000       0x28 nrf24l01-plus/hal_nrf_l01.o
 .text.hal_nrf_disable_dynamic_pl
                0x00000000       0x12 nrf24l01-plus/hal_nrf_l01.o
 .text.hal_nrf_disable_ack_pl
                0x00000000       0x12 nrf24l01-plus/hal_nrf_l01.o
 .text.hal_nrf_enable_dynamic_ack
                0x00000000       0x12 nrf24l01-plus/hal_nrf_l01.o
 .text.hal_nrf_disable_dynamic_ack
                0x00000000       0x12 nrf24l01-plus/hal_nrf_l01.o
 .text.hal_nrf_reuse_tx
                0x00000000        0xa nrf24l01-plus/hal_nrf_l01.o
 .text.hal_nrf_flush_rx
                0x00000000        0xa nrf24l01-plus/hal_nrf_l01.o
 .text.hal_nrf_get_irq_flags
                0x00000000        0x8 nrf24l01-plus/hal_nrf_l01.o
 .text.hal_nrf_set_lna_gain
                0x00000000       0x28 nrf24l01-plus/hal_nrf_l01.o
 .text.hal_nrf_get_address
                0x00000000       0x28 nrf24l01-plus/hal_nrf_l01.o
 .text          0x00000000        0x0 nrf24l01-plus/radio.o
 .data          0x00000000        0x0 nrf24l01-plus/radio.o
 .bss           0x00000000        0x0 nrf24l01-plus/radio.o
 .text          0x00000000        0x0 nrf24l01-plus/radio_pl.o
 .data          0x00000000        0x0 nrf24l01-plus/radio_pl.o
 .bss           0x00000000        0x0 nrf24l01-plus/radio_pl.o
 .text          0x00000000        0x0 real_time_clock.o
 .data          0x00000000        0x0 real_time_clock.o
 .bss           0x00000000        0x0 real_time_clock.o
 .text          0x00000000        0x0 c:/program files (x86)/atmel/studio/7.0/toolchain/avr8/avr8-gnu-toolchain/bin/../lib/gcc/avr/4.9.2/../../../../avr/lib/avr5\libm.a(addsf3.o)
 .data          0x00000000        0x0 c:/program files (x86)/atmel/studio/7.0/toolchain/avr8/avr8-gnu-toolchain/bin/../lib/gcc/avr/4.9.2/../../../../avr/lib/avr5\libm.a(addsf3.o)
 .bss           0x00000000        0x0 c:/program files (x86)/atmel/studio/7.0/toolchain/avr8/avr8-gnu-toolchain/bin/../lib/gcc/avr/4.9.2/../../../../avr/lib/avr5\libm.a(addsf3.o)
 .text          0x00000000        0x0 c:/program files (x86)/atmel/studio/7.0/toolchain/avr8/avr8-gnu-toolchain/bin/../lib/gcc/avr/4.9.2/../../../../avr/lib/avr5\libm.a(addsf3x.o)
 .data          0x00000000        0x0 c:/program files (x86)/atmel/studio/7.0/toolchain/avr8/avr8-gnu-toolchain/bin/../lib/gcc/avr/4.9.2/../../../../avr/lib/avr5\libm.a(addsf3x.o)
 .bss           0x00000000        0x0 c:/program files (x86)/atmel/studio/7.0/toolchain/avr8/avr8-gnu-toolchain/bin/../lib/gcc/avr/4.9.2/../../../../avr/lib/avr5\libm.a(addsf3x.o)
 .text          0x00000000        0x0 c:/program files (x86)/atmel/studio/7.0/toolchain/avr8/avr8-gnu-toolchain/bin/../lib/gcc/avr/4.9.2/../../../../avr/lib/avr5\libm.a(divsf3.o)
 .data          0x00000000        0x0 c:/program files (x86)/atmel/studio/7.0/toolchain/avr8/avr8-gnu-toolchain/bin/../lib/gcc/avr/4.9.2/../../../../avr/lib/avr5\libm.a(divsf3.o)
 .bss           0x00000000        0x0 c:/program files (x86)/atmel/studio/7.0/toolchain/avr8/avr8-gnu-toolchain/bin/../lib/gcc/avr/4.9.2/../../../../avr/lib/avr5\libm.a(divsf3.o)
 .text          0x00000000        0x0 c:/program files (x86)/atmel/studio/7.0/toolchain/avr8/avr8-gnu-toolchain/bin/../lib/gcc/avr/4.9.2/../../../../avr/lib/avr5\libm.a(divsf3x.o)
 .data          0x00000000        0x0 c:/program files (x86)/atmel/studio/7.0/toolchain/avr8/avr8-gnu-toolchain/bin/../lib/gcc/avr/4.9.2/../../../../avr/lib/avr5\libm.a(divsf3x.o)
 .bss           0x00000000        0x0 c:/program files (x86)/atmel/studio/7.0/toolchain/avr8/avr8-gnu-toolchain/bin/../lib/gcc/avr/4.9.2/../../../../avr/lib/avr5\libm.a(divsf3x.o)
 .text          0x00000000        0x0 c:/program files (x86)/atmel/studio/7.0/toolchain/avr8/avr8-gnu-toolchain/bin/../lib/gcc/avr/4.9.2/../../../../avr/lib/avr5\libm.a(fixunssfsi.o)
 .data          0x00000000        0x0 c:/program files (x86)/atmel/studio/7.0/toolchain/avr8/avr8-gnu-toolchain/bin/../lib/gcc/avr/4.9.2/../../../../avr/lib/avr5\libm.a(fixunssfsi.o)
 .bss           0x00000000        0x0 c:/program files (x86)/atmel/studio/7.0/toolchain/avr8/avr8-gnu-toolchain/bin/../lib/gcc/avr/4.9.2/../../../../avr/lib/avr5\libm.a(fixunssfsi.o)
 .text          0x00000000        0x0 c:/program files (x86)/atmel/studio/7.0/toolchain/avr8/avr8-gnu-toolchain/bin/../lib/gcc/avr/4.9.2/../../../../avr/lib/avr5\libm.a(floatsisf.o)
 .data          0x00000000        0x0 c:/program files (x86)/atmel/studio/7.0/toolchain/avr8/avr8-gnu-toolchain/bin/../lib/gcc/avr/4.9.2/../../../../avr/lib/avr5\libm.a(floatsisf.o)
 .bss           0x00000000        0x0 c:/program files (x86)/atmel/studio/7.0/toolchain/avr8/avr8-gnu-toolchain/bin/../lib/gcc/avr/4.9.2/../../../../avr/lib/avr5\libm.a(floatsisf.o)
 .text          0x00000000        0x0 c:/program files (x86)/atmel/studio/7.0/toolchain/avr8/avr8-gnu-toolchain/bin/../lib/gcc/avr/4.9.2/../../../../avr/lib/avr5\libm.a(fp_inf.o)
 .data          0x00000000        0x0 c:/program files (x86)/atmel/studio/7.0/toolchain/avr8/avr8-gnu-toolchain/bin/../lib/gcc/avr/4.9.2/../../../../avr/lib/avr5\libm.a(fp_inf.o)
 .bss           0x00000000        0x0 c:/program files (x86)/atmel/studio/7.0/toolchain/avr8/avr8-gnu-toolchain/bin/../lib/gcc/avr/4.9.2/../../../../avr/lib/avr5\libm.a(fp_inf.o)
 .text          0x00000000        0x0 c:/program files (x86)/atmel/studio/7.0/toolchain/avr8/avr8-gnu-toolchain/bin/../lib/gcc/avr/4.9.2/../../../../avr/lib/avr5\libm.a(fp_nan.o)
 .data          0x00000000        0x0 c:/program files (x86)/atmel/studio/7.0/toolchain/avr8/avr8-gnu-toolchain/bin/../lib/gcc/avr/4.9.2/../../../../avr/lib/avr5\libm.a(fp_nan.o)
 .bss           0x00000000        0x0 c:/program files (x86)/atmel/studio/7.0/toolchain/avr8/avr8-gnu-toolchain/bin/../lib/gcc/avr/4.9.2/../../../../avr/lib/avr5\libm.a(fp_nan.o)
 .text          0x00000000        0x0 c:/program files (x86)/atmel/studio/7.0/toolchain/avr8/avr8-gnu-toolchain/bin/../lib/gcc/avr/4.9.2/../../../../avr/lib/avr5\libm.a(fp_pscA.o)
 .data          0x00000000        0x0 c:/program files (x86)/atmel/studio/7.0/toolchain/avr8/avr8-gnu-toolchain/bin/../lib/gcc/avr/4.9.2/../../../../avr/lib/avr5\libm.a(fp_pscA.o)
 .bss           0x00000000        0x0 c:/program files (x86)/atmel/studio/7.0/toolchain/avr8/avr8-gnu-toolchain/bin/../lib/gcc/avr/4.9.2/../../../../avr/lib/avr5\libm.a(fp_pscA.o)
 .text          0x00000000        0x0 c:/program files (x86)/atmel/studio/7.0/toolchain/avr8/avr8-gnu-toolchain/bin/../lib/gcc/avr/4.9.2/../../../../avr/lib/avr5\libm.a(fp_pscB.o)
 .data          0x00000000        0x0 c:/program files (x86)/atmel/studio/7.0/toolchain/avr8/avr8-gnu-toolchain/bin/../lib/gcc/avr/4.9.2/../../../../avr/lib/avr5\libm.a(fp_pscB.o)
 .bss           0x00000000        0x0 c:/program files (x86)/atmel/studio/7.0/toolchain/avr8/avr8-gnu-toolchain/bin/../lib/gcc/avr/4.9.2/../../../../avr/lib/avr5\libm.a(fp_pscB.o)
 .text          0x00000000        0x0 c:/program files (x86)/atmel/studio/7.0/toolchain/avr8/avr8-gnu-toolchain/bin/../lib/gcc/avr/4.9.2/../../../../avr/lib/avr5\libm.a(fp_round.o)
 .data          0x00000000        0x0 c:/program files (x86)/atmel/studio/7.0/toolchain/avr8/avr8-gnu-toolchain/bin/../lib/gcc/avr/4.9.2/../../../../avr/lib/avr5\libm.a(fp_round.o)
 .bss           0x00000000        0x0 c:/program files (x86)/atmel/studio/7.0/toolchain/avr8/avr8-gnu-toolchain/bin/../lib/gcc/avr/4.9.2/../../../../avr/lib/avr5\libm.a(fp_round.o)
 .text          0x00000000        0x0 c:/program files (x86)/atmel/studio/7.0/toolchain/avr8/avr8-gnu-toolchain/bin/../lib/gcc/avr/4.9.2/../../../../avr/lib/avr5\libm.a(fp_split3.o)
 .data          0x00000000        0x0 c:/program files (x86)/atmel/studio/7.0/toolchain/avr8/avr8-gnu-toolchain/bin/../lib/gcc/avr/4.9.2/../../../../avr/lib/avr5\libm.a(fp_split3.o)
 .bss           0x00000000        0x0 c:/program files (x86)/atmel/studio/7.0/toolchain/avr8/avr8-gnu-toolchain/bin/../lib/gcc/avr/4.9.2/../../../../avr/lib/avr5\libm.a(fp_split3.o)
 .text          0x00000000        0x0 c:/program files (x86)/atmel/studio/7.0/toolchain/avr8/avr8-gnu-toolchain/bin/../lib/gcc/avr/4.9.2/../../../../avr/lib/avr5\libm.a(fp_zero.o)
 .data          0x00000000        0x0 c:/program files (x86)/atmel/studio/7.0/toolchain/avr8/avr8-gnu-toolchain/bin/../lib/gcc/avr/4.9.2/../../../../avr/lib/avr5\libm.a(fp_zero.o)
 .bss           0x00000000        0x0 c:/program files (x86)/atmel/studio/7.0/toolchain/avr8/avr8-gnu-toolchain/bin/../lib/gcc/avr/4.9.2/../../../../avr/lib/avr5\libm.a(fp_zero.o)
 .text          0x00000000        0x0 c:/program files (x86)/atmel/studio/7.0/toolchain/avr8/avr8-gnu-toolchain/bin/../lib/gcc/avr/4.9.2/../../../../avr/lib/avr5\libm.a(mulsf3.o)
 .data          0x00000000        0x0 c:/program files (x86)/atmel/studio/7.0/toolchain/avr8/avr8-gnu-toolchain/bin/../lib/gcc/avr/4.9.2/../../../../avr/lib/avr5\libm.a(mulsf3.o)
 .bss           0x00000000        0x0 c:/program files (x86)/atmel/studio/7.0/toolchain/avr8/avr8-gnu-toolchain/bin/../lib/gcc/avr/4.9.2/../../../../avr/lib/avr5\libm.a(mulsf3.o)
 .text          0x00000000        0x0 c:/program files (x86)/atmel/studio/7.0/toolchain/avr8/avr8-gnu-toolchain/bin/../lib/gcc/avr/4.9.2/../../../../avr/lib/avr5\libm.a(mulsf3x.o)
 .data          0x00000000        0x0 c:/program files (x86)/atmel/studio/7.0/toolchain/avr8/avr8-gnu-toolchain/bin/../lib/gcc/avr/4.9.2/../../../../avr/lib/avr5\libm.a(mulsf3x.o)
 .bss           0x00000000        0x0 c:/program files (x86)/atmel/studio/7.0/toolchain/avr8/avr8-gnu-toolchain/bin/../lib/gcc/avr/4.9.2/../../../../avr/lib/avr5\libm.a(mulsf3x.o)
 .text          0x00000000        0x0 c:/program files (x86)/atmel/studio/7.0/toolchain/avr8/avr8-gnu-toolchain/bin/../lib/gcc/avr/4.9.2/avr5\libgcc.a(_exit.o)
 .data          0x00000000        0x0 c:/program files (x86)/atmel/studio/7.0/toolchain/avr8/avr8-gnu-toolchain/bin/../lib/gcc/avr/4.9.2/avr5\libgcc.a(_exit.o)
 .bss           0x00000000        0x0 c:/program files (x86)/atmel/studio/7.0/toolchain/avr8/avr8-gnu-toolchain/bin/../lib/gcc/avr/4.9.2/avr5\libgcc.a(_exit.o)
 .text.libgcc.mul
                0x00000000        0x0 c:/program files (x86)/atmel/studio/7.0/toolchain/avr8/avr8-gnu-toolchain/bin/../lib/gcc/avr/4.9.2/avr5\libgcc.a(_exit.o)
 .text.libgcc.div
                0x00000000        0x0 c:/program files (x86)/atmel/studio/7.0/toolchain/avr8/avr8-gnu-toolchain/bin/../lib/gcc/avr/4.9.2/avr5\libgcc.a(_exit.o)
 .text.libgcc   0x00000000        0x0 c:/program files (x86)/atmel/studio/7.0/toolchain/avr8/avr8-gnu-toolchain/bin/../lib/gcc/avr/4.9.2/avr5\libgcc.a(_exit.o)
 .text.libgcc.prologue
                0x00000000        0x0 c:/program files (x86)/atmel/studio/7.0/toolchain/avr8/avr8-gnu-toolchain/bin/../lib/gcc/avr/4.9.2/avr5\libgcc.a(_exit.o)
 .text.libgcc.builtins
                0x00000000        0x0 c:/program files (x86)/atmel/studio/7.0/toolchain/avr8/avr8-gnu-toolchain/bin/../lib/gcc/avr/4.9.2/avr5\libgcc.a(_exit.o)
 .text.libgcc.fmul
                0x00000000        0x0 c:/program files (x86)/atmel/studio/7.0/toolchain/avr8/avr8-gnu-toolchain/bin/../lib/gcc/avr/4.9.2/avr5\libgcc.a(_exit.o)
 .text.libgcc.fixed
                0x00000000        0x0 c:/program files (x86)/atmel/studio/7.0/toolchain/avr8/avr8-gnu-toolchain/bin/../lib/gcc/avr/4.9.2/avr5\libgcc.a(_exit.o)
 .text          0x00000000        0x0 c:/program files (x86)/atmel/studio/7.0/toolchain/avr8/avr8-gnu-toolchain/bin/../lib/gcc/avr/4.9.2/avr5\libgcc.a(_copy_data.o)
 .data          0x00000000        0x0 c:/program files (x86)/atmel/studio/7.0/toolchain/avr8/avr8-gnu-toolchain/bin/../lib/gcc/avr/4.9.2/avr5\libgcc.a(_copy_data.o)
 .bss           0x00000000        0x0 c:/program files (x86)/atmel/studio/7.0/toolchain/avr8/avr8-gnu-toolchain/bin/../lib/gcc/avr/4.9.2/avr5\libgcc.a(_copy_data.o)
 .text.libgcc.mul
                0x00000000        0x0 c:/program files (x86)/atmel/studio/7.0/toolchain/avr8/avr8-gnu-toolchain/bin/../lib/gcc/avr/4.9.2/avr5\libgcc.a(_copy_data.o)
 .text.libgcc.div
                0x00000000        0x0 c:/program files (x86)/atmel/studio/7.0/toolchain/avr8/avr8-gnu-toolchain/bin/../lib/gcc/avr/4.9.2/avr5\libgcc.a(_copy_data.o)
 .text.libgcc   0x00000000        0x0 c:/program files (x86)/atmel/studio/7.0/toolchain/avr8/avr8-gnu-toolchain/bin/../lib/gcc/avr/4.9.2/avr5\libgcc.a(_copy_data.o)
 .text.libgcc.prologue
                0x00000000        0x0 c:/program files (x86)/atmel/studio/7.0/toolchain/avr8/avr8-gnu-toolchain/bin/../lib/gcc/avr/4.9.2/avr5\libgcc.a(_copy_data.o)
 .text.libgcc.builtins
                0x00000000        0x0 c:/program files (x86)/atmel/studio/7.0/toolchain/avr8/avr8-gnu-toolchain/bin/../lib/gcc/avr/4.9.2/avr5\libgcc.a(_copy_data.o)
 .text.libgcc.fmul
                0x00000000        0x0 c:/program files (x86)/atmel/studio/7.0/toolchain/avr8/avr8-gnu-toolchain/bin/../lib/gcc/avr/4.9.2/avr5\libgcc.a(_copy_data.o)
 .text.libgcc.fixed
                0x00000000        0x0 c:/program files (x86)/atmel/studio/7.0/toolchain/avr8/avr8-gnu-toolchain/bin/../lib/gcc/avr/4.9.2/avr5\libgcc.a(_copy_data.o)
 .text          0x00000000        0x0 c:/program files (x86)/atmel/studio/7.0/toolchain/avr8/avr8-gnu-toolchain/bin/../lib/gcc/avr/4.9.2/avr5\libgcc.a(_clear_bss.o)
 .data          0x00000000        0x0 c:/program files (x86)/atmel/studio/7.0/toolchain/avr8/avr8-gnu-toolchain/bin/../lib/gcc/avr/4.9.2/avr5\libgcc.a(_clear_bss.o)
 .bss           0x00000000        0x0 c:/program files (x86)/atmel/studio/7.0/toolchain/avr8/avr8-gnu-toolchain/bin/../lib/gcc/avr/4.9.2/avr5\libgcc.a(_clear_bss.o)
 .text.libgcc.mul
                0x00000000        0x0 c:/program files (x86)/atmel/studio/7.0/toolchain/avr8/avr8-gnu-toolchain/bin/../lib/gcc/avr/4.9.2/avr5\libgcc.a(_clear_bss.o)
 .text.libgcc.div
                0x00000000        0x0 c:/program files (x86)/atmel/studio/7.0/toolchain/avr8/avr8-gnu-toolchain/bin/../lib/gcc/avr/4.9.2/avr5\libgcc.a(_clear_bss.o)
 .text.libgcc   0x00000000        0x0 c:/program files (x86)/atmel/studio/7.0/toolchain/avr8/avr8-gnu-toolchain/bin/../lib/gcc/avr/4.9.2/avr5\libgcc.a(_clear_bss.o)
 .text.libgcc.prologue
                0x00000000        0x0 c:/program files (x86)/atmel/studio/7.0/toolchain/avr8/avr8-gnu-toolchain/bin/../lib/gcc/avr/4.9.2/avr5\libgcc.a(_clear_bss.o)
 .text.libgcc.builtins
                0x00000000        0x0 c:/program files (x86)/atmel/studio/7.0/toolchain/avr8/avr8-gnu-toolchain/bin/../lib/gcc/avr/4.9.2/avr5\libgcc.a(_clear_bss.o)
 .text.libgcc.fmul
                0x00000000        0x0 c:/program files (x86)/atmel/studio/7.0/toolchain/avr8/avr8-gnu-toolchain/bin/../lib/gcc/avr/4.9.2/avr5\libgcc.a(_clear_bss.o)
 .text.libgcc.fixed
                0x00000000        0x0 c:/program files (x86)/atmel/studio/7.0/toolchain/avr8/avr8-gnu-toolchain/bin/../lib/gcc/avr/4.9.2/avr5\libgcc.a(_clear_bss.o)
 .text          0x00000000        0x0 c:/program files (x86)/atmel/studio/7.0/toolchain/avr8/avr8-gnu-toolchain/bin/../lib/gcc/avr/4.9.2/avr5\libgcc.a(_umulhisi3.o)
 .data          0x00000000        0x0 c:/program files (x86)/atmel/studio/7.0/toolchain/avr8/avr8-gnu-toolchain/bin/../lib/gcc/avr/4.9.2/avr5\libgcc.a(_umulhisi3.o)
 .bss           0x00000000        0x0 c:/program files (x86)/atmel/studio/7.0/toolchain/avr8/avr8-gnu-toolchain/bin/../lib/gcc/avr/4.9.2/avr5\libgcc.a(_umulhisi3.o)
 .text.libgcc.div
                0x00000000        0x0 c:/program files (x86)/atmel/studio/7.0/toolchain/avr8/avr8-gnu-toolchain/bin/../lib/gcc/avr/4.9.2/avr5\libgcc.a(_umulhisi3.o)
 .text.libgcc   0x00000000        0x0 c:/program files (x86)/atmel/studio/7.0/toolchain/avr8/avr8-gnu-toolchain/bin/../lib/gcc/avr/4.9.2/avr5\libgcc.a(_umulhisi3.o)
 .text.libgcc.prologue
                0x00000000        0x0 c:/program files (x86)/atmel/studio/7.0/toolchain/avr8/avr8-gnu-toolchain/bin/../lib/gcc/avr/4.9.2/avr5\libgcc.a(_umulhisi3.o)
 .text.libgcc.builtins
                0x00000000        0x0 c:/program files (x86)/atmel/studio/7.0/toolchain/avr8/avr8-gnu-toolchain/bin/../lib/gcc/avr/4.9.2/avr5\libgcc.a(_umulhisi3.o)
 .text.libgcc.fmul
                0x00000000        0x0 c:/program files (x86)/atmel/studio/7.0/toolchain/avr8/avr8-gnu-toolchain/bin/../lib/gcc/avr/4.9.2/avr5\libgcc.a(_umulhisi3.o)
 .text.libgcc.fixed
                0x00000000        0x0 c:/program files (x86)/atmel/studio/7.0/toolchain/avr8/avr8-gnu-toolchain/bin/../lib/gcc/avr/4.9.2/avr5\libgcc.a(_umulhisi3.o)
 .text          0x00000000        0x0 c:/program files (x86)/atmel/studio/7.0/toolchain/avr8/avr8-gnu-toolchain/bin/../lib/gcc/avr/4.9.2/avr5\libgcc.a(_usmulhisi3.o)
 .data          0x00000000        0x0 c:/program files (x86)/atmel/studio/7.0/toolchain/avr8/avr8-gnu-toolchain/bin/../lib/gcc/avr/4.9.2/avr5\libgcc.a(_usmulhisi3.o)
 .bss           0x00000000        0x0 c:/program files (x86)/atmel/studio/7.0/toolchain/avr8/avr8-gnu-toolchain/bin/../lib/gcc/avr/4.9.2/avr5\libgcc.a(_usmulhisi3.o)
 .text.libgcc.div
                0x00000000        0x0 c:/program files (x86)/atmel/studio/7.0/toolchain/avr8/avr8-gnu-toolchain/bin/../lib/gcc/avr/4.9.2/avr5\libgcc.a(_usmulhisi3.o)
 .text.libgcc   0x00000000        0x0 c:/program files (x86)/atmel/studio/7.0/toolchain/avr8/avr8-gnu-toolchain/bin/../lib/gcc/avr/4.9.2/avr5\libgcc.a(_usmulhisi3.o)
 .text.libgcc.prologue
                0x00000000        0x0 c:/program files (x86)/atmel/studio/7.0/toolchain/avr8/avr8-gnu-toolchain/bin/../lib/gcc/avr/4.9.2/avr5\libgcc.a(_usmulhisi3.o)
 .text.libgcc.builtins
                0x00000000        0x0 c:/program files (x86)/atmel/studio/7.0/toolchain/avr8/avr8-gnu-toolchain/bin/../lib/gcc/avr/4.9.2/avr5\libgcc.a(_usmulhisi3.o)
 .text.libgcc.fmul
                0x00000000        0x0 c:/program files (x86)/atmel/studio/7.0/toolchain/avr8/avr8-gnu-toolchain/bin/../lib/gcc/avr/4.9.2/avr5\libgcc.a(_usmulhisi3.o)
 .text.libgcc.fixed
                0x00000000        0x0 c:/program files (x86)/atmel/studio/7.0/toolchain/avr8/avr8-gnu-toolchain/bin/../lib/gcc/avr/4.9.2/avr5\libgcc.a(_usmulhisi3.o)
 .text          0x00000000        0x0 c:/program files (x86)/atmel/studio/7.0/toolchain/avr8/avr8-gnu-toolchain/bin/../lib/gcc/avr/4.9.2/../../../../avr/lib/avr5\libc.a(iob.o)
 .data          0x00000000        0x0 c:/program files (x86)/atmel/studio/7.0/toolchain/avr8/avr8-gnu-toolchain/bin/../lib/gcc/avr/4.9.2/../../../../avr/lib/avr5\libc.a(iob.o)
 .bss           0x00000000        0x0 c:/program files (x86)/atmel/studio/7.0/toolchain/avr8/avr8-gnu-toolchain/bin/../lib/gcc/avr/4.9.2/../../../../avr/lib/avr5\libc.a(iob.o)
 .text          0x00000000        0x0 c:/program files (x86)/atmel/studio/7.0/toolchain/avr8/avr8-gnu-toolchain/bin/../lib/gcc/avr/4.9.2/../../../../avr/lib/avr5\libc.a(puts.o)
 .data          0x00000000        0x0 c:/program files (x86)/atmel/studio/7.0/toolchain/avr8/avr8-gnu-toolchain/bin/../lib/gcc/avr/4.9.2/../../../../avr/lib/avr5\libc.a(puts.o)
 .bss           0x00000000        0x0 c:/program files (x86)/atmel/studio/7.0/toolchain/avr8/avr8-gnu-toolchain/bin/../lib/gcc/avr/4.9.2/../../../../avr/lib/avr5\libc.a(puts.o)

Memory Configuration

Name             Origin             Length             Attributes
text             0x00000000         0x00020000         xr
data             0x00800060         0x0000ffa0         rw !x
eeprom           0x00810000         0x00010000         rw !x
fuse             0x00820000         0x00000400         rw !x
lock             0x00830000         0x00000400         rw !x
signature        0x00840000         0x00000400         rw !x
user_signatures  0x00850000         0x00000400         rw !x
*default*        0x00000000         0xffffffff

Linker script and memory map

Address of section .data set to 0x800100
LOAD C:/Program Files (x86)/Atmel/Studio/7.0/Packs/atmel/ATmega_DFP/1.0.90/gcc/dev/atmega328/avr5/crtatmega328.o
LOAD avr/i2c.o
LOAD avr/interrupt.o
LOAD avr/spi.o
LOAD avr/uart.o
LOAD hdc1050/hdc1050.o
LOAD init.o
LOAD main.o
LOAD ndh-c12832a1z/font.o
LOAD ndh-c12832a1z/graphic_lcd.o
LOAD ndh-c12832a1z/st7565r.o
LOAD nrf24l01-plus/hal_nrf_f32x_hw.o
LOAD nrf24l01-plus/hal_nrf_l01.o
LOAD nrf24l01-plus/radio.o
LOAD nrf24l01-plus/radio_pl.o
LOAD real_time_clock.o
START GROUP
LOAD c:/program files (x86)/atmel/studio/7.0/toolchain/avr8/avr8-gnu-toolchain/bin/../lib/gcc/avr/4.9.2/../../../../avr/lib/avr5\libm.a
END GROUP
START GROUP
LOAD c:/program files (x86)/atmel/studio/7.0/toolchain/avr8/avr8-gnu-toolchain/bin/../lib/gcc/avr/4.9.2/avr5\libgcc.a
LOAD c:/program files (x86)/atmel/studio/7.0/toolchain/avr8/avr8-gnu-toolchain/bin/../lib/gcc/avr/4.9.2/../../../../avr/lib/avr5\libm.a
LOAD c:/program files (x86)/atmel/studio/7.0/toolchain/avr8/avr8-gnu-toolchain/bin/../lib/gcc/avr/4.9.2/../../../../avr/lib/avr5\libc.a
LOAD C:/Program Files (x86)/Atmel/Studio/7.0/Packs/atmel/ATmega_DFP/1.0.90/gcc/dev/atmega328/avr5\libatmega328.a
END GROUP

.hash
 *(.hash)

.dynsym
 *(.dynsym)

.dynstr
 *(.dynstr)

.gnu.version
 *(.gnu.version)

.gnu.version_d
 *(.gnu.version_d)

.gnu.version_r
 *(.gnu.version_r)

.rel.init
 *(.rel.init)

.rela.init
 *(.rela.init)

.rel.text
 *(.rel.text)
 *(.rel.text.*)
 *(.rel.gnu.linkonce.t*)

.rela.text
 *(.rela.text)
 *(.rela.text.*)
 *(.rela.gnu.linkonce.t*)

.rel.fini
 *(.rel.fini)

.rela.fini
 *(.rela.fini)

.rel.rodata
 *(.rel.rodata)
 *(.rel.rodata.*)
 *(.rel.gnu.linkonce.r*)

.rela.rodata
 *(.rela.rodata)
 *(.rela.rodata.*)
 *(.rela.gnu.linkonce.r*)

.rel.data
 *(.rel.data)
 *(.rel.data.*)
 *(.rel.gnu.linkonce.d*)

.rela.data
 *(.rela.data)
 *(.rela.data.*)
 *(.rela.gnu.linkonce.d*)

.rel.ctors
 *(.rel.ctors)

.rela.ctors
 *(.rela.ctors)

.rel.dtors
 *(.rel.dtors)

.rela.dtors
 *(.rela.dtors)

.rel.got
 *(.rel.got)

.rela.got
 *(.rela.got)

.rel.bss
 *(.rel.bss)

.rela.bss
 *(.rela.bss)

.rel.plt
 *(.rel.plt)

.rela.plt
 *(.rela.plt)

.text           0x00000000     0x11b4
 *(.vectors)
 .vectors       0x00000000       0x68 C:/Program Files (x86)/Atmel/Studio/7.0/Packs/atmel/ATmega_DFP/1.0.90/gcc/dev/atmega328/avr5/crtatmega328.o
                0x00000000                __vector_default
                0x00000000                __vectors
 *(.vectors)
 *(.progmem.gcc*)
                0x00000068                . = ALIGN (0x2)
                0x00000068                __trampolines_start = .
 *(.trampolines)
 .trampolines   0x00000068        0x0 linker stubs
 *(.trampolines*)
                0x00000068                __trampolines_end = .
 *(.progmem*)
                0x00000068                . = ALIGN (0x2)
 *(.jumptables)
 *(.jumptables*)
 *(.lowtext)
 *(.lowtext*)
                0x00000068                __ctors_start = .
 *(.ctors)
                0x00000068                __ctors_end = .
                0x00000068                __dtors_start = .
 *(.dtors)
                0x00000068                __dtors_end = .
 SORT(*)(.ctors)
 SORT(*)(.dtors)
 *(.init0)
 .init0         0x00000068        0x0 C:/Program Files (x86)/Atmel/Studio/7.0/Packs/atmel/ATmega_DFP/1.0.90/gcc/dev/atmega328/avr5/crtatmega328.o
                0x00000068                __init
 *(.init0)
 *(.init1)
 *(.init1)
 *(.init2)
 .init2         0x00000068        0xc C:/Program Files (x86)/Atmel/Studio/7.0/Packs/atmel/ATmega_DFP/1.0.90/gcc/dev/atmega328/avr5/crtatmega328.o
 *(.init2)
 *(.init3)
 *(.init3)
 *(.init4)
 .init4         0x00000074       0x16 c:/program files (x86)/atmel/studio/7.0/toolchain/avr8/avr8-gnu-toolchain/bin/../lib/gcc/avr/4.9.2/avr5\libgcc.a(_copy_data.o)
                0x00000074                __do_copy_data
 .init4         0x0000008a       0x10 c:/program files (x86)/atmel/studio/7.0/toolchain/avr8/avr8-gnu-toolchain/bin/../lib/gcc/avr/4.9.2/avr5\libgcc.a(_clear_bss.o)
                0x0000008a                __do_clear_bss
 *(.init4)
 *(.init5)
 *(.init5)
 *(.init6)
 *(.init6)
 *(.init7)
 *(.init7)
 *(.init8)
 *(.init8)
 *(.init9)
 .init9         0x0000009a        0x8 C:/Program Files (x86)/Atmel/Studio/7.0/Packs/atmel/ATmega_DFP/1.0.90/gcc/dev/atmega328/avr5/crtatmega328.o
 *(.init9)
 *(.text)
 .text          0x000000a2        0x4 C:/Program Files (x86)/Atmel/Studio/7.0/Packs/atmel/ATmega_DFP/1.0.90/gcc/dev/atmega328/avr5/crtatmega328.o
                0x000000a2                __vector_22
                0x000000a2                __vector_1
                0x000000a2                __vector_24
                0x000000a2                __vector_12
                0x000000a2                __bad_interrupt
                0x000000a2                __vector_6
                0x000000a2                __vector_23
                0x000000a2                __vector_25
                0x000000a2                __vector_11
                0x000000a2                __vector_13
                0x000000a2                __vector_17
                0x000000a2                __vector_19
                0x000000a2                __vector_7
                0x000000a2                __vector_5
                0x000000a2                __vector_4
                0x000000a2                __vector_2
                0x000000a2                __vector_21
                0x000000a2                __vector_15
                0x000000a2                __vector_8
                0x000000a2                __vector_14
                0x000000a2                __vector_10
                0x000000a2                __vector_16
                0x000000a2                __vector_18
                0x000000a2                __vector_20
                0x000000a6                . = ALIGN (0x2)
 *(.text.*)
 .text.i2c_start
                0x000000a6       0x50 avr/i2c.o
 .text.i2c_write
                0x000000f6       0x2a avr/i2c.o
 .text.i2c_init
                0x00000120        0xc avr/i2c.o
                0x00000120                i2c_init
 .text.i2c_write_reg
                0x0000012c       0x80 avr/i2c.o
                0x0000012c                i2c_write_reg
 .text.i2c_read_reg
                0x000001ac       0xb4 avr/i2c.o
                0x000001ac                i2c_read_reg
 .text.i2c_read_reg_10ms_delay
                0x00000260       0xc4 avr/i2c.o
                0x00000260                i2c_read_reg_10ms_delay
 .text.init_interrupts
                0x00000324       0x1a avr/interrupt.o
                0x00000324                init_interrupts
 .text.spi_init
                0x0000033e        0xe avr/spi.o
                0x0000033e                spi_init
 .text.spi_mode0
                0x0000034c        0xa avr/spi.o
                0x0000034c                spi_mode0
 .text.spi_transmit
                0x00000356       0x18 avr/spi.o
                0x00000356                spi_transmit
 .text.uart_init
                0x0000036e       0x26 avr/uart.o
                0x0000036e                uart_init
 .text.uart_putchar
                0x00000394       0x20 avr/uart.o
                0x00000394                uart_putchar
 .text.uart_getchar
                0x000003b4       0x10 avr/uart.o
                0x000003b4                uart_getchar
 .text.init_hdc1050
                0x000003c4       0x68 hdc1050/hdc1050.o
                0x000003c4                init_hdc1050
 .text.hdc1050_read_temperature
                0x0000042c       0xb2 hdc1050/hdc1050.o
                0x0000042c                hdc1050_read_temperature
 .text.hdc1050_read_humidity
                0x000004de       0x70 hdc1050/hdc1050.o
                0x000004de                hdc1050_read_humidity
 .text.init_hardware
                0x0000054e       0x82 init.o
                0x0000054e                init_hardware
 .text.main     0x000005d0      0x13c main.o
                0x000005d0                main
 .text.hal_nrf_rw
                0x0000070c       0x22 nrf24l01-plus/hal_nrf_f32x_hw.o
                0x0000070c                hal_nrf_rw
 .text.hal_nrf_read_rx_pl_w
                0x0000072e       0x12 nrf24l01-plus/hal_nrf_l01.o
                0x0000072e                hal_nrf_read_rx_pl_w
 .text.hal_nrf_lock_unlock
                0x00000740       0x12 nrf24l01-plus/hal_nrf_l01.o
                0x00000740                hal_nrf_lock_unlock
 .text.hal_nrf_read_reg
                0x00000752       0x10 nrf24l01-plus/hal_nrf_l01.o
                0x00000752                hal_nrf_read_reg
 .text.hal_nrf_get_address_width
                0x00000762        0xa nrf24l01-plus/hal_nrf_l01.o
                0x00000762                hal_nrf_get_address_width
 .text.hal_nrf_write_reg
                0x0000076c       0x46 nrf24l01-plus/hal_nrf_l01.o
                0x0000076c                hal_nrf_write_reg
 .text.hal_nrf_get_clear_irq_flags
                0x000007b2        0xc nrf24l01-plus/hal_nrf_l01.o
                0x000007b2                hal_nrf_get_clear_irq_flags
 .text.hal_nrf_set_crc_mode
                0x000007be       0x1e nrf24l01-plus/hal_nrf_l01.o
                0x000007be                hal_nrf_set_crc_mode
 .text.hal_nrf_open_pipe
                0x000007dc       0x86 nrf24l01-plus/hal_nrf_l01.o
                0x000007dc                hal_nrf_open_pipe
 .text.hal_nrf_close_pipe
                0x00000862       0x56 nrf24l01-plus/hal_nrf_l01.o
                0x00000862                hal_nrf_close_pipe
 .text.hal_nrf_set_auto_retr
                0x000008b8       0x36 nrf24l01-plus/hal_nrf_l01.o
                0x000008b8                hal_nrf_set_auto_retr
 .text.hal_nrf_set_address_width
                0x000008ee        0xc nrf24l01-plus/hal_nrf_l01.o
                0x000008ee                hal_nrf_set_address_width
 .text.hal_nrf_set_rx_pload_width
                0x000008fa        0x8 nrf24l01-plus/hal_nrf_l01.o
                0x000008fa                hal_nrf_set_rx_pload_width
 .text.hal_nrf_set_operation_mode
                0x00000902       0x28 nrf24l01-plus/hal_nrf_l01.o
                0x00000902                hal_nrf_set_operation_mode
 .text.hal_nrf_set_power_mode
                0x0000092a       0x28 nrf24l01-plus/hal_nrf_l01.o
                0x0000092a                hal_nrf_set_power_mode
 .text.hal_nrf_set_rf_channel
                0x00000952        0xa nrf24l01-plus/hal_nrf_l01.o
                0x00000952                hal_nrf_set_rf_channel
 .text.hal_nrf_setup_dyn_pl
                0x0000095c        0xc nrf24l01-plus/hal_nrf_l01.o
                0x0000095c                hal_nrf_setup_dyn_pl
 .text.hal_nrf_enable_dynamic_pl
                0x00000968       0x12 nrf24l01-plus/hal_nrf_l01.o
                0x00000968                hal_nrf_enable_dynamic_pl
 .text.hal_nrf_enable_ack_pl
                0x0000097a       0x12 nrf24l01-plus/hal_nrf_l01.o
                0x0000097a                hal_nrf_enable_ack_pl
 .text.hal_nrf_flush_tx
                0x0000098c        0xa nrf24l01-plus/hal_nrf_l01.o
                0x0000098c                hal_nrf_flush_tx
 .text.hal_nrf_nop
                0x00000996        0xa nrf24l01-plus/hal_nrf_l01.o
                0x00000996                hal_nrf_nop
 .text.hal_nrf_get_rx_data_source
                0x000009a0        0xa nrf24l01-plus/hal_nrf_l01.o
                0x000009a0                hal_nrf_get_rx_data_source
 .text.hal_nrf_rx_fifo_empty
                0x000009aa       0x10 nrf24l01-plus/hal_nrf_l01.o
                0x000009aa                hal_nrf_rx_fifo_empty
 .text.hal_nrf_set_pll_mode
                0x000009ba       0x28 nrf24l01-plus/hal_nrf_l01.o
                0x000009ba                hal_nrf_set_pll_mode
 .text.hal_nrf_read_multibyte_reg
                0x000009e2       0xa0 nrf24l01-plus/hal_nrf_l01.o
                0x000009e2                hal_nrf_read_multibyte_reg
 .text.hal_nrf_read_rx_pload
                0x00000a82        0xa nrf24l01-plus/hal_nrf_l01.o
                0x00000a82                hal_nrf_read_rx_pload
 .text.hal_nrf_write_multibyte_reg
                0x00000a8c       0x72 nrf24l01-plus/hal_nrf_l01.o
                0x00000a8c                hal_nrf_write_multibyte_reg
 .text.hal_nrf_set_address
                0x00000afe       0x22 nrf24l01-plus/hal_nrf_l01.o
                0x00000afe                hal_nrf_set_address
 .text.hal_nrf_write_tx_pload
                0x00000b20        0xc nrf24l01-plus/hal_nrf_l01.o
                0x00000b20                hal_nrf_write_tx_pload
 .text.__vector_3
                0x00000b2c       0x56 nrf24l01-plus/radio.o
                0x00000b2c                __vector_3
 .text.radio_send_packet
                0x00000b82       0x18 nrf24l01-plus/radio.o
                0x00000b82                radio_send_packet
 .text.radio_get_status
                0x00000b9a        0x6 nrf24l01-plus/radio.o
                0x00000b9a                radio_get_status
 .text.radio_get_pload_byte
                0x00000ba0        0xc nrf24l01-plus/radio.o
                0x00000ba0                radio_get_pload_byte
 .text.radio_set_status
                0x00000bac        0x6 nrf24l01-plus/radio.o
                0x00000bac                radio_set_status
 .text.radio_irq
                0x00000bb2       0x66 nrf24l01-plus/radio.o
                0x00000bb2                radio_irq
 .text.radio_pl_init
                0x00000c18       0xa8 nrf24l01-plus/radio_pl.o
                0x00000c18                radio_pl_init
 .text.__vector_9
                0x00000cc0       0x52 real_time_clock.o
                0x00000cc0                __vector_9
 .text.avr-libc.fplib
                0x00000d12        0xe c:/program files (x86)/atmel/studio/7.0/toolchain/avr8/avr8-gnu-toolchain/bin/../lib/gcc/avr/4.9.2/../../../../avr/lib/avr5\libm.a(addsf3.o)
                0x00000d12                __subsf3
                0x00000d14                __addsf3
 .text.avr-libc.fplib
                0x00000d20       0xcc c:/program files (x86)/atmel/studio/7.0/toolchain/avr8/avr8-gnu-toolchain/bin/../lib/gcc/avr/4.9.2/../../../../avr/lib/avr5\libm.a(addsf3x.o)
                0x00000d42                __addsf3x
 .text.avr-libc.fplib
                0x00000dec        0x8 c:/program files (x86)/atmel/studio/7.0/toolchain/avr8/avr8-gnu-toolchain/bin/../lib/gcc/avr/4.9.2/../../../../avr/lib/avr5\libm.a(divsf3.o)
                0x00000dec                __divsf3
 .text.avr-libc.fplib
                0x00000df4       0xdc c:/program files (x86)/atmel/studio/7.0/toolchain/avr8/avr8-gnu-toolchain/bin/../lib/gcc/avr/4.9.2/../../../../avr/lib/avr5\libm.a(divsf3x.o)
                0x00000e14                __divsf3x
                0x00000e1a                __divsf3_pse
 .text.avr-libc.fplib
                0x00000ed0       0x5e c:/program files (x86)/atmel/studio/7.0/toolchain/avr8/avr8-gnu-toolchain/bin/../lib/gcc/avr/4.9.2/../../../../avr/lib/avr5\libm.a(fixunssfsi.o)
                0x00000ed0                __fixunssfsi
 .text.avr-libc.fplib
                0x00000f2e       0x7a c:/program files (x86)/atmel/studio/7.0/toolchain/avr8/avr8-gnu-toolchain/bin/../lib/gcc/avr/4.9.2/../../../../avr/lib/avr5\libm.a(floatsisf.o)
                0x00000f2e                __floatunsisf
                0x00000f32                __floatsisf
 .text.avr-libc.fplib
                0x00000fa8        0xc c:/program files (x86)/atmel/studio/7.0/toolchain/avr8/avr8-gnu-toolchain/bin/../lib/gcc/avr/4.9.2/../../../../avr/lib/avr5\libm.a(fp_inf.o)
                0x00000fa8                __fp_inf
 .text.avr-libc.fplib
                0x00000fb4        0x6 c:/program files (x86)/atmel/studio/7.0/toolchain/avr8/avr8-gnu-toolchain/bin/../lib/gcc/avr/4.9.2/../../../../avr/lib/avr5\libm.a(fp_nan.o)
                0x00000fb4                __fp_nan
 .text.avr-libc.fplib
                0x00000fba        0xe c:/program files (x86)/atmel/studio/7.0/toolchain/avr8/avr8-gnu-toolchain/bin/../lib/gcc/avr/4.9.2/../../../../avr/lib/avr5\libm.a(fp_pscA.o)
                0x00000fba                __fp_pscA
 .text.avr-libc.fplib
                0x00000fc8        0xe c:/program files (x86)/atmel/studio/7.0/toolchain/avr8/avr8-gnu-toolchain/bin/../lib/gcc/avr/4.9.2/../../../../avr/lib/avr5\libm.a(fp_pscB.o)
                0x00000fc8                __fp_pscB
 .text.avr-libc.fplib
                0x00000fd6       0x22 c:/program files (x86)/atmel/studio/7.0/toolchain/avr8/avr8-gnu-toolchain/bin/../lib/gcc/avr/4.9.2/../../../../avr/lib/avr5\libm.a(fp_round.o)
                0x00000fd6                __fp_round
 .text.avr-libc.fplib
                0x00000ff8       0x44 c:/program files (x86)/atmel/studio/7.0/toolchain/avr8/avr8-gnu-toolchain/bin/../lib/gcc/avr/4.9.2/../../../../avr/lib/avr5\libm.a(fp_split3.o)
                0x00000ff8                __fp_split3
                0x00001008                __fp_splitA
 .text.avr-libc.fplib
                0x0000103c        0xe c:/program files (x86)/atmel/studio/7.0/toolchain/avr8/avr8-gnu-toolchain/bin/../lib/gcc/avr/4.9.2/../../../../avr/lib/avr5\libm.a(fp_zero.o)
                0x0000103c                __fp_zero
                0x0000103e                __fp_szero
 .text.avr-libc.fplib
                0x0000104a        0x8 c:/program files (x86)/atmel/studio/7.0/toolchain/avr8/avr8-gnu-toolchain/bin/../lib/gcc/avr/4.9.2/../../../../avr/lib/avr5\libm.a(mulsf3.o)
                0x0000104a                __mulsf3
 .text.avr-libc.fplib
                0x00001052       0xd2 c:/program files (x86)/atmel/studio/7.0/toolchain/avr8/avr8-gnu-toolchain/bin/../lib/gcc/avr/4.9.2/../../../../avr/lib/avr5\libm.a(mulsf3x.o)
                0x00001070                __mulsf3x
                0x00001076                __mulsf3_pse
 .text.libgcc.mul
                0x00001124       0x1e c:/program files (x86)/atmel/studio/7.0/toolchain/avr8/avr8-gnu-toolchain/bin/../lib/gcc/avr/4.9.2/avr5\libgcc.a(_umulhisi3.o)
                0x00001124                __umulhisi3
 .text.libgcc.mul
                0x00001142        0xe c:/program files (x86)/atmel/studio/7.0/toolchain/avr8/avr8-gnu-toolchain/bin/../lib/gcc/avr/4.9.2/avr5\libgcc.a(_usmulhisi3.o)
                0x00001142                __usmulhisi3
                0x00001146                __usmulhisi3_tail
 .text.avr-libc
                0x00001150       0x60 c:/program files (x86)/atmel/studio/7.0/toolchain/avr8/avr8-gnu-toolchain/bin/../lib/gcc/avr/4.9.2/../../../../avr/lib/avr5\libc.a(puts.o)
                0x00001150                puts
                0x000011b0                . = ALIGN (0x2)
 *(.fini9)
 .fini9         0x000011b0        0x0 c:/program files (x86)/atmel/studio/7.0/toolchain/avr8/avr8-gnu-toolchain/bin/../lib/gcc/avr/4.9.2/avr5\libgcc.a(_exit.o)
                0x000011b0                _exit
                0x000011b0                exit
 *(.fini9)
 *(.fini8)
 *(.fini8)
 *(.fini7)
 *(.fini7)
 *(.fini6)
 *(.fini6)
 *(.fini5)
 *(.fini5)
 *(.fini4)
 *(.fini4)
 *(.fini3)
 *(.fini3)
 *(.fini2)
 *(.fini2)
 *(.fini1)
 *(.fini1)
 *(.fini0)
 .fini0         0x000011b0        0x4 c:/program files (x86)/atmel/studio/7.0/toolchain/avr8/avr8-gnu-toolchain/bin/../lib/gcc/avr/4.9.2/avr5\libgcc.a(_exit.o)
 *(.fini0)
                0x000011b4                _etext = .

.data           0x00800100       0x46 load address 0x000011b4
                0x00800100                PROVIDE (__data_start, .)
 *(.data)
 *(.data*)
 .data.uart_input
                0x00800100        0xe init.o
                0x00800100                uart_input
 .data.uart_output
                0x0080010e        0xe init.o
                0x0080010e                uart_output
 *(.rodata)
 .rodata        0x0080011c        0x5 main.o
 *(.rodata*)
 .rodata.str1.1
                0x00800121       0x10 main.o
 .rodata.str1.1
                0x00800131        0xa nrf24l01-plus/radio.o
 .rodata.str1.1
                0x0080013b        0xb real_time_clock.o
 *(.gnu.linkonce.d*)
                0x00800146                . = ALIGN (0x2)
                0x00800146                _edata = .
                0x00800146                PROVIDE (__data_end, .)

.bss            0x00800146       0x1d
                0x00800146                PROVIDE (__bss_start, .)
 *(.bss)
 *(.bss*)
 .bss.status    0x00800146        0x1 nrf24l01-plus/radio.o
 .bss.pload     0x00800147        0xa nrf24l01-plus/radio.o
 .bss.active_radio_interrupt
                0x00800151        0x1 nrf24l01-plus/radio.o
 .bss.second_tick
                0x00800152        0x1 real_time_clock.o
                0x00800152                second_tick
 *(COMMON)
 COMMON         0x00800153        0xa main.o
                0x00800153                pload_pl
 COMMON         0x0080015d        0x6 c:/program files (x86)/atmel/studio/7.0/toolchain/avr8/avr8-gnu-toolchain/bin/../lib/gcc/avr/4.9.2/../../../../avr/lib/avr5\libc.a(iob.o)
                0x0080015d                __iob
                0x00800163                PROVIDE (__bss_end, .)
                0x000011b4                __data_load_start = LOADADDR (.data)
                0x000011fa                __data_load_end = (__data_load_start + SIZEOF (.data))

.noinit         0x00800163        0x0
                0x00800163                PROVIDE (__noinit_start, .)
 *(.noinit*)
                0x00800163                PROVIDE (__noinit_end, .)
                0x00800163                _end = .
                0x00800163                PROVIDE (__heap_start, .)

.eeprom         0x00810000        0x0
 *(.eeprom*)
                0x00810000                __eeprom_end = .

.fuse
 *(.fuse)
 *(.lfuse)
 *(.hfuse)
 *(.efuse)

.lock
 *(.lock*)

.signature
 *(.signature*)

.user_signatures
 *(.user_signatures*)

.stab
 *(.stab)

.stabstr
 *(.stabstr)

.stab.excl
 *(.stab.excl)

.stab.exclstr
 *(.stab.exclstr)

.stab.index
 *(.stab.index)

.stab.indexstr
 *(.stab.indexstr)

.comment        0x00000000       0x30
 *(.comment)
 .comment       0x00000000       0x30 avr/i2c.o
                                 0x31 (size before relaxing)
 .comment       0x00000030       0x31 avr/interrupt.o
 .comment       0x00000030       0x31 avr/spi.o
 .comment       0x00000030       0x31 avr/uart.o
 .comment       0x00000030       0x31 hdc1050/hdc1050.o
 .comment       0x00000030       0x31 init.o
 .comment       0x00000030       0x31 main.o
 .comment       0x00000030       0x31 nrf24l01-plus/hal_nrf_f32x_hw.o
 .comment       0x00000030       0x31 nrf24l01-plus/hal_nrf_l01.o
 .comment       0x00000030       0x31 nrf24l01-plus/radio.o
 .comment       0x00000030       0x31 nrf24l01-plus/radio_pl.o
 .comment       0x00000030       0x31 real_time_clock.o
 .comment       0x00000030       0x31 c:/program files (x86)/atmel/studio/7.0/toolchain/avr8/avr8-gnu-toolchain/bin/../lib/gcc/avr/4.9.2/../../../../avr/lib/avr5\libc.a(iob.o)
 .comment       0x00000030       0x31 c:/program files (x86)/atmel/studio/7.0/toolchain/avr8/avr8-gnu-toolchain/bin/../lib/gcc/avr/4.9.2/../../../../avr/lib/avr5\libc.a(puts.o)

.note.gnu.avr.deviceinfo
                0x00000000       0x3c
 .note.gnu.avr.deviceinfo
                0x00000000       0x3c C:/Program Files (x86)/Atmel/Studio/7.0/Packs/atmel/ATmega_DFP/1.0.90/gcc/dev/atmega328/avr5/crtatmega328.o

.note.gnu.build-id
 *(.note.gnu.build-id)

.debug
 *(.debug)

.line
 *(.line)

.debug_srcinfo
 *(.debug_srcinfo)

.debug_sfnames
 *(.debug_sfnames)

.debug_aranges  0x00000000      0x400
 *(.debug_aranges)
 .debug_aranges
                0x00000000       0x48 avr/i2c.o
 .debug_aranges
                0x00000048       0x20 avr/interrupt.o
 .debug_aranges
                0x00000068       0x38 avr/spi.o
 .debug_aranges
                0x000000a0       0x30 avr/uart.o
 .debug_aranges
                0x000000d0       0x30 hdc1050/hdc1050.o
 .debug_aranges
                0x00000100       0x20 init.o
 .debug_aranges
                0x00000120       0x20 main.o
 .debug_aranges
                0x00000140       0x20 nrf24l01-plus/hal_nrf_f32x_hw.o
 .debug_aranges
                0x00000160      0x218 nrf24l01-plus/hal_nrf_l01.o
 .debug_aranges
                0x00000378       0x48 nrf24l01-plus/radio.o
 .debug_aranges
                0x000003c0       0x20 nrf24l01-plus/radio_pl.o
 .debug_aranges
                0x000003e0       0x20 real_time_clock.o

.debug_pubnames
 *(.debug_pubnames)

.debug_info     0x00000000     0x3284
 *(.debug_info .gnu.linkonce.wi.*)
 .debug_info    0x00000000      0x409 avr/i2c.o
 .debug_info    0x00000409       0xa7 avr/interrupt.o
 .debug_info    0x000004b0       0xf6 avr/spi.o
 .debug_info    0x000005a6      0x1d6 avr/uart.o
 .debug_info    0x0000077c      0x2b2 hdc1050/hdc1050.o
 .debug_info    0x00000a2e      0x28a init.o
 .debug_info    0x00000cb8      0x5af main.o
 .debug_info    0x00001267       0xf7 nrf24l01-plus/hal_nrf_f32x_hw.o
 .debug_info    0x0000135e     0x1500 nrf24l01-plus/hal_nrf_l01.o
 .debug_info    0x0000285e      0x43e nrf24l01-plus/radio.o
 .debug_info    0x00002c9c      0x50a nrf24l01-plus/radio_pl.o
 .debug_info    0x000031a6       0xde real_time_clock.o

.debug_abbrev   0x00000000      0xfb7
 *(.debug_abbrev)
 .debug_abbrev  0x00000000      0x1c2 avr/i2c.o
 .debug_abbrev  0x000001c2       0x71 avr/interrupt.o
 .debug_abbrev  0x00000233       0x87 avr/spi.o
 .debug_abbrev  0x000002ba      0x129 avr/uart.o
 .debug_abbrev  0x000003e3      0x131 hdc1050/hdc1050.o
 .debug_abbrev  0x00000514      0x181 init.o
 .debug_abbrev  0x00000695      0x209 main.o
 .debug_abbrev  0x0000089e       0xcb nrf24l01-plus/hal_nrf_f32x_hw.o
 .debug_abbrev  0x00000969      0x1e2 nrf24l01-plus/hal_nrf_l01.o
 .debug_abbrev  0x00000b4b      0x246 nrf24l01-plus/radio.o
 .debug_abbrev  0x00000d91      0x185 nrf24l01-plus/radio_pl.o
 .debug_abbrev  0x00000f16       0xa1 real_time_clock.o

.debug_line     0x00000000     0x130a
 *(.debug_line .debug_line.* .debug_line_end)
 .debug_line    0x00000000      0x21b avr/i2c.o
 .debug_line    0x0000021b       0xa8 avr/interrupt.o
 .debug_line    0x000002c3       0xd7 avr/spi.o
 .debug_line    0x0000039a       0xde avr/uart.o
 .debug_line    0x00000478      0x10e hdc1050/hdc1050.o
 .debug_line    0x00000586      0x17d init.o
 .debug_line    0x00000703      0x1e9 main.o
 .debug_line    0x000008ec       0xd5 nrf24l01-plus/hal_nrf_f32x_hw.o
 .debug_line    0x000009c1      0x585 nrf24l01-plus/hal_nrf_l01.o
 .debug_line    0x00000f46      0x1bc nrf24l01-plus/radio.o
 .debug_line    0x00001102      0x162 nrf24l01-plus/radio_pl.o
 .debug_line    0x00001264       0xa6 real_time_clock.o

.debug_frame    0x00000000      0x924
 *(.debug_frame)
 .debug_frame   0x00000000       0xdc avr/i2c.o
 .debug_frame   0x000000dc       0x24 avr/interrupt.o
 .debug_frame   0x00000100       0x54 avr/spi.o
 .debug_frame   0x00000154       0x4c avr/uart.o
 .debug_frame   0x000001a0       0xbc hdc1050/hdc1050.o
 .debug_frame   0x0000025c       0x24 init.o
 .debug_frame   0x00000280       0x34 main.o
 .debug_frame   0x000002b4       0x34 nrf24l01-plus/hal_nrf_f32x_hw.o
 .debug_frame   0x000002e8      0x4e0 nrf24l01-plus/hal_nrf_l01.o
 .debug_frame   0x000007c8       0xbc nrf24l01-plus/radio.o
 .debug_frame   0x00000884       0x34 nrf24l01-plus/radio_pl.o
 .debug_frame   0x000008b8       0x6c real_time_clock.o

.debug_str      0x00000000      0xf4b
 *(.debug_str)
 .debug_str     0x00000000      0x218 avr/i2c.o
                                0x25e (size before relaxing)
 .debug_str     0x00000218       0x34 avr/interrupt.o
                                0x19d (size before relaxing)
 .debug_str     0x0000024c       0x37 avr/spi.o
                                0x1a5 (size before relaxing)
 .debug_str     0x00000283       0x5a avr/uart.o
                                0x1c9 (size before relaxing)
 .debug_str     0x000002dd      0x158 hdc1050/hdc1050.o
                                0x30e (size before relaxing)
 .debug_str     0x00000435       0x37 init.o
                                0x242 (size before relaxing)
 .debug_str     0x0000046c      0x1c7 main.o
                                0x3dd (size before relaxing)
 .debug_str     0x00000633       0x34 nrf24l01-plus/hal_nrf_f32x_hw.o
                                0x1b9 (size before relaxing)
 .debug_str     0x00000667      0x818 nrf24l01-plus/hal_nrf_l01.o
                                0xb27 (size before relaxing)
 .debug_str     0x00000e7f       0x71 nrf24l01-plus/radio.o
                                0x36f (size before relaxing)
 .debug_str     0x00000ef0       0x2d nrf24l01-plus/radio_pl.o
                                0x51c (size before relaxing)
 .debug_str     0x00000f1d       0x2e real_time_clock.o
                                0x19a (size before relaxing)

.debug_loc      0x00000000     0x1ac8
 *(.debug_loc)
 .debug_loc     0x00000000      0x57d avr/i2c.o
 .debug_loc     0x0000057d       0x28 avr/spi.o
 .debug_loc     0x000005a5       0x98 avr/uart.o
 .debug_loc     0x0000063d      0x298 hdc1050/hdc1050.o
 .debug_loc     0x000008d5      0x11c main.o
 .debug_loc     0x000009f1       0x97 nrf24l01-plus/hal_nrf_f32x_hw.o
 .debug_loc     0x00000a88      0xd54 nrf24l01-plus/hal_nrf_l01.o
 .debug_loc     0x000017dc      0x183 nrf24l01-plus/radio.o
 .debug_loc     0x0000195f       0x9e nrf24l01-plus/radio_pl.o
 .debug_loc     0x000019fd       0xcb real_time_clock.o

.debug_macinfo
 *(.debug_macinfo)

.debug_weaknames
 *(.debug_weaknames)

.debug_funcnames
 *(.debug_funcnames)

.debug_typenames
 *(.debug_typenames)

.debug_varnames
 *(.debug_varnames)

.debug_pubtypes
 *(.debug_pubtypes)

.debug_ranges   0x00000000      0x388
 *(.debug_ranges)
 .debug_ranges  0x00000000       0x80 avr/i2c.o
 .debug_ranges  0x00000080       0x10 avr/interrupt.o
 .debug_ranges  0x00000090       0x28 avr/spi.o
 .debug_ranges  0x000000b8       0x20 avr/uart.o
 .debug_ranges  0x000000d8       0x20 hdc1050/hdc1050.o
 .debug_ranges  0x000000f8       0x10 init.o
 .debug_ranges  0x00000108       0x10 main.o
 .debug_ranges  0x00000118       0x10 nrf24l01-plus/hal_nrf_f32x_hw.o
 .debug_ranges  0x00000128      0x208 nrf24l01-plus/hal_nrf_l01.o
 .debug_ranges  0x00000330       0x38 nrf24l01-plus/radio.o
 .debug_ranges  0x00000368       0x10 nrf24l01-plus/radio_pl.o
 .debug_ranges  0x00000378       0x10 real_time_clock.o

.debug_macro
 *(.debug_macro)
OUTPUT(ism_tranceiver.elf elf32-avr)
LOAD linker stubs
